BL51 BANKED LINKER/LOCATER V6.22                                                        09/22/2026  21:34:32  PAGE 1


BL51 BANKED LINKER/LOCATER V6.22, INVOKED BY:
D:\KEIL_V5\C51\BIN\BL51.EXE .\Objects\main.obj, .\Objects\Delay.obj, .\Objects\DS1302.obj, .\Objects\LCD1602.obj, .\Obje
>> cts\Timer0.obj, .\Objects\Key.obj TO .\Objects\10-2 PRINT (.\Listings\10-2.m51) RAMSIZE (256)


MEMORY MODEL: SMALL


INPUT MODULES INCLUDED:
  .\Objects\main.obj (MAIN)
  .\Objects\Delay.obj (DELAY)
  .\Objects\DS1302.obj (DS1302)
  .\Objects\LCD1602.obj (LCD1602)
  .\Objects\Timer0.obj (TIMER0)
  .\Objects\Key.obj (KEY)
  D:\KEIL_V5\C51\LIB\C51S.LIB (?C_STARTUP)
  D:\KEIL_V5\C51\LIB\C51S.LIB (?C?SCDIV)
  D:\KEIL_V5\C51\LIB\C51S.LIB (?C?CLDOPTR)
  D:\KEIL_V5\C51\LIB\C51S.LIB (?C?IMUL)
  D:\KEIL_V5\C51\LIB\C51S.LIB (?C?UIDIV)
  D:\KEIL_V5\C51\LIB\C51S.LIB (?C_INIT)


LINK MAP OF MODULE:  .\Objects\10-2 (MAIN)


            TYPE    BASE      LENGTH    RELOCATION   SEGMENT NAME
            -----------------------------------------------------

            * * * * * * *   D A T A   M E M O R Y   * * * * * * *
            REG     0000H     0008H     ABSOLUTE     "REG BANK 0"
            DATA    0008H     0009H     UNIT         _DATA_GROUP_
            DATA    0011H     0007H     UNIT         ?DT?DS1302
            DATA    0018H     0007H     UNIT         ?DT?_LCD_SHOWSIGNEDNUM?LCD1602
            DATA    001FH     0006H     UNIT         ?DT?MAIN
            DATA    0025H     0005H     UNIT         ?DT?_LCD_SHOWHEXNUM?LCD1602
            DATA    002AH     0005H     UNIT         ?DT?_LCD_SHOWBINNUM?LCD1602
            IDATA   002FH     0001H     UNIT         ?STACK

            * * * * * * *   C O D E   M E M O R Y   * * * * * * *
            CODE    0000H     0003H     ABSOLUTE     
            CODE    0003H     0005H     UNIT         ?PR?DS1302_INIT?DS1302
                    0008H     0003H                  *** GAP ***
            CODE    000BH     0003H     ABSOLUTE     
            CODE    000EH     02CAH     UNIT         ?PR?TIMESET?MAIN
            CODE    02D8H     00EAH     UNIT         ?PR?DS1302_SETTIME?DS1302
            CODE    03C2H     00B6H     UNIT         ?C?LIB_CODE
            CODE    0478H     008DH     UNIT         ?PR?DS1302_READTIME?DS1302
            CODE    0505H     008CH     UNIT         ?C_C51STARTUP
            CODE    0591H     0069H     UNIT         ?PR?TIMESHOW?MAIN
            CODE    05FAH     0061H     UNIT         ?PR?KEY?KEY
            CODE    065BH     005DH     UNIT         ?PR?_DS1302_WRITEBYTE?DS1302
            CODE    06B8H     0051H     UNIT         ?PR?MAIN?MAIN
            CODE    0709H     004EH     UNIT         ?PR?_DS1302_READBYTE?DS1302
            CODE    0757H     003AH     UNIT         ?PR?_LCD_SHOWSIGNEDNUM?LCD1602
            CODE    0791H     0039H     UNIT         ?PR?TIMER0_ROUTINE?MAIN
            CODE    07CAH     0039H     UNIT         ?PR?_LCD_SHOWHEXNUM?LCD1602
            CODE    0803H     0038H     UNIT         ?PR?_LCD_SHOWBINNUM?LCD1602
BL51 BANKED LINKER/LOCATER V6.22                                                      09/22/2026  21:34:32  PAGE 2


            CODE    083BH     0033H     UNIT         ?PR?_LCD_POW?LCD1602
            CODE    086EH     0023H     UNIT         ?PR?_LCD_SHOWSTRING?LCD1602
            CODE    0891H     001EH     UNIT         ?PR?_LCD_WRITEDATA?LCD1602
            CODE    08AFH     001DH     UNIT         ?PR?_LCD_SHOWNUM?LCD1602
            CODE    08CCH     0017H     UNIT         ?PR?TIMER0INIT?TIMER0
            CODE    08E3H     0016H     UNIT         ?PR?_DELAY?DELAY
            CODE    08F9H     0016H     UNIT         ?PR?_LCD_SETCURSOR?LCD1602
            CODE    090FH     0014H     UNIT         ?PR?LCD_INIT?LCD1602
            CODE    0923H     0011H     UNIT         ?CO?MAIN
            CODE    0934H     000FH     UNIT         ?PR?LCD_DELAY?LCD1602
            CODE    0943H     000AH     UNIT         ?C_INITSEG
            CODE    094DH     000AH     UNIT         ?PR?_LCD_WRITECOMMAND?LCD1602
            CODE    0957H     000AH     UNIT         ?PR?_LCD_SHOWCHAR?LCD1602



OVERLAY MAP OF MODULE:   .\Objects\10-2 (MAIN)


SEGMENT                                  DATA_GROUP 
  +--> CALLED SEGMENT                  START    LENGTH
------------------------------------------------------
?C_C51STARTUP                          -----    -----
  +--> ?PR?MAIN?MAIN
  +--> ?C_INITSEG

?PR?MAIN?MAIN                          -----    -----
  +--> ?PR?LCD_INIT?LCD1602
  +--> ?PR?DS1302_INIT?DS1302
  +--> ?PR?TIMER0INIT?TIMER0
  +--> ?CO?MAIN
  +--> ?PR?_LCD_SHOWSTRING?LCD1602
  +--> ?PR?DS1302_SETTIME?DS1302
  +--> ?PR?KEY?KEY
  +--> ?PR?TIMESHOW?MAIN
  +--> ?PR?TIMESET?MAIN

?PR?LCD_INIT?LCD1602                   -----    -----
  +--> ?PR?_LCD_WRITECOMMAND?LCD1602

?PR?_LCD_WRITECOMMAND?LCD1602          -----    -----
  +--> ?PR?LCD_DELAY?LCD1602

?PR?_LCD_SHOWSTRING?LCD1602            0008H    0003H
  +--> ?PR?_LCD_SETCURSOR?LCD1602
  +--> ?PR?_LCD_WRITEDATA?LCD1602

?PR?_LCD_SETCURSOR?LCD1602             -----    -----
  +--> ?PR?_LCD_WRITECOMMAND?LCD1602

?PR?_LCD_WRITEDATA?LCD1602             -----    -----
  +--> ?PR?LCD_DELAY?LCD1602

?PR?DS1302_SETTIME?DS1302              -----    -----
  +--> ?PR?_DS1302_WRITEBYTE?DS1302

?PR?_DS1302_WRITEBYTE?DS1302           0008H    0002H
BL51 BANKED LINKER/LOCATER V6.22                                                      09/22/2026  21:34:32  PAGE 3



?PR?KEY?KEY                            0008H    0001H
  +--> ?PR?_DELAY?DELAY

?PR?TIMESHOW?MAIN                      -----    -----
  +--> ?PR?DS1302_READTIME?DS1302
  +--> ?PR?_LCD_SHOWNUM?LCD1602

?PR?DS1302_READTIME?DS1302             -----    -----
  +--> ?PR?_DS1302_READBYTE?DS1302

?PR?_LCD_SHOWNUM?LCD1602               0008H    0005H
  +--> ?PR?_LCD_SETCURSOR?LCD1602
  +--> ?PR?_LCD_POW?LCD1602
  +--> ?PR?_LCD_WRITEDATA?LCD1602

?PR?_LCD_POW?LCD1602                   000DH    0004H

?PR?TIMESET?MAIN                       -----    -----
  +--> ?CO?MAIN
  +--> ?PR?_LCD_SHOWSTRING?LCD1602
  +--> ?PR?_LCD_SHOWNUM?LCD1602



SYMBOL TABLE OF MODULE:  .\Objects\10-2 (MAIN)

  VALUE           TYPE          NAME
  ----------------------------------

  -------         MODULE        MAIN
  C:0000H         SYMBOL        _ICE_DUMMY_
  C:0791H         PUBLIC        Timer0_Routine
  D:0080H         PUBLIC        P0
  D:0090H         PUBLIC        P1
  D:00A0H         PUBLIC        P2
  D:00B0H         PUBLIC        P3
  D:00E8H         PUBLIC        P4
  D:00A8H         PUBLIC        IE
  D:00B8H         PUBLIC        IP
  D:0021H         PUBLIC        TimeSetSelect
  D:0022H         PUBLIC        MODE
  C:06B8H         PUBLIC        main
  D:0098H         PUBLIC        SCON
  C:0591H         PUBLIC        TimeShow
  D:0088H         PUBLIC        TCON
  C:000EH         PUBLIC        TimeSet
  D:008CH         PUBLIC        TH0
  D:008AH         PUBLIC        TL0
  D:0023H         PUBLIC        KeyNum
  D:00C8H         PUBLIC        T2CON
  D:0024H         PUBLIC        TimeSetFl
  D:00D0H         PUBLIC        PSW
  -------         PROC          TIMESHOW
  C:0591H         LINE#         9
  C:0591H         LINE#         10
  C:0591H         LINE#         11
BL51 BANKED LINKER/LOCATER V6.22                                                      09/22/2026  21:34:32  PAGE 4


  C:0594H         LINE#         12
  C:05A5H         LINE#         13
  C:05B6H         LINE#         14
  C:05C7H         LINE#         15
  C:05D8H         LINE#         16
  C:05E9H         LINE#         17
  -------         ENDPROC       TIMESHOW
  -------         PROC          TIMESET
  C:000EH         LINE#         20
  C:000EH         LINE#         21
  C:000EH         LINE#         22
  C:0013H         LINE#         23
  C:0013H         LINE#         24
  C:0015H         LINE#         25
  C:001EH         LINE#         26
  C:001EH         LINE#         27
  C:0027H         LINE#         28
  C:0027H         LINE#         29
  C:002DH         LINE#         30
  C:0039H         LINE#         31
  C:0045H         LINE#         32
  C:006EH         LINE#         33
  C:006EH         LINE#         34
  C:0077H         LINE#         35
  C:0079H         LINE#         36
  C:0090H         LINE#         37
  C:0090H         LINE#         38
  C:0099H         LINE#         39
  C:009BH         LINE#         40
  C:00A0H         LINE#         41
  C:00A0H         LINE#         42
  C:00B8H         LINE#         43
  C:00C4H         LINE#         44
  C:00C4H         LINE#         45
  C:00D0H         LINE#         46
  C:00DCH         LINE#         47
  C:00E8H         LINE#         48
  C:00E8H         LINE#         49
  C:00F1H         LINE#         50
  C:00F1H         LINE#         51
  C:00F7H         LINE#         52
  C:0103H         LINE#         53
  C:010FH         LINE#         54
  C:0138H         LINE#         55
  C:0138H         LINE#         56
  C:0144H         LINE#         57
  C:0146H         LINE#         58
  C:015DH         LINE#         59
  C:015DH         LINE#         60
  C:0169H         LINE#         61
  C:0175H         LINE#         62
  C:0177H         LINE#         63
  C:017DH         LINE#         64
  C:017DH         LINE#         65
  C:018AH         LINE#         66
  C:018AH         LINE#         67
  C:0193H         LINE#         68
BL51 BANKED LINKER/LOCATER V6.22                                                      09/22/2026  21:34:32  PAGE 5


  C:0193H         LINE#         69
  C:0196H         LINE#         70
  C:01A1H         LINE#         71
  C:01A1H         LINE#         72
  C:01A3H         LINE#         74
  C:01A3H         LINE#         75
  C:01ACH         LINE#         76
  C:01ACH         LINE#         77
  C:01AFH         LINE#         78
  C:01BAH         LINE#         79
  C:01BAH         LINE#         80
  C:01BAH         LINE#         81
  C:01BAH         LINE#         82
  C:01C6H         LINE#         83
  C:01D2H         LINE#         84
  C:01DEH         LINE#         85
  C:01DEH         LINE#         86
  C:01F6H         LINE#         87
  C:0207H         LINE#         88
  C:0220H         LINE#         89
  C:0231H         LINE#         90
  C:024AH         LINE#         91
  C:025BH         LINE#         92
  C:0274H         LINE#         93
  C:0285H         LINE#         94
  C:029EH         LINE#         95
  C:02AFH         LINE#         96
  C:02C6H         LINE#         97
  C:02D7H         LINE#         98
  -------         ENDPROC       TIMESET
  -------         PROC          MAIN
  C:06B8H         LINE#         100
  C:06B8H         LINE#         101
  C:06B8H         LINE#         102
  C:06BBH         LINE#         103
  C:06BEH         LINE#         104
  C:06C1H         LINE#         105
  C:06CEH         LINE#         106
  C:06DBH         LINE#         107
  C:06DEH         LINE#         108
  C:06DEH         LINE#         109
  C:06E3H         LINE#         110
  C:06E8H         LINE#         111
  C:06F1H         LINE#         112
  C:06F7H         LINE#         113
  C:06F7H         LINE#         114
  C:06FFH         LINE#         115
  C:06FFH         LINE#         116
  C:0704H         LINE#         117
  -------         ENDPROC       MAIN
  -------         PROC          TIMER0_ROUTINE
  -------         DO            
  D:001FH         SYMBOL        T0Count
  -------         ENDDO         
  C:0791H         LINE#         122
  C:079AH         LINE#         125
  C:079DH         LINE#         126
BL51 BANKED LINKER/LOCATER V6.22                                                      09/22/2026  21:34:32  PAGE 6


  C:07A0H         LINE#         127
  C:07A8H         LINE#         128
  C:07B1H         LINE#         129
  C:07B7H         LINE#         130
  C:07C3H         LINE#         131
  C:07C3H         LINE#         132
  -------         ENDPROC       TIMER0_ROUTINE
  -------         ENDMOD        MAIN

  -------         MODULE        DELAY
  C:0000H         SYMBOL        _ICE_DUMMY_
  C:08E3H         PUBLIC        _Delay
  -------         PROC          _DELAY
  D:0006H         SYMBOL        xms
  -------         DO            
  D:0005H         SYMBOL        i
  D:0004H         SYMBOL        j
  -------         ENDDO         
  C:08E3H         LINE#         3
  C:08E3H         LINE#         4
  C:08E3H         LINE#         6
  C:08EDH         LINE#         7
  C:08EEH         LINE#         8
  C:08F0H         LINE#         9
  C:08F2H         LINE#         11
  C:08F2H         LINE#         12
  C:08F4H         LINE#         13
  C:08F6H         LINE#         14
  C:08F8H         LINE#         15
  -------         ENDPROC       _DELAY
  -------         ENDMOD        DELAY

  -------         MODULE        DS1302
  C:0000H         SYMBOL        _ICE_DUMMY_
  C:02D8H         PUBLIC        DS1302_SetTime
  D:0080H         PUBLIC        P0
  D:0090H         PUBLIC        P1
  D:00A0H         PUBLIC        P2
  D:00B0H         PUBLIC        P3
  D:00E8H         PUBLIC        P4
  D:00A8H         PUBLIC        IE
  D:00B8H         PUBLIC        IP
  D:0098H         PUBLIC        SCON
  D:0088H         PUBLIC        TCON
  B:00B0H.5       PUBLIC        DS1302_CE
  C:0478H         PUBLIC        DS1302_ReadTime
  D:0011H         PUBLIC        DS1302_Time
  C:0709H         PUBLIC        _DS1302_ReadByte
  C:0003H         PUBLIC        DS1302_Init
  B:00B0H.4       PUBLIC        DS1302_IO
  C:0661H         PUBLIC        _DS1302_WriteByte
  D:00C8H         PUBLIC        T2CON
  B:00B0H.6       PUBLIC        DS1302_SCLK
  D:00D0H         PUBLIC        PSW
  -------         PROC          DS1302_INIT
  C:0003H         LINE#         17
  C:0003H         LINE#         18
BL51 BANKED LINKER/LOCATER V6.22                                                      09/22/2026  21:34:32  PAGE 7


  C:0003H         LINE#         19
  C:0005H         LINE#         20
  C:0007H         LINE#         21
  -------         ENDPROC       DS1302_INIT
  -------         PROC          L?0027
  -------         ENDPROC       L?0027
  -------         PROC          _DS1302_WRITEBYTE
  D:0003H         SYMBOL        Command
  D:0008H         SYMBOL        Data
  -------         DO            
  D:0005H         SYMBOL        i
  -------         ENDDO         
  C:0661H         LINE#         23
  C:0667H         LINE#         24
  C:0667H         LINE#         26
  C:0669H         LINE#         27
  C:066BH         LINE#         28
  C:0686H         LINE#         29
  C:0688H         LINE#         30
  C:068AH         LINE#         31
  C:068EH         LINE#         32
  C:0690H         LINE#         33
  C:06ADH         LINE#         34
  C:06AFH         LINE#         35
  C:06B1H         LINE#         36
  C:06B5H         LINE#         37
  C:06B7H         LINE#         38
  -------         ENDPROC       _DS1302_WRITEBYTE
  -------         PROC          _DS1302_READBYTE
  D:0005H         SYMBOL        Command
  -------         DO            
  D:0003H         SYMBOL        i
  D:0001H         SYMBOL        Data
  -------         ENDDO         
  C:0709H         LINE#         40
  C:070BH         LINE#         41
  C:070BH         LINE#         42
  C:070DH         LINE#         43
  C:0710H         LINE#         44
  C:0712H         LINE#         45
  C:0713H         LINE#         46
  C:072EH         LINE#         47
  C:0730H         LINE#         48
  C:0732H         LINE#         49
  C:0736H         LINE#         50
  C:0738H         LINE#         51
  C:073AH         LINE#         52
  C:073CH         LINE#         53
  C:074CH         LINE#         54
  C:0750H         LINE#         55
  C:0752H         LINE#         56
  C:0754H         LINE#         57
  C:0756H         LINE#         58
  -------         ENDPROC       _DS1302_READBYTE
  -------         PROC          DS1302_SETTIME
  C:02D8H         LINE#         60
  C:02D8H         LINE#         61
BL51 BANKED LINKER/LOCATER V6.22                                                      09/22/2026  21:34:32  PAGE 8


  C:02D8H         LINE#         62
  C:02E0H         LINE#         63
  C:02F9H         LINE#         64
  C:0314H         LINE#         65
  C:0335H         LINE#         66
  C:0356H         LINE#         67
  C:0377H         LINE#         68
  C:0398H         LINE#         69
  C:03B9H         LINE#         70
  -------         ENDPROC       DS1302_SETTIME
  -------         PROC          DS1302_READTIME
  -------         DO            
  D:0007H         SYMBOL        Temp
  -------         ENDDO         
  C:0478H         LINE#         73
  C:0478H         LINE#         74
  C:0478H         LINE#         76
  C:047DH         LINE#         77
  C:048CH         LINE#         78
  C:0491H         LINE#         79
  C:04A0H         LINE#         80
  C:04A5H         LINE#         81
  C:04B4H         LINE#         82
  C:04B9H         LINE#         83
  C:04C8H         LINE#         84
  C:04CDH         LINE#         85
  C:04DCH         LINE#         86
  C:04E1H         LINE#         87
  C:04F0H         LINE#         88
  C:04F5H         LINE#         89
  C:0504H         LINE#         90
  -------         ENDPROC       DS1302_READTIME
  -------         ENDMOD        DS1302

  -------         MODULE        LCD1602
  C:0000H         SYMBOL        _ICE_DUMMY_
  D:0080H         PUBLIC        P0
  D:0090H         PUBLIC        P1
  D:00A0H         PUBLIC        P2
  D:00B0H         PUBLIC        P3
  D:00E8H         PUBLIC        P4
  C:094DH         PUBLIC        _LCD_WriteCommand
  C:08AFH         PUBLIC        _LCD_ShowNum
  D:00A8H         PUBLIC        IE
  D:00B8H         PUBLIC        IP
  C:0803H         PUBLIC        _LCD_ShowBinNum
  C:093AH         PUBLIC        LCD_Delay
  C:07CAH         PUBLIC        _LCD_ShowHexNum
  D:0098H         PUBLIC        SCON
  D:0088H         PUBLIC        TCON
  C:08A5H         PUBLIC        _LCD_WriteData
  B:00A0H.7       PUBLIC        LCD_EN
  C:090FH         PUBLIC        LCD_Init
  C:086EH         PUBLIC        _LCD_ShowString
  C:0957H         PUBLIC        _LCD_ShowChar
  B:00A0H.6       PUBLIC        LCD_RS
  B:00A0H.5       PUBLIC        LCD_RW
BL51 BANKED LINKER/LOCATER V6.22                                                      09/22/2026  21:34:32  PAGE 9


  C:08F9H         PUBLIC        _LCD_SetCursor
  D:00C8H         PUBLIC        T2CON
  C:0757H         PUBLIC        _LCD_ShowSignedNum
  C:0847H         PUBLIC        _LCD_Pow
  D:00D0H         PUBLIC        PSW
  -------         PROC          L?0048
  -------         ENDPROC       L?0048
  -------         PROC          LCD_DELAY
  -------         DO            
  D:0007H         SYMBOL        i
  D:0006H         SYMBOL        j
  -------         ENDDO         
  C:093AH         LINE#         15
  C:093AH         LINE#         16
  C:093AH         LINE#         19
  C:093CH         LINE#         20
  C:093EH         LINE#         22
  C:093EH         LINE#         23
  C:0940H         LINE#         24
  C:0942H         LINE#         25
  -------         ENDPROC       LCD_DELAY
  -------         PROC          _LCD_WRITECOMMAND
  D:0007H         SYMBOL        Command
  C:094DH         LINE#         32
  C:094DH         LINE#         33
  C:094DH         LINE#         34
  C:094FH         LINE#         35
  C:094FH         LINE#         36
  C:094FH         LINE#         37
  C:094FH         LINE#         38
  C:0952H         LINE#         39
  C:0954H         LINE#         40
  -------         ENDPROC       _LCD_WRITECOMMAND
  -------         PROC          L?0047
  -------         ENDPROC       L?0047
  -------         PROC          _LCD_WRITEDATA
  D:0007H         SYMBOL        Data
  C:08A5H         LINE#         48
  C:08A5H         LINE#         49
  C:08A5H         LINE#         50
  C:08A7H         LINE#         51
  C:08A7H         LINE#         52
  C:08A7H         LINE#         53
  C:08A7H         LINE#         54
  C:08AAH         LINE#         55
  C:08ACH         LINE#         56
  -------         ENDPROC       _LCD_WRITEDATA
  -------         PROC          _LCD_SETCURSOR
  D:0006H         SYMBOL        Line
  D:0005H         SYMBOL        Column
  C:08F9H         LINE#         65
  C:08FBH         LINE#         66
  C:08FBH         LINE#         67
  C:08FEH         LINE#         68
  C:08FEH         LINE#         69
  C:0900H         LINE#         70
  C:0902H         LINE#         71
BL51 BANKED LINKER/LOCATER V6.22                                                      09/22/2026  21:34:32  PAGE 10


  C:0905H         LINE#         72
  C:0905H         LINE#         73
  C:090EH         LINE#         74
  C:090EH         LINE#         75
  -------         ENDPROC       _LCD_SETCURSOR
  -------         PROC          LCD_INIT
  C:090FH         LINE#         82
  C:090FH         LINE#         83
  C:090FH         LINE#         84
  C:0914H         LINE#         85
  C:0919H         LINE#         86
  C:091EH         LINE#         87
  -------         ENDPROC       LCD_INIT
  -------         PROC          _LCD_SHOWCHAR
  D:0006H         SYMBOL        Line
  D:0005H         SYMBOL        Column
  D:0004H         SYMBOL        Char
  C:0957H         LINE#         97
  C:0959H         LINE#         98
  C:0959H         LINE#         99
  C:095CH         LINE#         100
  -------         ENDPROC       _LCD_SHOWCHAR
  -------         PROC          _LCD_SHOWSTRING
  D:0007H         SYMBOL        Line
  D:0005H         SYMBOL        Column
  D:0008H         SYMBOL        String
  -------         DO            
  D:0005H         SYMBOL        i
  -------         ENDDO         
  C:086EH         LINE#         110
  C:0874H         LINE#         111
  C:0874H         LINE#         113
  C:0877H         LINE#         114
  C:088AH         LINE#         115
  C:088AH         LINE#         116
  C:088DH         LINE#         117
  C:0890H         LINE#         118
  -------         ENDPROC       _LCD_SHOWSTRING
  C:083DH         SYMBOL        L?0046
  -------         PROC          L?0045
  -------         ENDPROC       L?0045
  C:083DH         SYMBOL        L?0046
  -------         PROC          _LCD_POW
  D:000DH         SYMBOL        X
  D:000FH         SYMBOL        Y
  -------         DO            
  D:0003H         SYMBOL        i
  D:0006H         SYMBOL        Result
  -------         ENDDO         
  C:0847H         LINE#         123
  C:084FH         LINE#         124
  C:084FH         LINE#         126
  C:0853H         LINE#         127
  C:0863H         LINE#         128
  C:0863H         LINE#         129
  C:086AH         LINE#         130
  C:086DH         LINE#         131
BL51 BANKED LINKER/LOCATER V6.22                                                      09/22/2026  21:34:32  PAGE 11


  C:086DH         LINE#         132
  -------         ENDPROC       _LCD_POW
  -------         PROC          _LCD_SHOWNUM
  D:0007H         SYMBOL        Line
  D:0005H         SYMBOL        Column
  D:000AH         SYMBOL        Number
  D:000CH         SYMBOL        Length
  -------         DO            
  D:0002H         SYMBOL        i
  -------         ENDDO         
  C:08AFH         LINE#         142
  C:08B3H         LINE#         143
  C:08B3H         LINE#         145
  C:08B6H         LINE#         146
  C:08BEH         LINE#         147
  C:08BEH         LINE#         148
  C:08C8H         LINE#         149
  C:08CBH         LINE#         150
  -------         ENDPROC       _LCD_SHOWNUM
  -------         PROC          _LCD_SHOWSIGNEDNUM
  D:0007H         SYMBOL        Line
  D:0005H         SYMBOL        Column
  D:0002H         SYMBOL        Number
  D:001CH         SYMBOL        Length
  -------         DO            
  D:0002H         SYMBOL        i
  D:001DH         SYMBOL        Number1
  -------         ENDDO         
  C:0757H         LINE#         160
  C:0757H         LINE#         161
  C:0757H         LINE#         164
  C:075AH         LINE#         165
  C:0762H         LINE#         166
  C:0762H         LINE#         167
  C:0767H         LINE#         168
  C:076BH         LINE#         169
  C:076DH         LINE#         171
  C:076DH         LINE#         172
  C:0772H         LINE#         173
  C:077BH         LINE#         174
  C:077BH         LINE#         175
  C:0783H         LINE#         176
  C:0783H         LINE#         177
  C:078DH         LINE#         178
  C:0790H         LINE#         179
  -------         ENDPROC       _LCD_SHOWSIGNEDNUM
  -------         PROC          _LCD_SHOWHEXNUM
  D:0007H         SYMBOL        Line
  D:0005H         SYMBOL        Column
  D:0027H         SYMBOL        Number
  D:0029H         SYMBOL        Length
  -------         DO            
  D:0002H         SYMBOL        i
  D:0006H         SYMBOL        SingleNumber
  -------         ENDDO         
  C:07CAH         LINE#         189
  C:07CEH         LINE#         190
BL51 BANKED LINKER/LOCATER V6.22                                                      09/22/2026  21:34:32  PAGE 12


  C:07CEH         LINE#         192
  C:07D1H         LINE#         193
  C:07D9H         LINE#         194
  C:07D9H         LINE#         195
  C:07EFH         LINE#         196
  C:07F5H         LINE#         197
  C:07F5H         LINE#         198
  C:07F7H         LINE#         199
  C:07F9H         LINE#         201
  C:07F9H         LINE#         202
  C:07FFH         LINE#         203
  C:07FFH         LINE#         204
  C:0802H         LINE#         205
  -------         ENDPROC       _LCD_SHOWHEXNUM
  -------         PROC          _LCD_SHOWBINNUM
  D:0007H         SYMBOL        Line
  D:0005H         SYMBOL        Column
  D:002CH         SYMBOL        Number
  D:002EH         SYMBOL        Length
  -------         DO            
  D:0002H         SYMBOL        i
  -------         ENDDO         
  C:0803H         LINE#         215
  C:0807H         LINE#         216
  C:0807H         LINE#         218
  C:080AH         LINE#         219
  C:0812H         LINE#         220
  C:0812H         LINE#         221
  C:0837H         LINE#         222
  C:083AH         LINE#         223
  -------         ENDPROC       _LCD_SHOWBINNUM
  -------         ENDMOD        LCD1602

  -------         MODULE        TIMER0
  C:0000H         SYMBOL        _ICE_DUMMY_
  D:0080H         PUBLIC        P0
  D:0090H         PUBLIC        P1
  D:00A0H         PUBLIC        P2
  D:00B0H         PUBLIC        P3
  D:00E8H         PUBLIC        P4
  B:00A8H.7       PUBLIC        EA
  D:00A8H         PUBLIC        IE
  D:00B8H         PUBLIC        IP
  D:0098H         PUBLIC        SCON
  D:0089H         PUBLIC        TMOD
  D:0088H         PUBLIC        TCON
  B:00A8H.1       PUBLIC        ET0
  B:0088H.5       PUBLIC        TF0
  C:08CCH         PUBLIC        Timer0Init
  D:008CH         PUBLIC        TH0
  D:008AH         PUBLIC        TL0
  B:00B8H.1       PUBLIC        PT0
  B:0088H.4       PUBLIC        TR0
  D:00C8H         PUBLIC        T2CON
  D:00D0H         PUBLIC        PSW
  -------         PROC          TIMER0INIT
  C:08CCH         LINE#         3
BL51 BANKED LINKER/LOCATER V6.22                                                      09/22/2026  21:34:32  PAGE 13


  C:08CCH         LINE#         4
  C:08CCH         LINE#         5
  C:08CFH         LINE#         6
  C:08D2H         LINE#         7
  C:08D5H         LINE#         8
  C:08D8H         LINE#         9
  C:08DAH         LINE#         10
  C:08DCH         LINE#         11
  C:08DEH         LINE#         12
  C:08E0H         LINE#         13
  C:08E2H         LINE#         14
  -------         ENDPROC       TIMER0INIT
  -------         ENDMOD        TIMER0

  -------         MODULE        KEY
  C:0000H         SYMBOL        _ICE_DUMMY_
  D:0080H         PUBLIC        P0
  D:0090H         PUBLIC        P1
  D:00A0H         PUBLIC        P2
  D:00B0H         PUBLIC        P3
  D:00E8H         PUBLIC        P4
  D:00A8H         PUBLIC        IE
  D:00B8H         PUBLIC        IP
  C:05FAH         PUBLIC        Key
  B:00B0H.0       PUBLIC        P30
  D:0098H         PUBLIC        SCON
  B:00B0H.1       PUBLIC        P31
  D:0088H         PUBLIC        TCON
  B:00B0H.2       PUBLIC        P32
  B:00B0H.3       PUBLIC        P33
  D:00C8H         PUBLIC        T2CON
  D:00D0H         PUBLIC        PSW
  -------         PROC          KEY
  -------         DO            
  D:0008H         SYMBOL        KeyNumber
  -------         ENDDO         
  C:05FAH         LINE#         4
  C:05FAH         LINE#         5
  C:05FAH         LINE#         6
  C:05FDH         LINE#         7
  C:0613H         LINE#         8
  C:062AH         LINE#         9
  C:0641H         LINE#         10
  C:0658H         LINE#         12
  C:065AH         LINE#         13
  -------         ENDPROC       KEY
  -------         ENDMOD        KEY

  -------         MODULE        ?C?SCDIV
  C:03C2H         PUBLIC        ?C?SCDIV
  -------         ENDMOD        ?C?SCDIV

  -------         MODULE        ?C?CLDOPTR
  C:03E4H         PUBLIC        ?C?CLDOPTR
  -------         ENDMOD        ?C?CLDOPTR

  -------         MODULE        ?C?IMUL
BL51 BANKED LINKER/LOCATER V6.22                                                      09/22/2026  21:34:32  PAGE 14


  C:0411H         PUBLIC        ?C?IMUL
  -------         ENDMOD        ?C?IMUL

  -------         MODULE        ?C?UIDIV
  C:0423H         PUBLIC        ?C?UIDIV
  -------         ENDMOD        ?C?UIDIV

*** WARNING L16: UNCALLED SEGMENT, IGNORED FOR OVERLAY PROCESS
    SEGMENT: ?PR?_LCD_SHOWCHAR?LCD1602

*** WARNING L16: UNCALLED SEGMENT, IGNORED FOR OVERLAY PROCESS
    SEGMENT: ?PR?_LCD_SHOWSIGNEDNUM?LCD1602

*** WARNING L16: UNCALLED SEGMENT, IGNORED FOR OVERLAY PROCESS
    SEGMENT: ?PR?_LCD_SHOWHEXNUM?LCD1602

*** WARNING L16: UNCALLED SEGMENT, IGNORED FOR OVERLAY PROCESS
    SEGMENT: ?PR?_LCD_SHOWBINNUM?LCD1602

Program Size: data=48.0 xdata=0 code=2398
LINK/LOCATE RUN COMPLETE.  4 WARNING(S),  0 ERROR(S)
