C51 COMPILER V9.54   DS1302                                                                09/22/2026 20:34:13 PAGE 1   


C51 COMPILER V9.54, COMPILATION OF MODULE DS1302
OBJECT MODULE PLACED IN .\Objects\DS1302.obj
COMPILER INVOKED BY: D:\Keil_v5\C51\BIN\C51.EXE DS1302.c OPTIMIZE(8,SPEED) BROWSE DEBUG OBJECTEXTEND PRINT(.\Listings\DS
                    -1302.lst) OBJECT(.\Objects\DS1302.obj)

line level    source

   1          #include <STC89C5xRC.H>
   2          
   3          #define DS1302_SEC              0x80
   4          #define DS1302_MIN              0x82
   5          #define DS1302_HOUR             0x84
   6          #define DS1302_DATE             0x86
   7          #define DS1302_MON              0x88
   8          #define DS1302_DAY              0x8A
   9          #define DS1302_YEAR             0x8C
  10          #define DS1302_WP               0x8E
  11          
  12          sbit DS1302_SCLK=P3^6;
  13          sbit DS1302_IO=P3^4;
  14          sbit DS1302_CE=P3^5;
  15          unsigned char DS1302_Time[]={19,11,16,12,59,55,6};
  16          
  17          void DS1302_Init()
  18          {
  19   1              DS1302_CE=0;
  20   1              DS1302_SCLK=0;
  21   1      }
  22          
  23          void DS1302_WriteByte(unsigned char Command,Data)
  24          {
  25   1              unsigned char i;
  26   1              DS1302_CE=1;
  27   1              for(i=0;i<8;i++){
  28   2                      DS1302_IO=(Command&0x01<<i);
  29   2                      DS1302_SCLK=1;
  30   2                      DS1302_SCLK=0;
  31   2              }
  32   1              for(i=0;i<8;i++){
  33   2                      DS1302_IO=(Data&0x01<<i);
  34   2                      DS1302_SCLK=1;
  35   2                      DS1302_SCLK=0;
  36   2              }
  37   1              DS1302_CE=0;
  38   1      }
  39          
  40          unsigned char DS1302_ReadByte(unsigned char Command)
  41          {
  42   1              unsigned char i,Data=0x00;
  43   1              Command|=0x01;
  44   1              DS1302_CE=1;
  45   1              for(i=0;i<8;i++){
  46   2                      DS1302_IO=(Command&0x01<<i);
  47   2                      DS1302_SCLK=0;
  48   2                      DS1302_SCLK=1;
  49   2              }
  50   1              for(i=0;i<8;i++){
  51   2                      DS1302_SCLK=1;
  52   2                      DS1302_SCLK=0;
  53   2                      if(DS1302_IO){Data|=(0x01<<i);}
  54   2              }
C51 COMPILER V9.54   DS1302                                                                09/22/2026 20:34:13 PAGE 2   

  55   1              DS1302_CE=0;
  56   1              DS1302_IO=0;
  57   1              return Data;
  58   1      }
  59          
  60          void DS1302_SetTime()
  61          {
  62   1              DS1302_WriteByte(DS1302_WP,0x00);
  63   1              DS1302_WriteByte(DS1302_YEAR,DS1302_Time[0]/10*16+DS1302_Time[0]%10);
  64   1              DS1302_WriteByte(DS1302_MON,DS1302_Time[1]/10*16+DS1302_Time[1]%10);
  65   1              DS1302_WriteByte(DS1302_DATE,DS1302_Time[2]/10*16+DS1302_Time[2]%10);
  66   1              DS1302_WriteByte(DS1302_HOUR,DS1302_Time[3]/10*16+DS1302_Time[3]%10);
  67   1              DS1302_WriteByte(DS1302_MIN,DS1302_Time[4]/10*16+DS1302_Time[4]%10);
  68   1              DS1302_WriteByte(DS1302_SEC,DS1302_Time[5]/10*16+DS1302_Time[5]%10);
  69   1              DS1302_WriteByte(DS1302_DAY,DS1302_Time[6]/10*16+DS1302_Time[6]%10);
  70   1              DS1302_WriteByte(DS1302_WP,0x80);
  71   1      }
  72          
  73          void DS1302_ReadTime()
  74          {
  75   1              unsigned char Temp;
  76   1              Temp=DS1302_ReadByte(DS1302_YEAR);
  77   1              DS1302_Time[0]=Temp/16*10+Temp%16;
  78   1              Temp=DS1302_ReadByte(DS1302_MON);
  79   1              DS1302_Time[1]=Temp/16*10+Temp%16;
  80   1              Temp=DS1302_ReadByte(DS1302_DATE);
  81   1              DS1302_Time[2]=Temp/16*10+Temp%16;
  82   1              Temp=DS1302_ReadByte(DS1302_HOUR);
  83   1              DS1302_Time[3]=Temp/16*10+Temp%16;
  84   1              Temp=DS1302_ReadByte(DS1302_MIN);
  85   1              DS1302_Time[4]=Temp/16*10+Temp%16;
  86   1              Temp=DS1302_ReadByte(DS1302_SEC);
  87   1              DS1302_Time[5]=Temp/16*10+Temp%16;
  88   1              Temp=DS1302_ReadByte(DS1302_DAY);
  89   1              DS1302_Time[6]=Temp/16*10+Temp%16;
  90   1      }


MODULE INFORMATION:   STATIC OVERLAYABLE
   CODE SIZE        =    551    ----
   CONSTANT SIZE    =   ----    ----
   XDATA SIZE       =   ----    ----
   PDATA SIZE       =   ----    ----
   DATA SIZE        =      7       2
   IDATA SIZE       =   ----    ----
   BIT SIZE         =   ----    ----
END OF MODULE INFORMATION.


C51 COMPILATION COMPLETE.  0 WARNING(S),  0 ERROR(S)
