C51 COMPILER V9.54   KEY                                                                   09/22/2026 19:59:28 PAGE 1   


C51 COMPILER V9.54, COMPILATION OF MODULE KEY
OBJECT MODULE PLACED IN .\Objects\Key.obj
COMPILER INVOKED BY: D:\Keil_v5\C51\BIN\C51.EXE Key.c OPTIMIZE(8,SPEED) BROWSE DEBUG OBJECTEXTEND PRINT(.\Listings\Key.l
                    -st) OBJECT(.\Objects\Key.obj)

line level    source

   1          #include <STC89C5xRC.H>
   2          #include "Delay.h"
   3          
   4          unsigned char Key()
   5          {
   6   1              unsigned char KeyNumber=0;
   7   1              if(P31==0){Delay(20);while(P31==0);Delay(20);KeyNumber=1;}
   8   1              if(P30==0){Delay(20);while(P30==0);Delay(20);KeyNumber=2;}
   9   1              if(P32==0){Delay(20);while(P32==0);Delay(20);KeyNumber=3;}
  10   1              if(P33==0){Delay(20);while(P33==0);Delay(20);KeyNumber=4;}
  11   1              
  12   1              return KeyNumber;
  13   1      }


MODULE INFORMATION:   STATIC OVERLAYABLE
   CODE SIZE        =     97    ----
   CONSTANT SIZE    =   ----    ----
   XDATA SIZE       =   ----    ----
   PDATA SIZE       =   ----    ----
   DATA SIZE        =   ----       1
   IDATA SIZE       =   ----    ----
   BIT SIZE         =   ----    ----
END OF MODULE INFORMATION.


C51 COMPILATION COMPLETE.  0 WARNING(S),  0 ERROR(S)
