C51 COMPILER V9.54   MAIN                                                                  09/22/2026 21:34:32 PAGE 1   


C51 COMPILER V9.54, COMPILATION OF MODULE MAIN
OBJECT MODULE PLACED IN .\Objects\main.obj
COMPILER INVOKED BY: D:\Keil_v5\C51\BIN\C51.EXE main.c OPTIMIZE(8,SPEED) BROWSE DEBUG OBJECTEXTEND PRINT(.\Listings\main
                    -.lst) OBJECT(.\Objects\main.obj)

line level    source

   1          #include <STC89C5xRC.H>
   2          #include "LCD1602.h"
   3          #include "DS1302.h"
   4          #include "Key.h"
   5          #include "Timer0.h"
   6          
   7          unsigned char KeyNum,MODE,TimeSetSelect,TimeSetFl;
   8          
   9          void TimeShow()
  10          {
  11   1              DS1302_ReadTime();
  12   1              LCD_ShowNum(1,1,DS1302_Time[0],2);
  13   1              LCD_ShowNum(1,4,DS1302_Time[1],2);
  14   1              LCD_ShowNum(1,7,DS1302_Time[2],2);
  15   1              LCD_ShowNum(2,1,DS1302_Time[3],2);
  16   1              LCD_ShowNum(2,4,DS1302_Time[4],2);
  17   1              LCD_ShowNum(2,7,DS1302_Time[5],2);
  18   1      }
  19          
  20          void TimeSet()
  21          {
  22   1              if(KeyNum==2)
  23   1              {
  24   2                      TimeSetSelect++;
  25   2                      TimeSetSelect%=6;
  26   2              }
  27   1              if(KeyNum==3)
  28   1              {
  29   2                      DS1302_Time[TimeSetSelect]++;
  30   2                      if(DS1302_Time[0]>99){DS1302_Time[0]=0;}
  31   2                      if(DS1302_Time[1]>12){DS1302_Time[1]=1;}
  32   2                      if(DS1302_Time[1]==1||DS1302_Time[1]==3||DS1302_Time[1]==5||DS1302_Time[1]==7||DS1302_Time[1]==8||DS1302
             -_Time[1]==10||DS1302_Time[1]==12)
  33   2                      {
  34   3                              if(DS1302_Time[2]>31){DS1302_Time[2]=1;}
  35   3                      }
  36   2                      else if(DS1302_Time[1]==4||DS1302_Time[1]==6||DS1302_Time[1]==9||DS1302_Time[1]==11)
  37   2                      {
  38   3                              if(DS1302_Time[2]>30){DS1302_Time[2]=1;}
  39   3                      }
  40   2                      else if(DS1302_Time[1]==2)
  41   2                      {
  42   3                              if(DS1302_Time[0]%4==0){if(DS1302_Time[2]>29){DS1302_Time[2]=1;}}
  43   3                              else{if(DS1302_Time[2]>28){DS1302_Time[2]=1;}}
  44   3                      };
  45   2                      if(DS1302_Time[3]>23){DS1302_Time[3]=0;}
  46   2                      if(DS1302_Time[4]>59){DS1302_Time[4]=0;}
  47   2                      if(DS1302_Time[5]>59){DS1302_Time[5]=0;}
  48   2              }
  49   1              if(KeyNum==4)
  50   1              {
  51   2                      DS1302_Time[TimeSetSelect]--;
  52   2                      if(DS1302_Time[0]<0){DS1302_Time[0]=99;}
  53   2                      if(DS1302_Time[1]<1){DS1302_Time[1]=12;}
C51 COMPILER V9.54   MAIN                                                                  09/22/2026 21:34:32 PAGE 2   

  54   2                      if(DS1302_Time[1]==1||DS1302_Time[1]==3||DS1302_Time[1]==5||DS1302_Time[1]==7||DS1302_Time[1]==8||DS1302
             -_Time[1]==10||DS1302_Time[1]==12)
  55   2                      {
  56   3                              if(DS1302_Time[2]<1){DS1302_Time[2]=31;}
  57   3                      }
  58   2                      else if(DS1302_Time[1]==4||DS1302_Time[1]==6||DS1302_Time[1]==9||DS1302_Time[1]==11)
  59   2                      {
  60   3                              if(DS1302_Time[2]<1){DS1302_Time[2]=30;}
  61   3                              if(DS1302_Time[2]>30){DS1302_Time[2]=30;}
  62   3                      }
  63   2                      else if(DS1302_Time[1]==2)
  64   2                      {
  65   3                              if(DS1302_Time[0]%4==0)
  66   3                              {
  67   4                                      if(DS1302_Time[2]<1)
  68   4                                      {
  69   5                                              DS1302_Time[2]=29;
  70   5                                              if(DS1302_Time[2]>29){DS1302_Time[2]=29;}
  71   5                                      }
  72   4                              }
  73   3                              else
  74   3                              {
  75   4                                      if(DS1302_Time[2]<1)
  76   4                                      {
  77   5                                              DS1302_Time[2]=28;
  78   5                                              if(DS1302_Time[2]>28){DS1302_Time[2]=28;}
  79   5                                      }
  80   4                              }
  81   3                      };
  82   2                      if(DS1302_Time[3]<0){DS1302_Time[3]=23;}
  83   2                      if(DS1302_Time[4]<0){DS1302_Time[4]=59;}
  84   2                      if(DS1302_Time[5]<0){DS1302_Time[5]=59;}
  85   2              }
  86   1              if(TimeSetSelect==0&&TimeSetFl==1){LCD_ShowString(1,1,"  ");}
  87   1              else{LCD_ShowNum(1,1,DS1302_Time[0],2);}
  88   1              if(TimeSetSelect==1&&TimeSetFl==1){LCD_ShowString(1,4,"  ");}
  89   1              else{LCD_ShowNum(1,4,DS1302_Time[1],2);}
  90   1              if(TimeSetSelect==2&&TimeSetFl==1){LCD_ShowString(1,7,"  ");}
  91   1              else{LCD_ShowNum(1,7,DS1302_Time[2],2);}
  92   1              if(TimeSetSelect==3&&TimeSetFl==1){LCD_ShowString(2,1,"  ");}
  93   1              else{LCD_ShowNum(2,1,DS1302_Time[3],2);}
  94   1              if(TimeSetSelect==4&&TimeSetFl==1){LCD_ShowString(2,4,"  ");}
  95   1              else{LCD_ShowNum(2,4,DS1302_Time[4],2);}
  96   1              if(TimeSetSelect==5&&TimeSetFl==1){LCD_ShowString(2,7,"  ");}
  97   1              else{LCD_ShowNum(2,7,DS1302_Time[5],2);}
  98   1      }
  99          
 100          void main()
 101          {
 102   1              LCD_Init();
 103   1              DS1302_Init();
 104   1              Timer0Init();
 105   1              LCD_ShowString(1,1,"  -  -");
 106   1              LCD_ShowString(2,1,"  :  :");
 107   1              DS1302_SetTime();
 108   1              while(1){
 109   2                      KeyNum=Key();
 110   2                      if(KeyNum==1){
 111   3                              if(MODE==0){MODE=1;}
 112   3                              else{MODE=0;DS1302_SetTime();}
 113   3                      }
 114   2                      switch(MODE)
C51 COMPILER V9.54   MAIN                                                                  09/22/2026 21:34:32 PAGE 3   

 115   2                      {
 116   3                              case 0:TimeShow();break;
 117   3                              case 1:TimeSet();break;
 118   3                      }
 119   2              }
 120   1      }
 121          
 122          void Timer0_Routine() interrupt 1
 123          {
 124   1              static unsigned int T0Count;
 125   1              TL0 = 0x66;
 126   1              TH0 = 0xFC;
 127   1              T0Count++;
 128   1              if(T0Count>=500){
 129   2                      T0Count=0;
 130   2                      TimeSetFl=!TimeSetFl;
 131   2              }
 132   1      }


MODULE INFORMATION:   STATIC OVERLAYABLE
   CODE SIZE        =    957    ----
   CONSTANT SIZE    =     17    ----
   XDATA SIZE       =   ----    ----
   PDATA SIZE       =   ----    ----
   DATA SIZE        =      6    ----
   IDATA SIZE       =   ----    ----
   BIT SIZE         =   ----    ----
END OF MODULE INFORMATION.


C51 COMPILATION COMPLETE.  0 WARNING(S),  0 ERROR(S)
