BL51 BANKED LINKER/LOCATER V6.22                                                        09/18/2026  18:08:31  PAGE 1


BL51 BANKED LINKER/LOCATER V6.22, INVOKED BY:
D:\KEIL_V5\C51\BIN\BL51.EXE .\Objects\Delay.obj, .\Objects\LCD1602.obj, .\Objects\main.obj, .\Objects\MatrixKey.obj TO .
>> \Objects\6-2 PRINT (.\Listings\6-2.m51) RAMSIZE (256)


MEMORY MODEL: SMALL


INPUT MODULES INCLUDED:
  .\Objects\Delay.obj (DELAY)
  .\Objects\LCD1602.obj (LCD1602)
  .\Objects\main.obj (MAIN)
  .\Objects\MatrixKey.obj (MATRIXKEY)
  D:\KEIL_V5\C51\LIB\C51S.LIB (?C_STARTUP)
  D:\KEIL_V5\C51\LIB\C51S.LIB (?C?CLDOPTR)
  D:\KEIL_V5\C51\LIB\C51S.LIB (?C?IMUL)
  D:\KEIL_V5\C51\LIB\C51S.LIB (?C?UIDIV)


LINK MAP OF MODULE:  .\Objects\6-2 (DELAY)


            TYPE    BASE      LENGTH    RELOCATION   SEGMENT NAME
            -----------------------------------------------------

            * * * * * * *   D A T A   M E M O R Y   * * * * * * *
            REG     0000H     0008H     ABSOLUTE     "REG BANK 0"
            DATA    0008H     0009H     UNIT         _DATA_GROUP_
            DATA    0011H     0007H     UNIT         ?DT?_LCD_SHOWSIGNEDNUM?LCD1602
            DATA    0018H     0005H     UNIT         ?DT?_LCD_SHOWHEXNUM?LCD1602
            DATA    001DH     0005H     UNIT         ?DT?_LCD_SHOWBINNUM?LCD1602
            DATA    0022H     0005H     UNIT         ?DT?MAIN
            IDATA   0027H     0001H     UNIT         ?STACK

            * * * * * * *   C O D E   M E M O R Y   * * * * * * *
            CODE    0000H     0003H     ABSOLUTE     
            CODE    0003H     0189H     UNIT         ?PR?MATRIXKEY?MATRIXKEY
            CODE    018CH     00BBH     UNIT         ?PR?MAIN?MAIN
            CODE    0247H     0094H     UNIT         ?C?LIB_CODE
            CODE    02DBH     003AH     UNIT         ?PR?_LCD_SHOWSIGNEDNUM?LCD1602
            CODE    0315H     0039H     UNIT         ?PR?_LCD_SHOWHEXNUM?LCD1602
            CODE    034EH     0038H     UNIT         ?PR?_LCD_SHOWBINNUM?LCD1602
            CODE    0386H     0033H     UNIT         ?PR?_LCD_POW?LCD1602
            CODE    03B9H     0023H     UNIT         ?PR?_LCD_SHOWSTRING?LCD1602
            CODE    03DCH     001EH     UNIT         ?PR?_LCD_WRITEDATA?LCD1602
            CODE    03FAH     001DH     UNIT         ?PR?_LCD_SHOWNUM?LCD1602
            CODE    0417H     0016H     UNIT         ?PR?_DELAY?DELAY
            CODE    042DH     0016H     UNIT         ?PR?_LCD_SETCURSOR?LCD1602
            CODE    0443H     0014H     UNIT         ?PR?LCD_INIT?LCD1602
            CODE    0457H     0012H     UNIT         ?CO?MAIN
            CODE    0469H     000FH     UNIT         ?PR?LCD_DELAY?LCD1602
            CODE    0478H     000CH     UNIT         ?C_C51STARTUP
            CODE    0484H     000AH     UNIT         ?PR?_LCD_WRITECOMMAND?LCD1602
            CODE    048EH     000AH     UNIT         ?PR?_LCD_SHOWCHAR?LCD1602



OVERLAY MAP OF MODULE:   .\Objects\6-2 (DELAY)
BL51 BANKED LINKER/LOCATER V6.22                                                      09/18/2026  18:08:31  PAGE 2




SEGMENT                                  DATA_GROUP 
  +--> CALLED SEGMENT                  START    LENGTH
------------------------------------------------------
?C_C51STARTUP                          -----    -----
  +--> ?PR?MAIN?MAIN

?PR?MAIN?MAIN                          -----    -----
  +--> ?PR?LCD_INIT?LCD1602
  +--> ?CO?MAIN
  +--> ?PR?_LCD_SHOWSTRING?LCD1602
  +--> ?PR?MATRIXKEY?MATRIXKEY
  +--> ?PR?_LCD_SHOWNUM?LCD1602

?PR?LCD_INIT?LCD1602                   -----    -----
  +--> ?PR?_LCD_WRITECOMMAND?LCD1602

?PR?_LCD_WRITECOMMAND?LCD1602          -----    -----
  +--> ?PR?LCD_DELAY?LCD1602

?PR?_LCD_SHOWSTRING?LCD1602            0008H    0003H
  +--> ?PR?_LCD_SETCURSOR?LCD1602
  +--> ?PR?_LCD_WRITEDATA?LCD1602

?PR?_LCD_SETCURSOR?LCD1602             -----    -----
  +--> ?PR?_LCD_WRITECOMMAND?LCD1602

?PR?_LCD_WRITEDATA?LCD1602             -----    -----
  +--> ?PR?LCD_DELAY?LCD1602

?PR?MATRIXKEY?MATRIXKEY                0008H    0001H
  +--> ?PR?_DELAY?DELAY

?PR?_LCD_SHOWNUM?LCD1602               0008H    0005H
  +--> ?PR?_LCD_SETCURSOR?LCD1602
  +--> ?PR?_LCD_POW?LCD1602
  +--> ?PR?_LCD_WRITEDATA?LCD1602

?PR?_LCD_POW?LCD1602                   000DH    0004H



SYMBOL TABLE OF MODULE:  .\Objects\6-2 (DELAY)

  VALUE           TYPE          NAME
  ----------------------------------

  -------         MODULE        DELAY
  C:0000H         SYMBOL        _ICE_DUMMY_
  C:0417H         PUBLIC        _Delay
  -------         PROC          _DELAY
  D:0006H         SYMBOL        xms
  -------         DO            
  D:0005H         SYMBOL        i
  D:0004H         SYMBOL        j
  -------         ENDDO         
BL51 BANKED LINKER/LOCATER V6.22                                                      09/18/2026  18:08:31  PAGE 3


  C:0417H         LINE#         3
  C:0417H         LINE#         4
  C:0417H         LINE#         6
  C:0421H         LINE#         7
  C:0422H         LINE#         8
  C:0424H         LINE#         9
  C:0426H         LINE#         11
  C:0426H         LINE#         12
  C:0428H         LINE#         13
  C:042AH         LINE#         14
  C:042CH         LINE#         15
  -------         ENDPROC       _DELAY
  -------         ENDMOD        DELAY

  -------         MODULE        LCD1602
  C:0000H         SYMBOL        _ICE_DUMMY_
  D:0080H         PUBLIC        P0
  D:0090H         PUBLIC        P1
  D:00A0H         PUBLIC        P2
  D:00B0H         PUBLIC        P3
  D:00E8H         PUBLIC        P4
  C:0484H         PUBLIC        _LCD_WriteCommand
  C:03FAH         PUBLIC        _LCD_ShowNum
  D:00A8H         PUBLIC        IE
  D:00B8H         PUBLIC        IP
  C:034EH         PUBLIC        _LCD_ShowBinNum
  C:046FH         PUBLIC        LCD_Delay
  C:0315H         PUBLIC        _LCD_ShowHexNum
  D:0098H         PUBLIC        SCON
  D:0088H         PUBLIC        TCON
  C:03F0H         PUBLIC        _LCD_WriteData
  B:00A0H.7       PUBLIC        LCD_EN
  C:0443H         PUBLIC        LCD_Init
  C:03B9H         PUBLIC        _LCD_ShowString
  C:048EH         PUBLIC        _LCD_ShowChar
  B:00A0H.6       PUBLIC        LCD_RS
  B:00A0H.5       PUBLIC        LCD_RW
  C:042DH         PUBLIC        _LCD_SetCursor
  D:00C8H         PUBLIC        T2CON
  C:02DBH         PUBLIC        _LCD_ShowSignedNum
  C:0392H         PUBLIC        _LCD_Pow
  D:00D0H         PUBLIC        PSW
  -------         PROC          L?0048
  -------         ENDPROC       L?0048
  -------         PROC          LCD_DELAY
  -------         DO            
  D:0007H         SYMBOL        i
  D:0006H         SYMBOL        j
  -------         ENDDO         
  C:046FH         LINE#         15
  C:046FH         LINE#         16
  C:046FH         LINE#         19
  C:0471H         LINE#         20
  C:0473H         LINE#         22
  C:0473H         LINE#         23
  C:0475H         LINE#         24
  C:0477H         LINE#         25
BL51 BANKED LINKER/LOCATER V6.22                                                      09/18/2026  18:08:31  PAGE 4


  -------         ENDPROC       LCD_DELAY
  -------         PROC          _LCD_WRITECOMMAND
  D:0007H         SYMBOL        Command
  C:0484H         LINE#         32
  C:0484H         LINE#         33
  C:0484H         LINE#         34
  C:0486H         LINE#         35
  C:0486H         LINE#         36
  C:0486H         LINE#         37
  C:0486H         LINE#         38
  C:0489H         LINE#         39
  C:048BH         LINE#         40
  -------         ENDPROC       _LCD_WRITECOMMAND
  -------         PROC          L?0047
  -------         ENDPROC       L?0047
  -------         PROC          _LCD_WRITEDATA
  D:0007H         SYMBOL        Data
  C:03F0H         LINE#         48
  C:03F0H         LINE#         49
  C:03F0H         LINE#         50
  C:03F2H         LINE#         51
  C:03F2H         LINE#         52
  C:03F2H         LINE#         53
  C:03F2H         LINE#         54
  C:03F5H         LINE#         55
  C:03F7H         LINE#         56
  -------         ENDPROC       _LCD_WRITEDATA
  -------         PROC          _LCD_SETCURSOR
  D:0006H         SYMBOL        Line
  D:0005H         SYMBOL        Column
  C:042DH         LINE#         65
  C:042FH         LINE#         66
  C:042FH         LINE#         67
  C:0432H         LINE#         68
  C:0432H         LINE#         69
  C:0434H         LINE#         70
  C:0436H         LINE#         71
  C:0439H         LINE#         72
  C:0439H         LINE#         73
  C:0442H         LINE#         74
  C:0442H         LINE#         75
  -------         ENDPROC       _LCD_SETCURSOR
  -------         PROC          LCD_INIT
  C:0443H         LINE#         82
  C:0443H         LINE#         83
  C:0443H         LINE#         84
  C:0448H         LINE#         85
  C:044DH         LINE#         86
  C:0452H         LINE#         87
  -------         ENDPROC       LCD_INIT
  -------         PROC          _LCD_SHOWCHAR
  D:0006H         SYMBOL        Line
  D:0005H         SYMBOL        Column
  D:0004H         SYMBOL        Char
  C:048EH         LINE#         97
  C:0490H         LINE#         98
  C:0490H         LINE#         99
BL51 BANKED LINKER/LOCATER V6.22                                                      09/18/2026  18:08:31  PAGE 5


  C:0493H         LINE#         100
  -------         ENDPROC       _LCD_SHOWCHAR
  -------         PROC          _LCD_SHOWSTRING
  D:0007H         SYMBOL        Line
  D:0005H         SYMBOL        Column
  D:0008H         SYMBOL        String
  -------         DO            
  D:0005H         SYMBOL        i
  -------         ENDDO         
  C:03B9H         LINE#         110
  C:03BFH         LINE#         111
  C:03BFH         LINE#         113
  C:03C2H         LINE#         114
  C:03D5H         LINE#         115
  C:03D5H         LINE#         116
  C:03D8H         LINE#         117
  C:03DBH         LINE#         118
  -------         ENDPROC       _LCD_SHOWSTRING
  C:0388H         SYMBOL        L?0046
  -------         PROC          L?0045
  -------         ENDPROC       L?0045
  C:0388H         SYMBOL        L?0046
  -------         PROC          _LCD_POW
  D:000DH         SYMBOL        X
  D:000FH         SYMBOL        Y
  -------         DO            
  D:0003H         SYMBOL        i
  D:0006H         SYMBOL        Result
  -------         ENDDO         
  C:0392H         LINE#         123
  C:039AH         LINE#         124
  C:039AH         LINE#         126
  C:039EH         LINE#         127
  C:03AEH         LINE#         128
  C:03AEH         LINE#         129
  C:03B5H         LINE#         130
  C:03B8H         LINE#         131
  C:03B8H         LINE#         132
  -------         ENDPROC       _LCD_POW
  -------         PROC          _LCD_SHOWNUM
  D:0007H         SYMBOL        Line
  D:0005H         SYMBOL        Column
  D:000AH         SYMBOL        Number
  D:000CH         SYMBOL        Length
  -------         DO            
  D:0002H         SYMBOL        i
  -------         ENDDO         
  C:03FAH         LINE#         142
  C:03FEH         LINE#         143
  C:03FEH         LINE#         145
  C:0401H         LINE#         146
  C:0409H         LINE#         147
  C:0409H         LINE#         148
  C:0413H         LINE#         149
  C:0416H         LINE#         150
  -------         ENDPROC       _LCD_SHOWNUM
  -------         PROC          _LCD_SHOWSIGNEDNUM
BL51 BANKED LINKER/LOCATER V6.22                                                      09/18/2026  18:08:31  PAGE 6


  D:0007H         SYMBOL        Line
  D:0005H         SYMBOL        Column
  D:0002H         SYMBOL        Number
  D:0015H         SYMBOL        Length
  -------         DO            
  D:0002H         SYMBOL        i
  D:0016H         SYMBOL        Number1
  -------         ENDDO         
  C:02DBH         LINE#         160
  C:02DBH         LINE#         161
  C:02DBH         LINE#         164
  C:02DEH         LINE#         165
  C:02E6H         LINE#         166
  C:02E6H         LINE#         167
  C:02EBH         LINE#         168
  C:02EFH         LINE#         169
  C:02F1H         LINE#         171
  C:02F1H         LINE#         172
  C:02F6H         LINE#         173
  C:02FFH         LINE#         174
  C:02FFH         LINE#         175
  C:0307H         LINE#         176
  C:0307H         LINE#         177
  C:0311H         LINE#         178
  C:0314H         LINE#         179
  -------         ENDPROC       _LCD_SHOWSIGNEDNUM
  -------         PROC          _LCD_SHOWHEXNUM
  D:0007H         SYMBOL        Line
  D:0005H         SYMBOL        Column
  D:001AH         SYMBOL        Number
  D:001CH         SYMBOL        Length
  -------         DO            
  D:0002H         SYMBOL        i
  D:0006H         SYMBOL        SingleNumber
  -------         ENDDO         
  C:0315H         LINE#         189
  C:0319H         LINE#         190
  C:0319H         LINE#         192
  C:031CH         LINE#         193
  C:0324H         LINE#         194
  C:0324H         LINE#         195
  C:033AH         LINE#         196
  C:0340H         LINE#         197
  C:0340H         LINE#         198
  C:0342H         LINE#         199
  C:0344H         LINE#         201
  C:0344H         LINE#         202
  C:034AH         LINE#         203
  C:034AH         LINE#         204
  C:034DH         LINE#         205
  -------         ENDPROC       _LCD_SHOWHEXNUM
  -------         PROC          _LCD_SHOWBINNUM
  D:0007H         SYMBOL        Line
  D:0005H         SYMBOL        Column
  D:001FH         SYMBOL        Number
  D:0021H         SYMBOL        Length
  -------         DO            
BL51 BANKED LINKER/LOCATER V6.22                                                      09/18/2026  18:08:31  PAGE 7


  D:0002H         SYMBOL        i
  -------         ENDDO         
  C:034EH         LINE#         215
  C:0352H         LINE#         216
  C:0352H         LINE#         218
  C:0355H         LINE#         219
  C:035DH         LINE#         220
  C:035DH         LINE#         221
  C:0382H         LINE#         222
  C:0385H         LINE#         223
  -------         ENDPROC       _LCD_SHOWBINNUM
  -------         ENDMOD        LCD1602

  -------         MODULE        MAIN
  C:0000H         SYMBOL        _ICE_DUMMY_
  D:0080H         PUBLIC        P0
  D:0090H         PUBLIC        P1
  D:00A0H         PUBLIC        P2
  D:00B0H         PUBLIC        P3
  D:00E8H         PUBLIC        P4
  D:0022H         PUBLIC        Count
  D:00A8H         PUBLIC        IE
  D:00B8H         PUBLIC        IP
  C:018CH         PUBLIC        main
  D:0098H         PUBLIC        SCON
  D:0088H         PUBLIC        TCON
  D:0024H         PUBLIC        Password
  D:0026H         PUBLIC        KeyNum
  D:00C8H         PUBLIC        T2CON
  D:00D0H         PUBLIC        PSW
  -------         PROC          MAIN
  C:018CH         LINE#         9
  C:018CH         LINE#         10
  C:018CH         LINE#         11
  C:018FH         LINE#         12
  C:019CH         LINE#         13
  C:019CH         LINE#         14
  C:01A1H         LINE#         15
  C:01A5H         LINE#         16
  C:01B5H         LINE#         17
  C:01C4H         LINE#         18
  C:01D5H         LINE#         19
  C:01DDH         LINE#         20
  C:01DDH         LINE#         21
  C:01EBH         LINE#         22
  C:01F1H         LINE#         23
  C:01FBH         LINE#         24
  C:0201H         LINE#         25
  C:0201H         LINE#         26
  C:0201H         LINE#         27
  C:0201H         LINE#         28
  C:0203H         LINE#         29
  C:0203H         LINE#         30
  C:0210H         LINE#         31
  C:0215H         LINE#         32
  C:0219H         LINE#         33
  C:0226H         LINE#         34
BL51 BANKED LINKER/LOCATER V6.22                                                      09/18/2026  18:08:31  PAGE 8


  C:0226H         LINE#         35
  C:0226H         LINE#         36
  C:022FH         LINE#         37
  C:0233H         LINE#         38
  C:0237H         LINE#         39
  C:0244H         LINE#         40
  C:0244H         LINE#         41
  C:0244H         LINE#         42
  -------         ENDPROC       MAIN
  -------         ENDMOD        MAIN

  -------         MODULE        MATRIXKEY
  C:0000H         SYMBOL        _ICE_DUMMY_
  D:0080H         PUBLIC        P0
  D:0090H         PUBLIC        P1
  D:00A0H         PUBLIC        P2
  D:00B0H         PUBLIC        P3
  D:00E8H         PUBLIC        P4
  D:00A8H         PUBLIC        IE
  D:00B8H         PUBLIC        IP
  C:0003H         PUBLIC        MatrixKey
  B:0090H.0       PUBLIC        P10
  B:0090H.1       PUBLIC        P11
  B:0090H.2       PUBLIC        P12
  D:0098H         PUBLIC        SCON
  B:0090H.3       PUBLIC        P13
  D:0088H         PUBLIC        TCON
  B:0090H.4       PUBLIC        P14
  B:0090H.5       PUBLIC        P15
  B:0090H.6       PUBLIC        P16
  B:0090H.7       PUBLIC        P17
  D:00C8H         PUBLIC        T2CON
  D:00D0H         PUBLIC        PSW
  -------         PROC          MATRIXKEY
  -------         DO            
  D:0008H         SYMBOL        KeyNumber
  -------         ENDDO         
  C:0003H         LINE#         4
  C:0003H         LINE#         5
  C:0003H         LINE#         6
  C:0006H         LINE#         7
  C:0009H         LINE#         8
  C:000BH         LINE#         9
  C:0021H         LINE#         10
  C:0038H         LINE#         11
  C:004FH         LINE#         12
  C:0066H         LINE#         14
  C:0069H         LINE#         15
  C:006BH         LINE#         16
  C:0082H         LINE#         17
  C:0099H         LINE#         18
  C:00B0H         LINE#         19
  C:00C7H         LINE#         21
  C:00CAH         LINE#         22
  C:00CCH         LINE#         23
  C:00E3H         LINE#         24
  C:00FAH         LINE#         25
BL51 BANKED LINKER/LOCATER V6.22                                                      09/18/2026  18:08:31  PAGE 9


  C:0111H         LINE#         26
  C:0128H         LINE#         28
  C:012BH         LINE#         29
  C:012DH         LINE#         30
  C:0144H         LINE#         31
  C:015BH         LINE#         32
  C:0172H         LINE#         33
  C:0189H         LINE#         35
  C:018BH         LINE#         36
  -------         ENDPROC       MATRIXKEY
  -------         ENDMOD        MATRIXKEY

  -------         MODULE        ?C?CLDOPTR
  C:0247H         PUBLIC        ?C?CLDOPTR
  -------         ENDMOD        ?C?CLDOPTR

  -------         MODULE        ?C?IMUL
  C:0274H         PUBLIC        ?C?IMUL
  -------         ENDMOD        ?C?IMUL

  -------         MODULE        ?C?UIDIV
  C:0286H         PUBLIC        ?C?UIDIV
  -------         ENDMOD        ?C?UIDIV

*** WARNING L16: UNCALLED SEGMENT, IGNORED FOR OVERLAY PROCESS
    SEGMENT: ?PR?_LCD_SHOWCHAR?LCD1602

*** WARNING L16: UNCALLED SEGMENT, IGNORED FOR OVERLAY PROCESS
    SEGMENT: ?PR?_LCD_SHOWSIGNEDNUM?LCD1602

*** WARNING L16: UNCALLED SEGMENT, IGNORED FOR OVERLAY PROCESS
    SEGMENT: ?PR?_LCD_SHOWHEXNUM?LCD1602

*** WARNING L16: UNCALLED SEGMENT, IGNORED FOR OVERLAY PROCESS
    SEGMENT: ?PR?_LCD_SHOWBINNUM?LCD1602

Program Size: data=40.0 xdata=0 code=1176
LINK/LOCATE RUN COMPLETE.  4 WARNING(S),  0 ERROR(S)
