C51 COMPILER V9.54   MAIN                                                                  09/18/2026 18:08:31 PAGE 1   


C51 COMPILER V9.54, COMPILATION OF MODULE MAIN
OBJECT MODULE PLACED IN .\Objects\main.obj
COMPILER INVOKED BY: D:\Keil_v5\C51\BIN\C51.EXE main.c OPTIMIZE(8,SPEED) BROWSE DEBUG OBJECTEXTEND PRINT(.\Listings\main
                    -.lst) TABS(2) OBJECT(.\Objects\main.obj)

line level    source

   1          #include <STC89C5xRC.H>
   2          #include "Delay.h"
   3          #include "LCD1602.h"
   4          #include "MatrixKey.h"
   5          
   6          unsigned char KeyNum;
   7          unsigned int Password,Count;
   8          
   9          void main()
  10          {
  11   1        LCD_Init();
  12   1        LCD_ShowString(1,1,"Password:");
  13   1        while(1){
  14   2          KeyNum=MatrixKey();
  15   2          if(KeyNum){
  16   3            if(KeyNum<=10&&Count<4){
  17   4              Password*=10;
  18   4              Password+=KeyNum%10;
  19   4              Count++;
  20   4            }
  21   3            LCD_ShowNum(2,1,Password,4);
  22   3            if(KeyNum==11){
  23   4              if(Password==2345){
  24   5                LCD_ShowString(1,14,"OK ");
  25   5                Password=0;
  26   5                Count=0;
  27   5                LCD_ShowString(1,1,"Password:");
  28   5              }
  29   4              else{
  30   5                LCD_ShowString(1,14,"ERR");
  31   5                Password=0;
  32   5                Count=0;
  33   5                LCD_ShowString(1,1,"Password:");
  34   5              }
  35   4            }
  36   3            if(KeyNum==12){
  37   4              Password=0;
  38   4              Count=0;
  39   4              LCD_ShowString(1,1,"Password:");
  40   4            }
  41   3          }
  42   2        }
  43   1      }


MODULE INFORMATION:   STATIC OVERLAYABLE
   CODE SIZE        =    187    ----
   CONSTANT SIZE    =     18    ----
   XDATA SIZE       =   ----    ----
   PDATA SIZE       =   ----    ----
   DATA SIZE        =      5    ----
   IDATA SIZE       =   ----    ----
   BIT SIZE         =   ----    ----
END OF MODULE INFORMATION.

C51 COMPILER V9.54   MAIN                                                                  09/18/2026 18:08:31 PAGE 2   


C51 COMPILATION COMPLETE.  0 WARNING(S),  0 ERROR(S)
