BL51 BANKED LINKER/LOCATER V6.22                                                        09/17/2026  12:58:57  PAGE 1


BL51 BANKED LINKER/LOCATER V6.22, INVOKED BY:
D:\KEIL_V5\C51\BIN\BL51.EXE .\Objects\main.obj, .\Objects\Delay.obj, .\Objects\Nixie.obj TO .\Objects\5-1 PRINT (.\Listi
>> ngs\5-1.m51) RAMSIZE (256)


MEMORY MODEL: SMALL


INPUT MODULES INCLUDED:
  .\Objects\main.obj (MAIN)
  .\Objects\Delay.obj (DELAY)
  .\Objects\Nixie.obj (NIXIE)
  D:\KEIL_V5\C51\LIB\C51S.LIB (?C_STARTUP)
  D:\KEIL_V5\C51\LIB\C51S.LIB (?C_INIT)


LINK MAP OF MODULE:  .\Objects\5-1 (MAIN)


            TYPE    BASE      LENGTH    RELOCATION   SEGMENT NAME
            -----------------------------------------------------

            * * * * * * *   D A T A   M E M O R Y   * * * * * * *
            REG     0000H     0008H     ABSOLUTE     "REG BANK 0"
            DATA    0008H     000AH     UNIT         ?DT?NIXIE
            IDATA   0012H     0001H     UNIT         ?STACK

            * * * * * * *   C O D E   M E M O R Y   * * * * * * *
            CODE    0000H     0003H     ABSOLUTE     
            CODE    0003H     008CH     UNIT         ?C_C51STARTUP
            CODE    008FH     0070H     UNIT         ?PR?_NIXIE?NIXIE
            CODE    00FFH     0023H     UNIT         ?PR?MAIN?MAIN
            CODE    0122H     0016H     UNIT         ?PR?_DELAY?DELAY
            CODE    0138H     000DH     UNIT         ?C_INITSEG



OVERLAY MAP OF MODULE:   .\Objects\5-1 (MAIN)


SEGMENT
  +--> CALLED SEGMENT
---------------------
?C_C51STARTUP
  +--> ?PR?MAIN?MAIN
  +--> ?C_INITSEG

?PR?MAIN?MAIN
  +--> ?PR?_NIXIE?NIXIE

?PR?_NIXIE?NIXIE
  +--> ?PR?_DELAY?DELAY



SYMBOL TABLE OF MODULE:  .\Objects\5-1 (MAIN)

  VALUE           TYPE          NAME
BL51 BANKED LINKER/LOCATER V6.22                                                      09/17/2026  12:58:57  PAGE 2


  ----------------------------------

  -------         MODULE        MAIN
  C:0000H         SYMBOL        _ICE_DUMMY_
  D:0080H         PUBLIC        P0
  D:0090H         PUBLIC        P1
  D:00A0H         PUBLIC        P2
  D:00B0H         PUBLIC        P3
  D:00E8H         PUBLIC        P4
  D:00A8H         PUBLIC        IE
  D:00B8H         PUBLIC        IP
  C:00FFH         PUBLIC        main
  D:0098H         PUBLIC        SCON
  D:0088H         PUBLIC        TCON
  D:00C8H         PUBLIC        T2CON
  D:00D0H         PUBLIC        PSW
  -------         PROC          MAIN
  C:00FFH         LINE#         5
  C:00FFH         LINE#         6
  C:00FFH         LINE#         7
  C:010AH         LINE#         8
  C:0115H         LINE#         9
  C:0120H         LINE#         10
  -------         ENDPROC       MAIN
  -------         ENDMOD        MAIN

  -------         MODULE        DELAY
  C:0000H         SYMBOL        _ICE_DUMMY_
  C:0122H         PUBLIC        _Delay
  -------         PROC          _DELAY
  D:0006H         SYMBOL        xms
  -------         DO            
  D:0005H         SYMBOL        i
  D:0004H         SYMBOL        j
  -------         ENDDO         
  C:0122H         LINE#         3
  C:0122H         LINE#         4
  C:0122H         LINE#         6
  C:012CH         LINE#         7
  C:012DH         LINE#         8
  C:012FH         LINE#         9
  C:0131H         LINE#         11
  C:0131H         LINE#         12
  C:0133H         LINE#         13
  C:0135H         LINE#         14
  C:0137H         LINE#         15
  -------         ENDPROC       _DELAY
  -------         ENDMOD        DELAY

  -------         MODULE        NIXIE
  C:0000H         SYMBOL        _ICE_DUMMY_
  C:008FH         PUBLIC        _Nixie
  D:0080H         PUBLIC        P0
  D:0090H         PUBLIC        P1
  D:00A0H         PUBLIC        P2
  D:00B0H         PUBLIC        P3
  D:00E8H         PUBLIC        P4
BL51 BANKED LINKER/LOCATER V6.22                                                      09/17/2026  12:58:57  PAGE 3


  D:00A8H         PUBLIC        IE
  D:00B8H         PUBLIC        IP
  D:0098H         PUBLIC        SCON
  B:00A0H.2       PUBLIC        P22
  D:0088H         PUBLIC        TCON
  B:00A0H.3       PUBLIC        P23
  B:00A0H.4       PUBLIC        P24
  D:00C8H         PUBLIC        T2CON
  D:0008H         PUBLIC        NixieTable
  D:00D0H         PUBLIC        PSW
  -------         PROC          _NIXIE
  D:0006H         SYMBOL        Location
  D:0004H         SYMBOL        Number
  C:008FH         LINE#         6
  C:008FH         LINE#         7
  C:008FH         LINE#         8
  C:00BFH         LINE#         9
  C:00BFH         LINE#         10
  C:00C1H         LINE#         11
  C:00C3H         LINE#         12
  C:00C3H         LINE#         13
  C:00C5H         LINE#         14
  C:00C7H         LINE#         15
  C:00C7H         LINE#         16
  C:00C9H         LINE#         17
  C:00CBH         LINE#         18
  C:00CBH         LINE#         19
  C:00CDH         LINE#         20
  C:00CFH         LINE#         21
  C:00CFH         LINE#         22
  C:00D5H         LINE#         23
  C:00D7H         LINE#         24
  C:00D7H         LINE#         25
  C:00DDH         LINE#         26
  C:00DFH         LINE#         27
  C:00DFH         LINE#         28
  C:00E5H         LINE#         29
  C:00E7H         LINE#         30
  C:00E7H         LINE#         31
  C:00EDH         LINE#         32
  C:00EDH         LINE#         33
  C:00EDH         LINE#         34
  C:00F4H         LINE#         35
  C:00FBH         LINE#         36
  C:00FEH         LINE#         37
  -------         ENDPROC       _NIXIE
  -------         ENDMOD        NIXIE

Program Size: data=19.0 xdata=0 code=325
LINK/LOCATE RUN COMPLETE.  0 WARNING(S),  0 ERROR(S)
