BL51 BANKED LINKER/LOCATER V6.22                                                        09/16/2026  17:20:32  PAGE 1


BL51 BANKED LINKER/LOCATER V6.22, INVOKED BY:
D:\KEIL_V5\C51\BIN\BL51.EXE .\Objects\main.obj TO .\Objects\4-2 PRINT (.\Listings\4-2.m51) RAMSIZE (256)


MEMORY MODEL: SMALL


INPUT MODULES INCLUDED:
  .\Objects\main.obj (MAIN)
  D:\KEIL_V5\C51\LIB\C51S.LIB (?C_STARTUP)
  D:\KEIL_V5\C51\LIB\C51S.LIB (?C_INIT)


LINK MAP OF MODULE:  .\Objects\4-2 (MAIN)


            TYPE    BASE      LENGTH    RELOCATION   SEGMENT NAME
            -----------------------------------------------------

            * * * * * * *   D A T A   M E M O R Y   * * * * * * *
            REG     0000H     0008H     ABSOLUTE     "REG BANK 0"
            DATA    0008H     000AH     UNIT         ?DT?MAIN
            IDATA   0012H     0001H     UNIT         ?STACK

            * * * * * * *   C O D E   M E M O R Y   * * * * * * *
            CODE    0000H     0003H     ABSOLUTE     
            CODE    0003H     008CH     UNIT         ?C_C51STARTUP
            CODE    008FH     0074H     UNIT         ?PR?_NIXIE?MAIN
            CODE    0103H     001BH     UNIT         ?PR?MAIN?MAIN
            CODE    011EH     0015H     UNIT         ?PR?_DELAY1MS?MAIN
            CODE    0133H     000DH     UNIT         ?C_INITSEG



OVERLAY MAP OF MODULE:   .\Objects\4-2 (MAIN)


SEGMENT
  +--> CALLED SEGMENT
---------------------
?C_C51STARTUP
  +--> ?PR?MAIN?MAIN
  +--> ?C_INITSEG

?PR?MAIN?MAIN
  +--> ?PR?_NIXIE?MAIN

?PR?_NIXIE?MAIN
  +--> ?PR?_DELAY1MS?MAIN



SYMBOL TABLE OF MODULE:  .\Objects\4-2 (MAIN)

  VALUE           TYPE          NAME
  ----------------------------------

  -------         MODULE        MAIN
BL51 BANKED LINKER/LOCATER V6.22                                                      09/16/2026  17:20:32  PAGE 2


  C:0000H         SYMBOL        _ICE_DUMMY_
  C:0093H         PUBLIC        _Nixie
  D:0080H         PUBLIC        P0
  D:0090H         PUBLIC        P1
  D:00A0H         PUBLIC        P2
  D:00B0H         PUBLIC        P3
  D:00E8H         PUBLIC        P4
  C:011EH         PUBLIC        _Delay1ms
  D:00A8H         PUBLIC        IE
  D:00B8H         PUBLIC        IP
  C:0103H         PUBLIC        main
  D:0098H         PUBLIC        SCON
  B:00A0H.2       PUBLIC        P22
  D:0088H         PUBLIC        TCON
  B:00A0H.3       PUBLIC        P23
  B:00A0H.4       PUBLIC        P24
  D:00C8H         PUBLIC        T2CON
  D:0008H         PUBLIC        NixieTable
  D:00D0H         PUBLIC        PSW
  -------         PROC          _DELAY1MS
  D:0006H         SYMBOL        xms
  -------         DO            
  D:0005H         SYMBOL        i
  D:0004H         SYMBOL        j
  -------         ENDDO         
  C:011EH         LINE#         4
  C:011EH         LINE#         5
  C:011EH         LINE#         7
  C:0122H         LINE#         8
  C:0127H         LINE#         9
  C:0128H         LINE#         10
  C:012AH         LINE#         11
  C:012CH         LINE#         13
  C:012CH         LINE#         14
  C:012EH         LINE#         15
  C:0130H         LINE#         16
  C:0132H         LINE#         17
  -------         ENDPROC       _DELAY1MS
  -------         PROC          L?0029
  -------         ENDPROC       L?0029
  -------         PROC          _NIXIE
  D:0006H         SYMBOL        Location
  D:0004H         SYMBOL        Number
  C:0093H         LINE#         21
  C:0093H         LINE#         22
  C:0093H         LINE#         23
  C:00C3H         LINE#         24
  C:00C3H         LINE#         25
  C:00C5H         LINE#         26
  C:00C7H         LINE#         27
  C:00C7H         LINE#         28
  C:00C9H         LINE#         29
  C:00CBH         LINE#         30
  C:00CBH         LINE#         31
  C:00CDH         LINE#         32
  C:00CFH         LINE#         33
  C:00CFH         LINE#         34
BL51 BANKED LINKER/LOCATER V6.22                                                      09/16/2026  17:20:32  PAGE 3


  C:00D1H         LINE#         35
  C:00D3H         LINE#         36
  C:00D3H         LINE#         37
  C:00D9H         LINE#         38
  C:00DBH         LINE#         39
  C:00DBH         LINE#         40
  C:00E1H         LINE#         41
  C:00E3H         LINE#         42
  C:00E3H         LINE#         43
  C:00E9H         LINE#         44
  C:00EBH         LINE#         45
  C:00EBH         LINE#         46
  C:00F1H         LINE#         47
  C:00F1H         LINE#         48
  C:00F1H         LINE#         49
  C:00F8H         LINE#         50
  C:00FFH         LINE#         51
  C:0102H         LINE#         52
  -------         ENDPROC       _NIXIE
  -------         PROC          MAIN
  C:0103H         LINE#         54
  C:0103H         LINE#         55
  C:0103H         LINE#         56
  C:010AH         LINE#         57
  C:0111H         LINE#         58
  C:011CH         LINE#         59
  -------         ENDPROC       MAIN
  -------         ENDMOD        MAIN

Program Size: data=19.0 xdata=0 code=320
LINK/LOCATE RUN COMPLETE.  0 WARNING(S),  0 ERROR(S)
