C51 COMPILER V9.54   MAIN                                                                  09/16/2026 17:20:32 PAGE 1   


C51 COMPILER V9.54, COMPILATION OF MODULE MAIN
OBJECT MODULE PLACED IN .\Objects\main.obj
COMPILER INVOKED BY: D:\Keil_v5\C51\BIN\C51.EXE main.c OPTIMIZE(8,SPEED) BROWSE DEBUG OBJECTEXTEND PRINT(.\Listings\main
                    -.lst) TABS(2) OBJECT(.\Objects\main.obj)

line level    source

   1          #include <STC89C5xRC.H>
   2          #include <INTRINS.H>
   3          
   4          void Delay1ms(unsigned int xms)   //@11.0592MHz
   5          {
   6   1        unsigned char i, j;
   7   1        while(xms){
   8   2          xms--;
   9   2          _nop_();
  10   2          i = 2;
  11   2          j = 199;
  12   2          do
  13   2          {
  14   3            while (--j);
  15   3          } while (--i);
  16   2        }
  17   1      }
  18          
  19          unsigned char NixieTable[]={0x3f,0x06,0x5b,0x4f,0x66,0x6d,0x7d,0x07,0x7f,0x6f};
  20          
  21          void Nixie(unsigned int Location,Number)
  22          {
  23   1        switch(Location){
  24   2          case 1:
  25   2            P24=1;P23=1;P22=1;
  26   2          break;
  27   2          case 2:
  28   2            P24=1;P23=1;P22=0;
  29   2          break;
  30   2          case 3:
  31   2            P24=1;P23=0;P22=1;
  32   2          break;
  33   2          case 4:
  34   2            P24=1;P23=0;P22=0;
  35   2          break;
  36   2          case 5:
  37   2            P24=0;P23=1;P22=1;
  38   2          break;
  39   2          case 6:
  40   2            P24=0;P23=1;P22=0;
  41   2          break;
  42   2          case 7:
  43   2            P24=0;P23=0;P22=1;
  44   2          break;
  45   2          case 8:
  46   2            P24=0;P23=0;P22=0;
  47   2          break;
  48   2        }
  49   1        P0=NixieTable[Number];
  50   1        Delay1ms(1);
  51   1        P0=0x00;
  52   1      }
  53          
  54          void main(){
C51 COMPILER V9.54   MAIN                                                                  09/16/2026 17:20:32 PAGE 2   

  55   1        while(1){
  56   2          Nixie(1,1);
  57   2          Nixie(2,2);
  58   2          Nixie(3,3);
  59   2        }
  60   1      }


MODULE INFORMATION:   STATIC OVERLAYABLE
   CODE SIZE        =    164    ----
   CONSTANT SIZE    =   ----    ----
   XDATA SIZE       =   ----    ----
   PDATA SIZE       =   ----    ----
   DATA SIZE        =     10    ----
   IDATA SIZE       =   ----    ----
   BIT SIZE         =   ----    ----
END OF MODULE INFORMATION.


C51 COMPILATION COMPLETE.  0 WARNING(S),  0 ERROR(S)
