BL51 BANKED LINKER/LOCATER V6.22                                                        09/23/2026  22:06:19  PAGE 1


BL51 BANKED LINKER/LOCATER V6.22, INVOKED BY:
D:\KEIL_V5\C51\BIN\BL51.EXE .\Objects\main.obj, .\Objects\Delay.obj, .\Objects\Key.obj, .\Objects\Nixie.obj, .\Objects\B
>> uzzer.obj TO .\Objects\11-1 PRINT (.\Listings\11-1.m51) RAMSIZE (256)


MEMORY MODEL: SMALL


INPUT MODULES INCLUDED:
  .\Objects\main.obj (MAIN)
  .\Objects\Delay.obj (DELAY)
  .\Objects\Key.obj (KEY)
  .\Objects\Nixie.obj (NIXIE)
  .\Objects\Buzzer.obj (BUZZER)
  D:\KEIL_V5\C51\LIB\C51S.LIB (?C_STARTUP)
  D:\KEIL_V5\C51\LIB\C51S.LIB (?C_INIT)


LINK MAP OF MODULE:  .\Objects\11-1 (MAIN)


            TYPE    BASE      LENGTH    RELOCATION   SEGMENT NAME
            -----------------------------------------------------

            * * * * * * *   D A T A   M E M O R Y   * * * * * * *
            REG     0000H     0008H     ABSOLUTE     "REG BANK 0"
            DATA    0008H     000AH     UNIT         ?DT?NIXIE
            DATA    0012H     0001H     UNIT         ?DT?MAIN
            DATA    0013H     0001H     UNIT         _DATA_GROUP_
            IDATA   0014H     0001H     UNIT         ?STACK

            * * * * * * *   C O D E   M E M O R Y   * * * * * * *
            CODE    0000H     0003H     ABSOLUTE     
            CODE    0003H     008CH     UNIT         ?C_C51STARTUP
            CODE    008FH     0066H     UNIT         ?PR?_NIXIE?NIXIE
            CODE    00F5H     0061H     UNIT         ?PR?KEY?KEY
            CODE    0156H     0027H     UNIT         ?PR?MAIN?MAIN
            CODE    017DH     0022H     UNIT         ?PR?_BUZZER_TIME?BUZZER
            CODE    019FH     0016H     UNIT         ?PR?_DELAY?DELAY
            CODE    01B5H     000DH     UNIT         ?C_INITSEG
            CODE    01C2H     0006H     UNIT         ?PR?BUZZER_TIMEDELAY500US?BUZZER



OVERLAY MAP OF MODULE:   .\Objects\11-1 (MAIN)


SEGMENT                                    DATA_GROUP 
  +--> CALLED SEGMENT                    START    LENGTH
--------------------------------------------------------
?C_C51STARTUP                            -----    -----
  +--> ?PR?MAIN?MAIN
  +--> ?C_INITSEG

?PR?MAIN?MAIN                            -----    -----
  +--> ?PR?_NIXIE?NIXIE
  +--> ?PR?KEY?KEY
  +--> ?PR?_BUZZER_TIME?BUZZER
BL51 BANKED LINKER/LOCATER V6.22                                                      09/23/2026  22:06:19  PAGE 2



?PR?KEY?KEY                              0013H    0001H
  +--> ?PR?_DELAY?DELAY

?PR?_BUZZER_TIME?BUZZER                  -----    -----
  +--> ?PR?BUZZER_TIMEDELAY500US?BUZZER



SYMBOL TABLE OF MODULE:  .\Objects\11-1 (MAIN)

  VALUE           TYPE          NAME
  ----------------------------------

  -------         MODULE        MAIN
  C:0000H         SYMBOL        _ICE_DUMMY_
  D:0080H         PUBLIC        P0
  D:0090H         PUBLIC        P1
  D:00A0H         PUBLIC        P2
  D:00B0H         PUBLIC        P3
  D:00E8H         PUBLIC        P4
  D:00A8H         PUBLIC        IE
  D:00B8H         PUBLIC        IP
  C:0156H         PUBLIC        main
  D:0098H         PUBLIC        SCON
  D:0088H         PUBLIC        TCON
  D:0012H         PUBLIC        KeyNum
  D:00C8H         PUBLIC        T2CON
  D:00D0H         PUBLIC        PSW
  -------         PROC          MAIN
  C:0156H         LINE#         10
  C:0156H         LINE#         11
  C:0156H         LINE#         12
  C:015FH         LINE#         13
  C:015FH         LINE#         14
  C:0164H         LINE#         15
  C:0168H         LINE#         16
  C:0168H         LINE#         17
  C:016FH         LINE#         18
  C:017BH         LINE#         19
  C:017BH         LINE#         20
  -------         ENDPROC       MAIN
  -------         ENDMOD        MAIN

  -------         MODULE        DELAY
  C:0000H         SYMBOL        _ICE_DUMMY_
  C:019FH         PUBLIC        _Delay
  -------         PROC          _DELAY
  D:0006H         SYMBOL        xms
  -------         DO            
  D:0005H         SYMBOL        i
  D:0004H         SYMBOL        j
  -------         ENDDO         
  C:019FH         LINE#         3
  C:019FH         LINE#         4
  C:019FH         LINE#         6
  C:01A9H         LINE#         7
BL51 BANKED LINKER/LOCATER V6.22                                                      09/23/2026  22:06:19  PAGE 3


  C:01AAH         LINE#         8
  C:01ACH         LINE#         9
  C:01AEH         LINE#         11
  C:01AEH         LINE#         12
  C:01B0H         LINE#         13
  C:01B2H         LINE#         14
  C:01B4H         LINE#         15
  -------         ENDPROC       _DELAY
  -------         ENDMOD        DELAY

  -------         MODULE        KEY
  C:0000H         SYMBOL        _ICE_DUMMY_
  D:0080H         PUBLIC        P0
  D:0090H         PUBLIC        P1
  D:00A0H         PUBLIC        P2
  D:00B0H         PUBLIC        P3
  D:00E8H         PUBLIC        P4
  D:00A8H         PUBLIC        IE
  D:00B8H         PUBLIC        IP
  C:00F5H         PUBLIC        Key
  B:00B0H.0       PUBLIC        P30
  D:0098H         PUBLIC        SCON
  B:00B0H.1       PUBLIC        P31
  D:0088H         PUBLIC        TCON
  B:00B0H.2       PUBLIC        P32
  B:00B0H.3       PUBLIC        P33
  D:00C8H         PUBLIC        T2CON
  D:00D0H         PUBLIC        PSW
  -------         PROC          KEY
  -------         DO            
  D:0013H         SYMBOL        KeyNumber
  -------         ENDDO         
  C:00F5H         LINE#         4
  C:00F5H         LINE#         5
  C:00F5H         LINE#         6
  C:00F8H         LINE#         7
  C:010EH         LINE#         8
  C:0125H         LINE#         9
  C:013CH         LINE#         10
  C:0153H         LINE#         12
  C:0155H         LINE#         13
  -------         ENDPROC       KEY
  -------         ENDMOD        KEY

  -------         MODULE        NIXIE
  C:0000H         SYMBOL        _ICE_DUMMY_
  C:008FH         PUBLIC        _Nixie
  D:0080H         PUBLIC        P0
  D:0090H         PUBLIC        P1
  D:00A0H         PUBLIC        P2
  D:00B0H         PUBLIC        P3
  D:00E8H         PUBLIC        P4
  D:00A8H         PUBLIC        IE
  D:00B8H         PUBLIC        IP
  D:0098H         PUBLIC        SCON
  B:00A0H.2       PUBLIC        P22
  D:0088H         PUBLIC        TCON
BL51 BANKED LINKER/LOCATER V6.22                                                      09/23/2026  22:06:19  PAGE 4


  B:00A0H.3       PUBLIC        P23
  B:00A0H.4       PUBLIC        P24
  D:00C8H         PUBLIC        T2CON
  D:0008H         PUBLIC        NixieTable
  D:00D0H         PUBLIC        PSW
  -------         PROC          _NIXIE
  D:0006H         SYMBOL        Location
  D:0004H         SYMBOL        Number
  C:008FH         LINE#         6
  C:008FH         LINE#         7
  C:008FH         LINE#         8
  C:00BFH         LINE#         9
  C:00BFH         LINE#         10
  C:00C1H         LINE#         11
  C:00C3H         LINE#         12
  C:00C3H         LINE#         13
  C:00C5H         LINE#         14
  C:00C7H         LINE#         15
  C:00C7H         LINE#         16
  C:00C9H         LINE#         17
  C:00CBH         LINE#         18
  C:00CBH         LINE#         19
  C:00CDH         LINE#         20
  C:00CFH         LINE#         21
  C:00CFH         LINE#         22
  C:00D5H         LINE#         23
  C:00D7H         LINE#         24
  C:00D7H         LINE#         25
  C:00DDH         LINE#         26
  C:00DFH         LINE#         27
  C:00DFH         LINE#         28
  C:00E5H         LINE#         29
  C:00E7H         LINE#         30
  C:00E7H         LINE#         31
  C:00EDH         LINE#         32
  C:00EDH         LINE#         33
  C:00EDH         LINE#         34
  C:00F4H         LINE#         37
  -------         ENDPROC       _NIXIE
  -------         ENDMOD        NIXIE

  -------         MODULE        BUZZER
  C:0000H         SYMBOL        _ICE_DUMMY_
  D:0080H         PUBLIC        P0
  D:0090H         PUBLIC        P1
  D:00A0H         PUBLIC        P2
  D:00B0H         PUBLIC        P3
  D:00E8H         PUBLIC        P4
  B:00A0H.5       PUBLIC        Buzzer
  D:00A8H         PUBLIC        IE
  D:00B8H         PUBLIC        IP
  D:0098H         PUBLIC        SCON
  D:0088H         PUBLIC        TCON
  D:00C8H         PUBLIC        T2CON
  C:01C2H         PUBLIC        Buzzer_TimeDelay500us
  C:017DH         PUBLIC        _Buzzer_Time
  D:00D0H         PUBLIC        PSW
BL51 BANKED LINKER/LOCATER V6.22                                                      09/23/2026  22:06:19  PAGE 5


  -------         PROC          BUZZER_TIMEDELAY500US
  -------         DO            
  D:0007H         SYMBOL        i
  -------         ENDDO         
  C:01C2H         LINE#         7
  C:01C2H         LINE#         8
  C:01C2H         LINE#         11
  C:01C3H         LINE#         12
  C:01C5H         LINE#         13
  C:01C7H         LINE#         14
  -------         ENDPROC       BUZZER_TIMEDELAY500US
  -------         PROC          _BUZZER_TIME
  D:0004H         SYMBOL        ms
  -------         DO            
  D:0002H         SYMBOL        i
  -------         ENDDO         
  C:017DH         LINE#         16
  C:0181H         LINE#         17
  C:0181H         LINE#         19
  C:0192H         LINE#         20
  C:0192H         LINE#         21
  C:0194H         LINE#         22
  C:0197H         LINE#         23
  C:019EH         LINE#         24
  -------         ENDPROC       _BUZZER_TIME
  -------         ENDMOD        BUZZER

Program Size: data=21.0 xdata=0 code=456
LINK/LOCATE RUN COMPLETE.  0 WARNING(S),  0 ERROR(S)
