C51 COMPILER V9.54   MAIN                                                                  09/23/2026 22:05:04 PAGE 1   


C51 COMPILER V9.54, COMPILATION OF MODULE MAIN
OBJECT MODULE PLACED IN .\Objects\main.obj
COMPILER INVOKED BY: D:\Keil_v5\C51\BIN\C51.EXE main.c OPTIMIZE(8,SPEED) BROWSE DEBUG OBJECTEXTEND PRINT(.\Listings\main
                    -.lst) OBJECT(.\Objects\main.obj)

line level    source

   1          #include <STC89C5xRC.H>
   2          #include "Buzzer.h"
   3          #include "Key.h"
   4          #include "Nixie.h"
   5          
   6          sbit Buzzer=P2^5;
   7          
   8          unsigned char KeyNum;
   9          
  10          void main()
  11          {
  12   1              Nixie(1,0);
  13   1              while(1){
  14   2                      KeyNum=Key();
  15   2                      if(KeyNum)
  16   2                      {
  17   3                              Buzzer_Time(100);
  18   3                              Nixie(1,KeyNum);
  19   3                      }
  20   2              }
  21   1      }


MODULE INFORMATION:   STATIC OVERLAYABLE
   CODE SIZE        =     39    ----
   CONSTANT SIZE    =   ----    ----
   XDATA SIZE       =   ----    ----
   PDATA SIZE       =   ----    ----
   DATA SIZE        =      1    ----
   IDATA SIZE       =   ----    ----
   BIT SIZE         =   ----    ----
END OF MODULE INFORMATION.


C51 COMPILATION COMPLETE.  0 WARNING(S),  0 ERROR(S)
