C51 COMPILER V9.54   NIXIE                                                                 09/23/2026 21:45:51 PAGE 1   


C51 COMPILER V9.54, COMPILATION OF MODULE NIXIE
OBJECT MODULE PLACED IN .\Objects\Nixie.obj
COMPILER INVOKED BY: D:\Keil_v5\C51\BIN\C51.EXE Nixie.c OPTIMIZE(8,SPEED) BROWSE DEBUG OBJECTEXTEND PRINT(.\Listings\Nix
                    -ie.lst) OBJECT(.\Objects\Nixie.obj)

line level    source

   1          #include <STC89C5xRC.H>
   2          #include "Delay.h"
   3          
   4          unsigned char NixieTable[]={0x3f,0x06,0x5b,0x4f,0x66,0x6d,0x7d,0x07,0x7f,0x6f};
   5          
   6          void Nixie(unsigned int Location,Number)
   7          {
   8   1              switch(Location){
   9   2                      case 1:
  10   2                              P24=1;P23=1;P22=1;
  11   2                      break;
  12   2                      case 2:
  13   2                              P24=1;P23=1;P22=0;
  14   2                      break;
  15   2                      case 3:
  16   2                              P24=1;P23=0;P22=1;
  17   2                      break;
  18   2                      case 4:
  19   2                              P24=1;P23=0;P22=0;
  20   2                      break;
  21   2                      case 5:
  22   2                              P24=0;P23=1;P22=1;
  23   2                      break;
  24   2                      case 6:
  25   2                              P24=0;P23=1;P22=0;
  26   2                      break;
  27   2                      case 7:
  28   2                              P24=0;P23=0;P22=1;
  29   2                      break;
  30   2                      case 8:
  31   2                              P24=0;P23=0;P22=0;
  32   2                      break;
  33   2              }
  34   1              P0=NixieTable[Number];
  35   1      //      Delay(1);
  36   1      //      P0=0x00;
  37   1      }


MODULE INFORMATION:   STATIC OVERLAYABLE
   CODE SIZE        =    102    ----
   CONSTANT SIZE    =   ----    ----
   XDATA SIZE       =   ----    ----
   PDATA SIZE       =   ----    ----
   DATA SIZE        =     10    ----
   IDATA SIZE       =   ----    ----
   BIT SIZE         =   ----    ----
END OF MODULE INFORMATION.


C51 COMPILATION COMPLETE.  0 WARNING(S),  0 ERROR(S)
