C51 COMPILER V9.54   MAIN                                                                  09/19/2026 16:45:06 PAGE 1   


C51 COMPILER V9.54, COMPILATION OF MODULE MAIN
OBJECT MODULE PLACED IN .\Objects\main.obj
COMPILER INVOKED BY: D:\Keil_v5\C51\BIN\C51.EXE main.c OPTIMIZE(8,SPEED) BROWSE DEBUG OBJECTEXTEND PRINT(.\Listings\main
                    -.lst) OBJECT(.\Objects\main.obj)

line level    source

   1          #include <STC89C5xRC.H>
   2          #include "Timer0.h"
   3          #include "Key.h"
   4          #include <INTRINS.H>
   5          
   6          
   7          unsigned char KeyNum,LEDMode;
   8          
   9          void main()
  10          {
  11   1              P2=0xFE;
  12   1              Timer0Init();
  13   1              while(1){
  14   2                      KeyNum=Key();
  15   2                      if(KeyNum){
  16   3                              if(KeyNum==1){
  17   4                                      LEDMode++;
  18   4                                      if(LEDMode>=2)LEDMode=0;
  19   4                              }
  20   3                      }
  21   2              }
  22   1      }
  23          
  24          void Timer0_Routine() interrupt 1
  25          {
  26   1              static unsigned int T0Count;
  27   1              TL0 = 0x66;
  28   1              TH0 = 0xFC;
  29   1              T0Count++;
  30   1              if(T0Count>=500){
  31   2                      T0Count=0;
  32   2                      if(LEDMode==0)P2=_crol_(P2,1);
  33   2                      if(LEDMode==1)P2=_cror_(P2,1);
  34   2              }
  35   1      }


MODULE INFORMATION:   STATIC OVERLAYABLE
   CODE SIZE        =    116    ----
   CONSTANT SIZE    =   ----    ----
   XDATA SIZE       =   ----    ----
   PDATA SIZE       =   ----    ----
   DATA SIZE        =      4    ----
   IDATA SIZE       =   ----    ----
   BIT SIZE         =   ----    ----
END OF MODULE INFORMATION.


C51 COMPILATION COMPLETE.  0 WARNING(S),  0 ERROR(S)
