BL51 BANKED LINKER/LOCATER V6.22                                                        09/24/2026  23:14:04  PAGE 1


BL51 BANKED LINKER/LOCATER V6.22, INVOKED BY:
D:\KEIL_V5\C51\BIN\BL51.EXE .\Objects\main.obj, .\Objects\Delay.obj, .\Objects\Key.obj, .\Objects\Nixie.obj, .\Objects\T
>> imer0.obj, .\Objects\AT24C02.obj, .\Objects\I2C.obj TO .\Objects\12-2 PRINT (.\Listings\12-2.m51) RAMSIZE (256) DISAB
>> LEWARNING (16)


MEMORY MODEL: SMALL


INPUT MODULES INCLUDED:
  .\Objects\main.obj (MAIN)
  .\Objects\Delay.obj (DELAY)
  .\Objects\Key.obj (KEY)
  .\Objects\Nixie.obj (NIXIE)
  .\Objects\Timer0.obj (TIMER0)
  .\Objects\AT24C02.obj (AT24C02)
  .\Objects\I2C.obj (I2C)
  D:\KEIL_V5\C51\LIB\C51S.LIB (?C_STARTUP)
  D:\KEIL_V5\C51\LIB\C51S.LIB (?C_INIT)


LINK MAP OF MODULE:  .\Objects\12-2 (MAIN)


            TYPE    BASE      LENGTH    RELOCATION   SEGMENT NAME
            -----------------------------------------------------

            * * * * * * *   D A T A   M E M O R Y   * * * * * * *
            REG     0000H     0008H     ABSOLUTE     "REG BANK 0"
            DATA    0008H     0016H     UNIT         ?DT?NIXIE
            DATA    001EH     000BH     UNIT         ?DT?MAIN
            DATA    0029H     0003H     UNIT         ?DT?KEY
            DATA    002CH     0003H     UNIT         _DATA_GROUP_
            IDATA   002FH     0001H     UNIT         ?STACK

            * * * * * * *   C O D E   M E M O R Y   * * * * * * *
            CODE    0000H     0003H     ABSOLUTE     
            CODE    0003H     0007H     UNIT         ?PR?I2C_STOP?I2C
                    000AH     0001H                  *** GAP ***
            CODE    000BH     0003H     ABSOLUTE     
            CODE    000EH     00D2H     UNIT         ?PR?MAIN?MAIN
            CODE    00E0H     008CH     UNIT         ?PR?TIMER0_ROUTINE?MAIN
            CODE    016CH     008CH     UNIT         ?C_C51STARTUP
            CODE    01F8H     0069H     UNIT         ?PR?_NIXIE_SCAN?NIXIE
            CODE    0261H     0039H     UNIT         ?PR?KEY_LOOP?KEY
            CODE    029AH     0030H     UNIT         ?PR?_AT24C02_READBYTE?AT24C02
            CODE    02CAH     0029H     UNIT         ?PR?_I2C_SENDBYTE?I2C
            CODE    02F3H     0027H     UNIT         ?PR?SEC_LOOP?MAIN
            CODE    031AH     0024H     UNIT         ?PR?_AT24C02_WRITEBYTE?AT24C02
            CODE    033EH     001EH     UNIT         ?PR?I2C_RECEIVEBYTE?I2C
            CODE    035CH     001DH     UNIT         ?PR?NIXIE_LOOP?NIXIE
            CODE    0379H     001DH     UNIT         ?C_INITSEG
            CODE    0396H     0017H     UNIT         ?PR?TIMER0_INIT?TIMER0
            CODE    03ADH     0016H     UNIT         ?PR?_DELAY?DELAY
            CODE    03C3H     0016H     UNIT         ?PR?KEY_GETSTATE?KEY
            CODE    03D9H     000CH     UNIT         ?PR?I2C_RECEIVEACK?I2C
            CODE    03E5H     000AH     UNIT         ?PR?_I2C_SENDACK?I2C
            CODE    03EFH     0009H     UNIT         ?PR?_NIXIE_SETBUF?NIXIE
BL51 BANKED LINKER/LOCATER V6.22                                                      09/24/2026  23:14:04  PAGE 2


            CODE    03F8H     0009H     UNIT         ?PR?I2C_START?I2C
            CODE    0401H     0006H     UNIT         ?PR?KEY?KEY



OVERLAY MAP OF MODULE:   .\Objects\12-2 (MAIN)


SEGMENT                                  DATA_GROUP 
  +--> CALLED SEGMENT                  START    LENGTH
------------------------------------------------------
?PR?TIMER0_ROUTINE?MAIN                -----    -----
  +--> ?PR?KEY_LOOP?KEY
  +--> ?PR?NIXIE_LOOP?NIXIE
  +--> ?PR?SEC_LOOP?MAIN

?PR?KEY_LOOP?KEY                       -----    -----
  +--> ?PR?KEY_GETSTATE?KEY

?PR?NIXIE_LOOP?NIXIE                   -----    -----
  +--> ?PR?_NIXIE_SCAN?NIXIE

*** NEW ROOT ***************************************************

?C_C51STARTUP                          -----    -----
  +--> ?PR?MAIN?MAIN
  +--> ?C_INITSEG

?PR?MAIN?MAIN                          -----    -----
  +--> ?PR?TIMER0_INIT?TIMER0
  +--> ?PR?KEY?KEY
  +--> ?PR?_AT24C02_WRITEBYTE?AT24C02
  +--> ?PR?_AT24C02_READBYTE?AT24C02
  +--> ?PR?_NIXIE_SETBUF?NIXIE

?PR?_AT24C02_WRITEBYTE?AT24C02         002CH    0003H
  +--> ?PR?I2C_START?I2C
  +--> ?PR?_I2C_SENDBYTE?I2C
  +--> ?PR?I2C_RECEIVEACK?I2C
  +--> ?PR?I2C_STOP?I2C

?PR?_AT24C02_READBYTE?AT24C02          002CH    0002H
  +--> ?PR?I2C_START?I2C
  +--> ?PR?_I2C_SENDBYTE?I2C
  +--> ?PR?I2C_RECEIVEACK?I2C
  +--> ?PR?I2C_RECEIVEBYTE?I2C
  +--> ?PR?_I2C_SENDACK?I2C
  +--> ?PR?I2C_STOP?I2C



SYMBOL TABLE OF MODULE:  .\Objects\12-2 (MAIN)

  VALUE           TYPE          NAME
  ----------------------------------

  -------         MODULE        MAIN
BL51 BANKED LINKER/LOCATER V6.22                                                      09/24/2026  23:14:04  PAGE 3


  C:0000H         SYMBOL        _ICE_DUMMY_
  C:00E0H         PUBLIC        Timer0_Routine
  D:0080H         PUBLIC        P0
  D:0090H         PUBLIC        P1
  D:00A0H         PUBLIC        P2
  D:00B0H         PUBLIC        P3
  D:00E8H         PUBLIC        P4
  D:00A8H         PUBLIC        IE
  C:02F3H         PUBLIC        Sec_Loop
  D:00B8H         PUBLIC        IP
  D:0024H         PUBLIC        Sec
  D:0025H         PUBLIC        Min
  C:000EH         PUBLIC        main
  D:0026H         PUBLIC        RunFlag
  D:0098H         PUBLIC        SCON
  D:0088H         PUBLIC        TCON
  D:0027H         PUBLIC        MinSec
  D:008CH         PUBLIC        TH0
  D:008AH         PUBLIC        TL0
  D:0028H         PUBLIC        KeyNum
  D:00C8H         PUBLIC        T2CON
  D:00D0H         PUBLIC        PSW
  -------         PROC          MAIN
  C:000EH         LINE#         11
  C:000EH         LINE#         12
  C:000EH         LINE#         13
  C:0011H         LINE#         14
  C:0011H         LINE#         15
  C:0016H         LINE#         16
  C:001BH         LINE#         17
  C:001BH         LINE#         18
  C:0027H         LINE#         19
  C:0027H         LINE#         20
  C:002CH         LINE#         21
  C:002CH         LINE#         22
  C:002FH         LINE#         23
  C:0031H         LINE#         24
  C:0033H         LINE#         25
  C:0033H         LINE#         26
  C:0039H         LINE#         27
  C:0039H         LINE#         28
  C:0043H         LINE#         29
  C:004DH         LINE#         30
  C:0057H         LINE#         31
  C:0057H         LINE#         32
  C:005CH         LINE#         33
  C:005CH         LINE#         34
  C:0063H         LINE#         35
  C:006AH         LINE#         36
  C:0071H         LINE#         37
  C:0071H         LINE#         38
  C:007FH         LINE#         39
  C:008FH         LINE#         40
  C:0098H         LINE#         41
  C:00A6H         LINE#         42
  C:00B6H         LINE#         43
  C:00BFH         LINE#         44
BL51 BANKED LINKER/LOCATER V6.22                                                      09/24/2026  23:14:04  PAGE 4


  C:00CDH         LINE#         45
  C:00DDH         LINE#         46
  -------         ENDPROC       MAIN
  -------         PROC          SEC_LOOP
  C:02F3H         LINE#         49
  C:02F3H         LINE#         50
  C:02F3H         LINE#         51
  C:02F7H         LINE#         52
  C:02F7H         LINE#         53
  C:02F9H         LINE#         54
  C:0300H         LINE#         55
  C:0300H         LINE#         56
  C:0303H         LINE#         57
  C:0305H         LINE#         58
  C:030BH         LINE#         59
  C:030BH         LINE#         60
  C:030EH         LINE#         61
  C:0310H         LINE#         62
  C:0316H         LINE#         63
  C:0316H         LINE#         64
  C:0319H         LINE#         65
  C:0319H         LINE#         66
  C:0319H         LINE#         67
  C:0319H         LINE#         68
  C:0319H         LINE#         69
  -------         ENDPROC       SEC_LOOP
  -------         PROC          TIMER0_ROUTINE
  -------         DO            
  D:001EH         SYMBOL        T0Count1
  D:0020H         SYMBOL        T0Count2
  D:0022H         SYMBOL        T0Count3
  -------         ENDDO         
  C:00E0H         LINE#         71
  C:00FDH         LINE#         74
  C:0100H         LINE#         75
  C:0103H         LINE#         76
  C:010BH         LINE#         77
  C:0114H         LINE#         78
  C:011AH         LINE#         79
  C:011DH         LINE#         80
  C:011DH         LINE#         81
  C:0125H         LINE#         82
  C:012EH         LINE#         83
  C:0134H         LINE#         84
  C:0137H         LINE#         85
  C:0137H         LINE#         86
  C:013FH         LINE#         87
  C:0148H         LINE#         88
  C:014EH         LINE#         89
  C:0151H         LINE#         90
  C:0151H         LINE#         91
  -------         ENDPROC       TIMER0_ROUTINE
  -------         ENDMOD        MAIN

  -------         MODULE        DELAY
  C:0000H         SYMBOL        _ICE_DUMMY_
  C:03ADH         PUBLIC        _Delay
BL51 BANKED LINKER/LOCATER V6.22                                                      09/24/2026  23:14:04  PAGE 5


  -------         PROC          _DELAY
  D:0006H         SYMBOL        xms
  -------         DO            
  D:0005H         SYMBOL        i
  D:0004H         SYMBOL        j
  -------         ENDDO         
  C:03ADH         LINE#         3
  C:03ADH         LINE#         4
  C:03ADH         LINE#         6
  C:03B7H         LINE#         7
  C:03B8H         LINE#         8
  C:03BAH         LINE#         9
  C:03BCH         LINE#         11
  C:03BCH         LINE#         12
  C:03BEH         LINE#         13
  C:03C0H         LINE#         14
  C:03C2H         LINE#         15
  -------         ENDPROC       _DELAY
  -------         ENDMOD        DELAY

  -------         MODULE        KEY
  C:0000H         SYMBOL        _ICE_DUMMY_
  D:0080H         PUBLIC        P0
  D:0090H         PUBLIC        P1
  D:00A0H         PUBLIC        P2
  D:00B0H         PUBLIC        P3
  D:00E8H         PUBLIC        P4
  D:00A8H         PUBLIC        IE
  D:00B8H         PUBLIC        IP
  D:002BH         PUBLIC        Key_KeyNumber
  C:0261H         PUBLIC        Key_Loop
  C:0401H         PUBLIC        Key
  C:03C3H         PUBLIC        Key_GetState
  B:00B0H.0       PUBLIC        P30
  D:0098H         PUBLIC        SCON
  B:00B0H.1       PUBLIC        P31
  D:0088H         PUBLIC        TCON
  B:00B0H.2       PUBLIC        P32
  B:00B0H.3       PUBLIC        P33
  D:00C8H         PUBLIC        T2CON
  D:00D0H         PUBLIC        PSW
  -------         PROC          KEY
  -------         DO            
  D:0007H         SYMBOL        Temp
  -------         ENDDO         
  C:0401H         LINE#         6
  C:0401H         LINE#         7
  C:0401H         LINE#         8
  C:0402H         LINE#         9
  C:0404H         LINE#         10
  C:0406H         LINE#         11
  C:0406H         LINE#         12
  -------         ENDPROC       KEY
  -------         PROC          KEY_GETSTATE
  -------         DO            
  D:0007H         SYMBOL        KeyNumber
  -------         ENDDO         
BL51 BANKED LINKER/LOCATER V6.22                                                      09/24/2026  23:14:04  PAGE 6


  C:03C3H         LINE#         14
  C:03C3H         LINE#         15
  C:03C3H         LINE#         16
  C:03C5H         LINE#         17
  C:03C9H         LINE#         18
  C:03CEH         LINE#         19
  C:03D3H         LINE#         20
  C:03D8H         LINE#         22
  C:03D8H         LINE#         23
  -------         ENDPROC       KEY_GETSTATE
  -------         PROC          KEY_LOOP
  -------         DO            
  D:0029H         SYMBOL        NowState
  D:002AH         SYMBOL        LastState
  -------         ENDDO         
  C:0261H         LINE#         25
  C:0261H         LINE#         26
  C:0261H         LINE#         28
  C:0264H         LINE#         29
  C:0269H         LINE#         30
  C:0272H         LINE#         31
  C:0272H         LINE#         32
  C:0275H         LINE#         33
  C:0275H         LINE#         34
  C:027EH         LINE#         35
  C:027EH         LINE#         36
  C:0281H         LINE#         37
  C:0281H         LINE#         38
  C:028AH         LINE#         39
  C:028AH         LINE#         40
  C:028DH         LINE#         41
  C:028DH         LINE#         42
  C:0296H         LINE#         43
  C:0296H         LINE#         44
  C:0299H         LINE#         45
  C:0299H         LINE#         46
  -------         ENDPROC       KEY_LOOP
  -------         ENDMOD        KEY

  -------         MODULE        NIXIE
  C:0000H         SYMBOL        _ICE_DUMMY_
  D:0009H         PUBLIC        Nixie_Buf
  D:0080H         PUBLIC        P0
  D:0090H         PUBLIC        P1
  D:00A0H         PUBLIC        P2
  D:00B0H         PUBLIC        P3
  D:00E8H         PUBLIC        P4
  D:00A8H         PUBLIC        IE
  D:00B8H         PUBLIC        IP
  C:03EFH         PUBLIC        _Nixie_SetBuf
  D:0098H         PUBLIC        SCON
  B:00A0H.2       PUBLIC        P22
  D:0088H         PUBLIC        TCON
  B:00A0H.3       PUBLIC        P23
  B:00A0H.4       PUBLIC        P24
  C:01F8H         PUBLIC        _Nixie_Scan
  D:00C8H         PUBLIC        T2CON
BL51 BANKED LINKER/LOCATER V6.22                                                      09/24/2026  23:14:04  PAGE 7


  D:0012H         PUBLIC        NixieTable
  D:00D0H         PUBLIC        PSW
  C:035CH         PUBLIC        Nixie_Loop
  -------         PROC          _NIXIE_SETBUF
  D:0007H         SYMBOL        Location
  D:0004H         SYMBOL        Number
  C:03EFH         LINE#         8
  C:03EFH         LINE#         9
  C:03EFH         LINE#         10
  C:03F7H         LINE#         11
  -------         ENDPROC       _NIXIE_SETBUF
  -------         PROC          _NIXIE_SCAN
  D:0006H         SYMBOL        Location
  D:0004H         SYMBOL        Number
  C:01F8H         LINE#         13
  C:01F8H         LINE#         14
  C:01F8H         LINE#         15
  C:01FBH         LINE#         16
  C:022BH         LINE#         17
  C:022BH         LINE#         18
  C:022DH         LINE#         19
  C:022FH         LINE#         20
  C:022FH         LINE#         21
  C:0231H         LINE#         22
  C:0233H         LINE#         23
  C:0233H         LINE#         24
  C:0235H         LINE#         25
  C:0237H         LINE#         26
  C:0237H         LINE#         27
  C:0239H         LINE#         28
  C:023BH         LINE#         29
  C:023BH         LINE#         30
  C:0241H         LINE#         31
  C:0243H         LINE#         32
  C:0243H         LINE#         33
  C:0249H         LINE#         34
  C:024BH         LINE#         35
  C:024BH         LINE#         36
  C:0251H         LINE#         37
  C:0253H         LINE#         38
  C:0253H         LINE#         39
  C:0259H         LINE#         40
  C:0259H         LINE#         41
  C:0259H         LINE#         42
  C:0260H         LINE#         43
  -------         ENDPROC       _NIXIE_SCAN
  -------         PROC          NIXIE_LOOP
  -------         DO            
  D:0008H         SYMBOL        i
  -------         ENDDO         
  C:035CH         LINE#         45
  C:035CH         LINE#         46
  C:035CH         LINE#         48
  C:036CH         LINE#         49
  C:036EH         LINE#         50
  C:0378H         LINE#         51
  -------         ENDPROC       NIXIE_LOOP
BL51 BANKED LINKER/LOCATER V6.22                                                      09/24/2026  23:14:04  PAGE 8


  -------         ENDMOD        NIXIE

  -------         MODULE        TIMER0
  C:0000H         SYMBOL        _ICE_DUMMY_
  D:0080H         PUBLIC        P0
  D:0090H         PUBLIC        P1
  D:00A0H         PUBLIC        P2
  D:00B0H         PUBLIC        P3
  D:00E8H         PUBLIC        P4
  B:00A8H.7       PUBLIC        EA
  D:00A8H         PUBLIC        IE
  D:00B8H         PUBLIC        IP
  C:0396H         PUBLIC        Timer0_Init
  D:0098H         PUBLIC        SCON
  D:0089H         PUBLIC        TMOD
  D:0088H         PUBLIC        TCON
  B:00A8H.1       PUBLIC        ET0
  B:0088H.5       PUBLIC        TF0
  D:008CH         PUBLIC        TH0
  D:008AH         PUBLIC        TL0
  B:00B8H.1       PUBLIC        PT0
  B:0088H.4       PUBLIC        TR0
  D:00C8H         PUBLIC        T2CON
  D:00D0H         PUBLIC        PSW
  -------         PROC          TIMER0_INIT
  C:0396H         LINE#         3
  C:0396H         LINE#         4
  C:0396H         LINE#         5
  C:0399H         LINE#         6
  C:039CH         LINE#         7
  C:039FH         LINE#         8
  C:03A2H         LINE#         9
  C:03A4H         LINE#         10
  C:03A6H         LINE#         11
  C:03A8H         LINE#         12
  C:03AAH         LINE#         13
  C:03ACH         LINE#         14
  -------         ENDPROC       TIMER0_INIT
  -------         ENDMOD        TIMER0

  -------         MODULE        AT24C02
  C:0000H         SYMBOL        _ICE_DUMMY_
  D:0080H         PUBLIC        P0
  D:0090H         PUBLIC        P1
  D:00A0H         PUBLIC        P2
  D:00B0H         PUBLIC        P3
  D:00E8H         PUBLIC        P4
  D:00A8H         PUBLIC        IE
  C:029AH         PUBLIC        _AT24C02_ReadByte
  D:00B8H         PUBLIC        IP
  C:031AH         PUBLIC        _AT24C02_WriteByte
  D:0098H         PUBLIC        SCON
  D:0088H         PUBLIC        TCON
  D:00C8H         PUBLIC        T2CON
  D:00D0H         PUBLIC        PSW
  -------         PROC          _AT24C02_WRITEBYTE
  D:002CH         SYMBOL        WordAddress
BL51 BANKED LINKER/LOCATER V6.22                                                      09/24/2026  23:14:04  PAGE 9


  D:002DH         SYMBOL        Data
  C:031AH         LINE#         6
  C:0320H         LINE#         7
  C:0320H         LINE#         8
  C:0323H         LINE#         9
  C:0328H         LINE#         10
  C:032BH         LINE#         11
  C:0330H         LINE#         12
  C:0333H         LINE#         13
  C:0338H         LINE#         14
  C:033BH         LINE#         15
  -------         ENDPROC       _AT24C02_WRITEBYTE
  -------         PROC          _AT24C02_READBYTE
  D:002CH         SYMBOL        WordAddress
  -------         DO            
  D:002DH         SYMBOL        Data
  -------         ENDDO         
  C:029AH         LINE#         18
  C:029CH         LINE#         19
  C:029CH         LINE#         21
  C:029FH         LINE#         22
  C:02A4H         LINE#         23
  C:02A7H         LINE#         24
  C:02ACH         LINE#         25
  C:02AFH         LINE#         26
  C:02B2H         LINE#         27
  C:02B7H         LINE#         28
  C:02BAH         LINE#         29
  C:02BFH         LINE#         30
  C:02C4H         LINE#         31
  C:02C7H         LINE#         32
  C:02C9H         LINE#         33
  -------         ENDPROC       _AT24C02_READBYTE
  -------         ENDMOD        AT24C02

  -------         MODULE        I2C
  C:0000H         SYMBOL        _ICE_DUMMY_
  D:0080H         PUBLIC        P0
  D:0090H         PUBLIC        P1
  B:00A0H.1       PUBLIC        I2C_SCL
  D:00A0H         PUBLIC        P2
  D:00B0H         PUBLIC        P3
  D:00E8H         PUBLIC        P4
  D:00A8H         PUBLIC        IE
  D:00B8H         PUBLIC        IP
  C:03F8H         PUBLIC        I2C_Start
  D:0098H         PUBLIC        SCON
  D:0088H         PUBLIC        TCON
  C:03E5H         PUBLIC        _I2C_SendAck
  C:02CAH         PUBLIC        _I2C_SendByte
  C:0003H         PUBLIC        I2C_Stop
  D:00C8H         PUBLIC        T2CON
  C:03D9H         PUBLIC        I2C_ReceiveAck
  B:00A0H.0       PUBLIC        I2C_SDA
  D:00D0H         PUBLIC        PSW
  C:033EH         PUBLIC        I2C_ReceiveByte
  -------         PROC          I2C_START
BL51 BANKED LINKER/LOCATER V6.22                                                      09/24/2026  23:14:04  PAGE 10


  C:03F8H         LINE#         6
  C:03F8H         LINE#         7
  C:03F8H         LINE#         8
  C:03FAH         LINE#         9
  C:03FCH         LINE#         10
  C:03FEH         LINE#         11
  C:0400H         LINE#         12
  -------         ENDPROC       I2C_START
  -------         PROC          I2C_STOP
  C:0003H         LINE#         14
  C:0003H         LINE#         15
  C:0003H         LINE#         16
  C:0005H         LINE#         17
  C:0007H         LINE#         18
  C:0009H         LINE#         19
  -------         ENDPROC       I2C_STOP
  -------         PROC          _I2C_SENDBYTE
  D:0005H         SYMBOL        Byte
  -------         DO            
  D:0003H         SYMBOL        i
  -------         ENDDO         
  C:02CAH         LINE#         21
  C:02CCH         LINE#         22
  C:02CCH         LINE#         24
  C:02CEH         LINE#         25
  C:02CEH         LINE#         26
  C:02EAH         LINE#         27
  C:02ECH         LINE#         28
  C:02EEH         LINE#         29
  C:02F2H         LINE#         31
  -------         ENDPROC       _I2C_SENDBYTE
  -------         PROC          I2C_RECEIVEBYTE
  -------         DO            
  D:0006H         SYMBOL        i
  D:0007H         SYMBOL        Byte
  -------         ENDDO         
  C:033EH         LINE#         33
  C:033EH         LINE#         34
  C:033EH         LINE#         35
  C:0340H         LINE#         36
  C:0342H         LINE#         37
  C:0343H         LINE#         38
  C:0343H         LINE#         39
  C:0345H         LINE#         40
  C:0355H         LINE#         41
  C:0357H         LINE#         42
  C:035BH         LINE#         43
  C:035BH         LINE#         44
  -------         ENDPROC       I2C_RECEIVEBYTE
  -------         PROC          _I2C_SENDACK
  D:0007H         SYMBOL        AckBit
  C:03E5H         LINE#         46
  C:03E5H         LINE#         47
  C:03E5H         LINE#         48
  C:03EAH         LINE#         49
  C:03ECH         LINE#         50
  C:03EEH         LINE#         51
BL51 BANKED LINKER/LOCATER V6.22                                                      09/24/2026  23:14:04  PAGE 11


  -------         ENDPROC       _I2C_SENDACK
  -------         PROC          I2C_RECEIVEACK
  -------         DO            
  D:0007H         SYMBOL        AckBit
  -------         ENDDO         
  C:03D9H         LINE#         53
  C:03D9H         LINE#         54
  C:03D9H         LINE#         55
  C:03DAH         LINE#         56
  C:03DCH         LINE#         57
  C:03DEH         LINE#         58
  C:03E2H         LINE#         59
  C:03E4H         LINE#         60
  C:03E4H         LINE#         61
  -------         ENDPROC       I2C_RECEIVEACK
  -------         ENDMOD        I2C

Program Size: data=48.0 xdata=0 code=1030
LINK/LOCATE RUN COMPLETE.  0 WARNING(S),  0 ERROR(S)
