C51 COMPILER V9.54   KEY                                                                   09/24/2026 22:25:50 PAGE 1   


C51 COMPILER V9.54, COMPILATION OF MODULE KEY
OBJECT MODULE PLACED IN .\Objects\Key.obj
COMPILER INVOKED BY: D:\Keil_v5\C51\BIN\C51.EXE Key.c OPTIMIZE(8,SPEED) BROWSE DEBUG OBJECTEXTEND PRINT(.\Listings\Key.l
                    -st) OBJECT(.\Objects\Key.obj)

line level    source

   1          #include <STC89C5xRC.H>
   2          #include "Delay.h"
   3          
   4          unsigned char Key_KeyNumber;
   5          
   6          unsigned char Key()
   7          {
   8   1              unsigned char Temp=0;
   9   1              Temp=Key_KeyNumber;
  10   1              Key_KeyNumber=0;
  11   1              return Temp;
  12   1      }
  13          
  14          unsigned char Key_GetState()
  15          {
  16   1              unsigned char KeyNumber=0;
  17   1              if(P31==0){KeyNumber=1;}
  18   1              if(P30==0){KeyNumber=2;}
  19   1              if(P32==0){KeyNumber=3;}
  20   1              if(P33==0){KeyNumber=4;}
  21   1              
  22   1              return KeyNumber;
  23   1      }
  24          
  25          void Key_Loop()
  26          {
  27   1              static unsigned char NowState,LastState;
  28   1              LastState=NowState;
  29   1              NowState=Key_GetState();
  30   1              if(LastState==1 && NowState==0)
  31   1              {
  32   2                      Key_KeyNumber=1;
  33   2              }
  34   1              if(LastState==2 && NowState==0)
  35   1              {
  36   2                      Key_KeyNumber=2;
  37   2              }
  38   1              if(LastState==3 && NowState==0)
  39   1              {
  40   2                      Key_KeyNumber=3;
  41   2              }
  42   1              if(LastState==4 && NowState==0)
  43   1              {
  44   2                      Key_KeyNumber=4;
  45   2              }
  46   1      }


MODULE INFORMATION:   STATIC OVERLAYABLE
   CODE SIZE        =     85    ----
   CONSTANT SIZE    =   ----    ----
   XDATA SIZE       =   ----    ----
   PDATA SIZE       =   ----    ----
   DATA SIZE        =      3    ----
C51 COMPILER V9.54   KEY                                                                   09/24/2026 22:25:50 PAGE 2   

   IDATA SIZE       =   ----    ----
   BIT SIZE         =   ----    ----
END OF MODULE INFORMATION.


C51 COMPILATION COMPLETE.  0 WARNING(S),  0 ERROR(S)
