C51 COMPILER V9.54   MAIN                                                                  09/24/2026 23:12:14 PAGE 1   


C51 COMPILER V9.54, COMPILATION OF MODULE MAIN
OBJECT MODULE PLACED IN .\Objects\main.obj
COMPILER INVOKED BY: D:\Keil_v5\C51\BIN\C51.EXE main.c OPTIMIZE(8,SPEED) BROWSE DEBUG OBJECTEXTEND PRINT(.\Listings\main
                    -.lst) OBJECT(.\Objects\main.obj)

line level    source

   1          #include <STC89C5xRC.H>
   2          #include "Timer0.h"
   3          #include "Key.h"
   4          #include "Nixie.h"
   5          #include "AT24C02.h"
   6          
   7          unsigned char KeyNum;
   8          unsigned char Min,Sec,MinSec;
   9          unsigned char RunFlag;
  10          
  11          void main()
  12          {
  13   1              Timer0_Init();
  14   1              while(1){
  15   2                      KeyNum=Key();
  16   2                      if(KeyNum==1)
  17   2                      {
  18   3                              RunFlag=!RunFlag;
  19   3                      }
  20   2                      if(KeyNum==2)
  21   2                      {
  22   3                              Min=0;
  23   3                              Sec=0;
  24   3                              MinSec=0;
  25   3                      }
  26   2                      if(KeyNum==3)
  27   2                      {
  28   3                              AT24C02_WriteByte(0,Min);
  29   3                              AT24C02_WriteByte(0,Sec);
  30   3                              AT24C02_WriteByte(0,MinSec);
  31   3                      }
  32   2                      if(KeyNum==4)
  33   2                      {
  34   3                              Min=AT24C02_ReadByte(0);
  35   3                              Sec=AT24C02_ReadByte(1);
  36   3                              MinSec=AT24C02_ReadByte(2);
  37   3                      }
  38   2                      Nixie_SetBuf(1,Min/10);
  39   2                      Nixie_SetBuf(2,Min%10);
  40   2                      Nixie_SetBuf(3,11);
  41   2                      Nixie_SetBuf(4,Sec/10);
  42   2                      Nixie_SetBuf(5,Sec%10);
  43   2                      Nixie_SetBuf(6,11);
  44   2                      Nixie_SetBuf(7,MinSec/10);
  45   2                      Nixie_SetBuf(8,MinSec%10);
  46   2              }
  47   1      }
  48          
  49          void Sec_Loop()
  50          {
  51   1              if(RunFlag)
  52   1              {
  53   2                      MinSec++;
  54   2                      if(MinSec>=100)
C51 COMPILER V9.54   MAIN                                                                  09/24/2026 23:12:14 PAGE 2   

  55   2                      {
  56   3                              MinSec=0;
  57   3                              Sec++;
  58   3                              if(Sec>=60)
  59   3                              {
  60   4                                      Sec=0;
  61   4                                      Min++;
  62   4                                      if(Min>=60)
  63   4                                      {
  64   5                                              Min=0;
  65   5                                      }
  66   4                              }
  67   3                      }
  68   2              }
  69   1      }
  70          
  71          void Timer0_Routine() interrupt 1
  72          {
  73   1              static unsigned int T0Count1,T0Count2,T0Count3;
  74   1              TL0 = 0x66;
  75   1              TH0 = 0xFC;
  76   1              T0Count1++;
  77   1              if(T0Count1>=20){
  78   2                      T0Count1=0;
  79   2                      Key_Loop();
  80   2              }
  81   1              T0Count2++;
  82   1              if(T0Count2>=2){
  83   2                      T0Count2=0;
  84   2                      Nixie_Loop();
  85   2              }
  86   1              T0Count3++;
  87   1              if(T0Count3>=10){
  88   2                      T0Count3=0;
  89   2                      Sec_Loop();
  90   2              }
  91   1      }


MODULE INFORMATION:   STATIC OVERLAYABLE
   CODE SIZE        =    389    ----
   CONSTANT SIZE    =   ----    ----
   XDATA SIZE       =   ----    ----
   PDATA SIZE       =   ----    ----
   DATA SIZE        =     11    ----
   IDATA SIZE       =   ----    ----
   BIT SIZE         =   ----    ----
END OF MODULE INFORMATION.


C51 COMPILATION COMPLETE.  0 WARNING(S),  0 ERROR(S)
