C51 COMPILER V9.54   NIXIE                                                                 09/24/2026 22:55:40 PAGE 1   


C51 COMPILER V9.54, COMPILATION OF MODULE NIXIE
OBJECT MODULE PLACED IN .\Objects\Nixie.obj
COMPILER INVOKED BY: D:\Keil_v5\C51\BIN\C51.EXE Nixie.c OPTIMIZE(8,SPEED) BROWSE DEBUG OBJECTEXTEND PRINT(.\Listings\Nix
                    -ie.lst) OBJECT(.\Objects\Nixie.obj)

line level    source

   1          #include <STC89C5xRC.H>
   2          #include "Delay.h"
   3          
   4          unsigned char Nixie_Buf[9]={0,10,10,10,10,10,10,10,10};
   5          
   6          unsigned char NixieTable[]={0x3f,0x06,0x5b,0x4f,0x66,0x6d,0x7d,0x07,0x7f,0x6f,0x00,0x40};
   7          
   8          void Nixie_SetBuf(unsigned char Location,Number)
   9          {
  10   1              Nixie_Buf[Location]=Number;
  11   1      }
  12          
  13          void Nixie_Scan(unsigned int Location,Number)
  14          {
  15   1              P0=0x00;
  16   1              switch(Location){
  17   2                      case 1:
  18   2                              P24=1;P23=1;P22=1;
  19   2                      break;
  20   2                      case 2:
  21   2                              P24=1;P23=1;P22=0;
  22   2                      break;
  23   2                      case 3:
  24   2                              P24=1;P23=0;P22=1;
  25   2                      break;
  26   2                      case 4: 
  27   2                              P24=1;P23=0;P22=0;
  28   2                      break;
  29   2                      case 5:
  30   2                              P24=0;P23=1;P22=1;
  31   2                      break;
  32   2                      case 6:
  33   2                              P24=0;P23=1;P22=0;
  34   2                      break;
  35   2                      case 7:
  36   2                              P24=0;P23=0;P22=1;
  37   2                      break;
  38   2                      case 8:
  39   2                              P24=0;P23=0;P22=0;
  40   2                      break;
  41   2              }
  42   1              P0=NixieTable[Number];
  43   1      }
  44          
  45          void Nixie_Loop()
  46          {
  47   1              static unsigned char i=1;
  48   1              Nixie_Scan(i,Nixie_Buf[i]);
  49   1              i++;
  50   1              if(i>8){i=1;}
  51   1      }


MODULE INFORMATION:   STATIC OVERLAYABLE
C51 COMPILER V9.54   NIXIE                                                                 09/24/2026 22:55:40 PAGE 2   

   CODE SIZE        =    143    ----
   CONSTANT SIZE    =   ----    ----
   XDATA SIZE       =   ----    ----
   PDATA SIZE       =   ----    ----
   DATA SIZE        =     22    ----
   IDATA SIZE       =   ----    ----
   BIT SIZE         =   ----    ----
END OF MODULE INFORMATION.


C51 COMPILATION COMPLETE.  0 WARNING(S),  0 ERROR(S)
