C51 COMPILER V9.54   MAIN                                                                  09/21/2026 23:15:43 PAGE 1   


C51 COMPILER V9.54, COMPILATION OF MODULE MAIN
OBJECT MODULE PLACED IN .\Objects\main.obj
COMPILER INVOKED BY: D:\Keil_v5\C51\BIN\C51.EXE main.c OPTIMIZE(8,SPEED) BROWSE DEBUG OBJECTEXTEND PRINT(.\Listings\main
                    -.lst) OBJECT(.\Objects\main.obj)

line level    source

   1          #include <STC89C5xRC.H>
   2          #include "Delay.h"
   3          
   4          sbit RCK=P3^5;
   5          sbit SCK=P3^6;
   6          sbit SER=P3^4;
   7          
   8          #define MATRIX_LED_PORT         P0
   9          
  10          void _74HC595_WriteByte(unsigned char Byte)
  11          {
  12   1              unsigned char i;
  13   1              for(i=0;i<8;i++){
  14   2                      SER=Byte&(0x80>>i);
  15   2                      SCK=1;
  16   2                      SCK=0;
  17   2              }
  18   1              RCK=1;
  19   1              RCK=0;
  20   1      }
  21          
  22          void MatrixLED_ShowColumn(unsigned char Column,Data)
  23          {
  24   1              _74HC595_WriteByte(Data);
  25   1              MATRIX_LED_PORT=~(0x80>>Column);
  26   1              Delay(1);
  27   1              MATRIX_LED_PORT=0xff;
  28   1      }
  29          
  30          void main()
  31          {
  32   1              SCK=0;
  33   1              RCK=0;
  34   1              while(1){
  35   2                      MatrixLED_ShowColumn(0,0x3c);
  36   2                      MatrixLED_ShowColumn(1,0x42);
  37   2                      MatrixLED_ShowColumn(2,0xa9);
  38   2                      MatrixLED_ShowColumn(3,0x85);
  39   2                      MatrixLED_ShowColumn(4,0x85);
  40   2                      MatrixLED_ShowColumn(5,0xa9);
  41   2                      MatrixLED_ShowColumn(6,0x42);
  42   2                      MatrixLED_ShowColumn(7,0x3c);
  43   2              }
  44   1      }


MODULE INFORMATION:   STATIC OVERLAYABLE
   CODE SIZE        =    157    ----
   CONSTANT SIZE    =   ----    ----
   XDATA SIZE       =   ----    ----
   PDATA SIZE       =   ----    ----
   DATA SIZE        =   ----    ----
   IDATA SIZE       =   ----    ----
   BIT SIZE         =   ----    ----
C51 COMPILER V9.54   MAIN                                                                  09/21/2026 23:15:43 PAGE 2   

END OF MODULE INFORMATION.


C51 COMPILATION COMPLETE.  0 WARNING(S),  0 ERROR(S)
