BL51 BANKED LINKER/LOCATER V6.22                                                        09/16/2026  17:17:19  PAGE 1


BL51 BANKED LINKER/LOCATER V6.22, INVOKED BY:
D:\KEIL_V5\C51\BIN\BL51.EXE .\Objects\main.obj TO .\Objects\4-1 PRINT (.\Listings\4-1.m51) RAMSIZE (256)


MEMORY MODEL: SMALL


INPUT MODULES INCLUDED:
  .\Objects\main.obj (MAIN)
  D:\KEIL_V5\C51\LIB\C51S.LIB (?C_STARTUP)
  D:\KEIL_V5\C51\LIB\C51S.LIB (?C_INIT)


LINK MAP OF MODULE:  .\Objects\4-1 (MAIN)


            TYPE    BASE      LENGTH    RELOCATION   SEGMENT NAME
            -----------------------------------------------------

            * * * * * * *   D A T A   M E M O R Y   * * * * * * *
            REG     0000H     0008H     ABSOLUTE     "REG BANK 0"
            DATA    0008H     000AH     UNIT         ?DT?MAIN
            IDATA   0012H     0001H     UNIT         ?STACK

            * * * * * * *   C O D E   M E M O R Y   * * * * * * *
            CODE    0000H     0003H     ABSOLUTE     
            CODE    0003H     008CH     UNIT         ?C_C51STARTUP
            CODE    008FH     0066H     UNIT         ?PR?_NIXIE?MAIN
            CODE    00F5H     000DH     UNIT         ?PR?MAIN?MAIN
            CODE    0102H     000DH     UNIT         ?C_INITSEG



OVERLAY MAP OF MODULE:   .\Objects\4-1 (MAIN)


SEGMENT
  +--> CALLED SEGMENT
---------------------
?C_C51STARTUP
  +--> ?PR?MAIN?MAIN
  +--> ?C_INITSEG

?PR?MAIN?MAIN
  +--> ?PR?_NIXIE?MAIN



SYMBOL TABLE OF MODULE:  .\Objects\4-1 (MAIN)

  VALUE           TYPE          NAME
  ----------------------------------

  -------         MODULE        MAIN
  C:0000H         SYMBOL        _ICE_DUMMY_
  C:008FH         PUBLIC        _Nixie
  D:0080H         PUBLIC        P0
  D:0090H         PUBLIC        P1
BL51 BANKED LINKER/LOCATER V6.22                                                      09/16/2026  17:17:19  PAGE 2


  D:00A0H         PUBLIC        P2
  D:00B0H         PUBLIC        P3
  D:00E8H         PUBLIC        P4
  D:00A8H         PUBLIC        IE
  D:00B8H         PUBLIC        IP
  C:00F5H         PUBLIC        main
  D:0098H         PUBLIC        SCON
  B:00A0H.2       PUBLIC        P22
  D:0088H         PUBLIC        TCON
  B:00A0H.3       PUBLIC        P23
  B:00A0H.4       PUBLIC        P24
  D:00C8H         PUBLIC        T2CON
  D:0008H         PUBLIC        NixieTable
  D:00D0H         PUBLIC        PSW
  -------         PROC          _NIXIE
  D:0006H         SYMBOL        Location
  D:0004H         SYMBOL        Number
  C:008FH         LINE#         5
  C:008FH         LINE#         6
  C:008FH         LINE#         7
  C:00BFH         LINE#         8
  C:00BFH         LINE#         9
  C:00C1H         LINE#         10
  C:00C3H         LINE#         11
  C:00C3H         LINE#         12
  C:00C5H         LINE#         13
  C:00C7H         LINE#         14
  C:00C7H         LINE#         15
  C:00C9H         LINE#         16
  C:00CBH         LINE#         17
  C:00CBH         LINE#         18
  C:00CDH         LINE#         19
  C:00CFH         LINE#         20
  C:00CFH         LINE#         21
  C:00D5H         LINE#         22
  C:00D7H         LINE#         23
  C:00D7H         LINE#         24
  C:00DDH         LINE#         25
  C:00DFH         LINE#         26
  C:00DFH         LINE#         27
  C:00E5H         LINE#         28
  C:00E7H         LINE#         29
  C:00E7H         LINE#         30
  C:00EDH         LINE#         31
  C:00EDH         LINE#         32
  C:00EDH         LINE#         33
  C:00F4H         LINE#         34
  -------         ENDPROC       _NIXIE
  -------         PROC          MAIN
  C:00F5H         LINE#         36
  C:00F5H         LINE#         37
  C:0100H         LINE#         38
  -------         ENDPROC       MAIN
  -------         ENDMOD        MAIN

Program Size: data=19.0 xdata=0 code=271
LINK/LOCATE RUN COMPLETE.  0 WARNING(S),  0 ERROR(S)
