C51 COMPILER V9.54   MAIN                                                                  09/16/2026 17:17:19 PAGE 1   


C51 COMPILER V9.54, COMPILATION OF MODULE MAIN
OBJECT MODULE PLACED IN .\Objects\main.obj
COMPILER INVOKED BY: D:\Keil_v5\C51\BIN\C51.EXE main.c OPTIMIZE(8,SPEED) BROWSE DEBUG OBJECTEXTEND PRINT(.\Listings\main
                    -.lst) TABS(2) OBJECT(.\Objects\main.obj)

line level    source

   1          #include <STC89C5xRC.H>
   2          
   3          unsigned char NixieTable[]={0x3f,0x06,0x5b,0x4f,0x66,0x6d,0x7d,0x07,0x7f,0x6f};
   4          
   5          void Nixie(unsigned int Location,Number)
   6          {
   7   1        switch(Location){
   8   2          case 1:
   9   2            P24=1;P23=1;P22=1;
  10   2          break;
  11   2          case 2:
  12   2            P24=1;P23=1;P22=0;
  13   2          break;
  14   2          case 3:
  15   2            P24=1;P23=0;P22=1;
  16   2          break;
  17   2          case 4:
  18   2            P24=1;P23=0;P22=0;
  19   2          break;
  20   2          case 5:
  21   2            P24=0;P23=1;P22=1;
  22   2          break;
  23   2          case 6:
  24   2            P24=0;P23=1;P22=0;
  25   2          break;
  26   2          case 7:
  27   2            P24=0;P23=0;P22=1;
  28   2          break;
  29   2          case 8:
  30   2            P24=0;P23=0;P22=0;
  31   2          break;
  32   2        }
  33   1        P0=NixieTable[Number];
  34   1      }
  35          
  36          void main(){
  37   1        Nixie(1,1);
  38   1        while(1);
  39   1      }


MODULE INFORMATION:   STATIC OVERLAYABLE
   CODE SIZE        =    115    ----
   CONSTANT SIZE    =   ----    ----
   XDATA SIZE       =   ----    ----
   PDATA SIZE       =   ----    ----
   DATA SIZE        =     10    ----
   IDATA SIZE       =   ----    ----
   BIT SIZE         =   ----    ----
END OF MODULE INFORMATION.


C51 COMPILATION COMPLETE.  0 WARNING(S),  0 ERROR(S)
