BL51 BANKED LINKER/LOCATER V6.22                                                        09/14/2026  22:20:29  PAGE 1


BL51 BANKED LINKER/LOCATER V6.22, INVOKED BY:
D:\KEIL_V5\C51\BIN\BL51.EXE .\Objects\main.obj TO .\Objects\2-4 PRINT (.\Listings\2-4.m51) RAMSIZE (256)


MEMORY MODEL: SMALL


INPUT MODULES INCLUDED:
  .\Objects\main.obj (MAIN)
  D:\KEIL_V5\C51\LIB\C51S.LIB (?C_STARTUP)


LINK MAP OF MODULE:  .\Objects\2-4 (MAIN)


            TYPE    BASE      LENGTH    RELOCATION   SEGMENT NAME
            -----------------------------------------------------

            * * * * * * *   D A T A   M E M O R Y   * * * * * * *
            REG     0000H     0008H     ABSOLUTE     "REG BANK 0"
            IDATA   0008H     0001H     UNIT         ?STACK

            * * * * * * *   C O D E   M E M O R Y   * * * * * * *
            CODE    0000H     0003H     ABSOLUTE     
            CODE    0003H     0032H     UNIT         ?PR?MAIN?MAIN
            CODE    0035H     0019H     UNIT         ?PR?_DELAY1MS?MAIN
            CODE    004EH     000CH     UNIT         ?C_C51STARTUP



OVERLAY MAP OF MODULE:   .\Objects\2-4 (MAIN)


SEGMENT
  +--> CALLED SEGMENT
---------------------
?C_C51STARTUP
  +--> ?PR?MAIN?MAIN

?PR?MAIN?MAIN
  +--> ?PR?_DELAY1MS?MAIN



SYMBOL TABLE OF MODULE:  .\Objects\2-4 (MAIN)

  VALUE           TYPE          NAME
  ----------------------------------

  -------         MODULE        MAIN
  C:0000H         SYMBOL        _ICE_DUMMY_
  D:0080H         PUBLIC        P0
  D:0090H         PUBLIC        P1
  D:00A0H         PUBLIC        P2
  D:00B0H         PUBLIC        P3
  D:00E8H         PUBLIC        P4
  C:0039H         PUBLIC        _Delay1ms
  D:00A8H         PUBLIC        IE
BL51 BANKED LINKER/LOCATER V6.22                                                      09/14/2026  22:20:29  PAGE 2


  D:00B8H         PUBLIC        IP
  C:0003H         PUBLIC        main
  D:0098H         PUBLIC        SCON
  D:0088H         PUBLIC        TCON
  D:00C8H         PUBLIC        T2CON
  D:00D0H         PUBLIC        PSW
  C:0035H         SYMBOL        L?0014
  -------         PROC          L?0013
  -------         ENDPROC       L?0013
  C:0035H         SYMBOL        L?0014
  -------         PROC          _DELAY1MS
  D:0006H         SYMBOL        xms
  -------         DO            
  D:0005H         SYMBOL        i
  D:0004H         SYMBOL        j
  -------         ENDDO         
  C:0039H         LINE#         4
  C:0039H         LINE#         5
  C:0039H         LINE#         7
  C:003DH         LINE#         8
  C:0042H         LINE#         9
  C:0043H         LINE#         10
  C:0045H         LINE#         11
  C:0047H         LINE#         13
  C:0047H         LINE#         14
  C:0049H         LINE#         15
  C:004BH         LINE#         16
  C:004DH         LINE#         17
  -------         ENDPROC       _DELAY1MS
  -------         PROC          MAIN
  C:0003H         LINE#         20
  C:0003H         LINE#         21
  C:0003H         LINE#         22
  C:0003H         LINE#         23
  C:0006H         LINE#         24
  C:0009H         LINE#         25
  C:000CH         LINE#         26
  C:000FH         LINE#         27
  C:0012H         LINE#         28
  C:0015H         LINE#         29
  C:0018H         LINE#         30
  C:001BH         LINE#         31
  C:001EH         LINE#         32
  C:0021H         LINE#         33
  C:0024H         LINE#         34
  C:0027H         LINE#         35
  C:002AH         LINE#         36
  C:002DH         LINE#         37
  C:0030H         LINE#         38
  C:0033H         LINE#         39
  -------         ENDPROC       MAIN
  -------         ENDMOD        MAIN

Program Size: data=9.0 xdata=0 code=90
LINK/LOCATE RUN COMPLETE.  0 WARNING(S),  0 ERROR(S)
