C51 COMPILER V9.54   MAIN                                                                  09/14/2026 22:20:29 PAGE 1   


C51 COMPILER V9.54, COMPILATION OF MODULE MAIN
OBJECT MODULE PLACED IN .\Objects\main.obj
COMPILER INVOKED BY: D:\Keil_v5\C51\BIN\C51.EXE main.c OPTIMIZE(8,SPEED) BROWSE DEBUG OBJECTEXTEND PRINT(.\Listings\main
                    -.lst) TABS(2) OBJECT(.\Objects\main.obj)

line level    source

   1          #include <STC89C5xRC.H>
   2          #include <INTRINS.H>
   3          
   4          void Delay1ms(unsigned int xms)   //@11.0592MHz
   5          {
   6   1        unsigned char i, j;
   7   1        while(xms){
   8   2          xms--;
   9   2          _nop_();
  10   2          i = 2;
  11   2          j = 199;
  12   2          do
  13   2          {
  14   3            while (--j);
  15   3          } while (--i);
  16   2        }
  17   1      }
  18          
  19          
  20          void main()
  21          {
  22   1        while(1){
  23   2          P2=0xfe;
  24   2          Delay1ms(100);
  25   2          P2=0xfd;
  26   2          Delay1ms(100);
  27   2          P2=0xfb;
  28   2          Delay1ms(100);
  29   2          P2=0xf7;
  30   2          Delay1ms(100);
  31   2          P2=0xef;
  32   2          Delay1ms(100);
  33   2          P2=0xdf;
  34   2          Delay1ms(100);
  35   2          P2=0xbf;
  36   2          Delay1ms(100);
  37   2          P2=0x7f;
  38   2          Delay1ms(100);
  39   2        }
  40   1      }


MODULE INFORMATION:   STATIC OVERLAYABLE
   CODE SIZE        =     75    ----
   CONSTANT SIZE    =   ----    ----
   XDATA SIZE       =   ----    ----
   PDATA SIZE       =   ----    ----
   DATA SIZE        =   ----    ----
   IDATA SIZE       =   ----    ----
   BIT SIZE         =   ----    ----
END OF MODULE INFORMATION.


C51 COMPILATION COMPLETE.  0 WARNING(S),  0 ERROR(S)
