BL51 BANKED LINKER/LOCATER V6.22                                                        09/23/2026  22:50:14  PAGE 1


BL51 BANKED LINKER/LOCATER V6.22, INVOKED BY:
D:\KEIL_V5\C51\BIN\BL51.EXE .\Objects\main.obj, .\Objects\Delay.obj, .\Objects\Timer0.obj TO .\Objects\11-2 PRINT (.\Lis
>> tings\11-2.m51) RAMSIZE (256)


MEMORY MODEL: SMALL


INPUT MODULES INCLUDED:
  .\Objects\main.obj (MAIN)
  .\Objects\Delay.obj (DELAY)
  .\Objects\Timer0.obj (TIMER0)
  D:\KEIL_V5\C51\LIB\C51S.LIB (?C_STARTUP)
  D:\KEIL_V5\C51\LIB\C51S.LIB (?C_INIT)


LINK MAP OF MODULE:  .\Objects\11-2 (MAIN)


            TYPE    BASE      LENGTH    RELOCATION   SEGMENT NAME
            -----------------------------------------------------

            * * * * * * *   D A T A   M E M O R Y   * * * * * * *
            REG     0000H     0008H     ABSOLUTE     "REG BANK 0"
            DATA    0008H     0069H     UNIT         ?DT?MAIN
            IDATA   0071H     0001H     UNIT         ?STACK

            * * * * * * *   C O D E   M E M O R Y   * * * * * * *
            CODE    0000H     0003H     ABSOLUTE     
                    0003H     0008H                  *** GAP ***
            CODE    000BH     0003H     ABSOLUTE     
            CODE    000EH     008CH     UNIT         ?C_C51STARTUP
            CODE    009AH     006DH     UNIT         ?C_INITSEG
            CODE    0107H     0034H     UNIT         ?PR?MAIN?MAIN
            CODE    013BH     0034H     UNIT         ?PR?TIMER0_ROUTINE?MAIN
            CODE    016FH     0017H     UNIT         ?PR?TIMER0INIT?TIMER0
            CODE    0186H     0016H     UNIT         ?PR?_DELAY?DELAY



OVERLAY MAP OF MODULE:   .\Objects\11-2 (MAIN)


SEGMENT
  +--> CALLED SEGMENT
---------------------
?C_C51STARTUP
  +--> ?PR?MAIN?MAIN
  +--> ?C_INITSEG

?PR?MAIN?MAIN
  +--> ?PR?TIMER0INIT?TIMER0
  +--> ?PR?_DELAY?DELAY



SYMBOL TABLE OF MODULE:  .\Objects\11-2 (MAIN)

BL51 BANKED LINKER/LOCATER V6.22                                                      09/23/2026  22:50:14  PAGE 2


  VALUE           TYPE          NAME
  ----------------------------------

  -------         MODULE        MAIN
  C:0000H         SYMBOL        _ICE_DUMMY_
  C:013BH         PUBLIC        Timer0_Routine
  D:0080H         PUBLIC        P0
  D:0090H         PUBLIC        P1
  D:00A0H         PUBLIC        P2
  D:00B0H         PUBLIC        P3
  D:0008H         PUBLIC        Music
  D:00E8H         PUBLIC        P4
  B:00A0H.5       PUBLIC        Buzzer
  D:00A8H         PUBLIC        IE
  D:00B8H         PUBLIC        IP
  C:0107H         PUBLIC        main
  D:0098H         PUBLIC        SCON
  D:0088H         PUBLIC        TCON
  D:008CH         PUBLIC        TH0
  D:008AH         PUBLIC        TL0
  B:0088H.4       PUBLIC        TR0
  D:00C8H         PUBLIC        T2CON
  D:0025H         PUBLIC        MusicSelect
  D:0026H         PUBLIC        FreqSelect
  D:00D0H         PUBLIC        PSW
  D:0027H         PUBLIC        FreqTable
  -------         PROC          MAIN
  C:0107H         LINE#         36
  C:0107H         LINE#         37
  C:0107H         LINE#         38
  C:010AH         LINE#         39
  C:010AH         LINE#         40
  C:0114H         LINE#         41
  C:0114H         LINE#         42
  C:0116H         LINE#         43
  C:0118H         LINE#         44
  C:0128H         LINE#         45
  C:012AH         LINE#         46
  C:012CH         LINE#         47
  C:0133H         LINE#         48
  C:0135H         LINE#         49
  C:0137H         LINE#         51
  C:0137H         LINE#         52
  C:0139H         LINE#         53
  C:0139H         LINE#         54
  -------         ENDPROC       MAIN
  -------         PROC          TIMER0_ROUTINE
  C:013BH         LINE#         57
  C:0146H         LINE#         59
  C:0154H         LINE#         60
  C:0154H         LINE#         61
  C:0161H         LINE#         62
  C:0164H         LINE#         63
  C:0166H         LINE#         64
  C:0166H         LINE#         65
  -------         ENDPROC       TIMER0_ROUTINE
  -------         ENDMOD        MAIN
BL51 BANKED LINKER/LOCATER V6.22                                                      09/23/2026  22:50:14  PAGE 3



  -------         MODULE        DELAY
  C:0000H         SYMBOL        _ICE_DUMMY_
  C:0186H         PUBLIC        _Delay
  -------         PROC          _DELAY
  D:0006H         SYMBOL        xms
  -------         DO            
  D:0005H         SYMBOL        i
  D:0004H         SYMBOL        j
  -------         ENDDO         
  C:0186H         LINE#         3
  C:0186H         LINE#         4
  C:0186H         LINE#         6
  C:0190H         LINE#         7
  C:0191H         LINE#         8
  C:0193H         LINE#         9
  C:0195H         LINE#         11
  C:0195H         LINE#         12
  C:0197H         LINE#         13
  C:0199H         LINE#         14
  C:019BH         LINE#         15
  -------         ENDPROC       _DELAY
  -------         ENDMOD        DELAY

  -------         MODULE        TIMER0
  C:0000H         SYMBOL        _ICE_DUMMY_
  D:0080H         PUBLIC        P0
  D:0090H         PUBLIC        P1
  D:00A0H         PUBLIC        P2
  D:00B0H         PUBLIC        P3
  D:00E8H         PUBLIC        P4
  B:00A8H.7       PUBLIC        EA
  D:00A8H         PUBLIC        IE
  D:00B8H         PUBLIC        IP
  D:0098H         PUBLIC        SCON
  D:0089H         PUBLIC        TMOD
  D:0088H         PUBLIC        TCON
  B:00A8H.1       PUBLIC        ET0
  B:0088H.5       PUBLIC        TF0
  C:016FH         PUBLIC        Timer0Init
  D:008CH         PUBLIC        TH0
  D:008AH         PUBLIC        TL0
  B:00B8H.1       PUBLIC        PT0
  B:0088H.4       PUBLIC        TR0
  D:00C8H         PUBLIC        T2CON
  D:00D0H         PUBLIC        PSW
  -------         PROC          TIMER0INIT
  C:016FH         LINE#         3
  C:016FH         LINE#         4
  C:016FH         LINE#         5
  C:0172H         LINE#         6
  C:0175H         LINE#         7
  C:0178H         LINE#         8
  C:017BH         LINE#         9
  C:017DH         LINE#         10
  C:017FH         LINE#         11
  C:0181H         LINE#         12
BL51 BANKED LINKER/LOCATER V6.22                                                      09/23/2026  22:50:14  PAGE 4


  C:0183H         LINE#         13
  C:0185H         LINE#         14
  -------         ENDPROC       TIMER0INIT
  -------         ENDMOD        TIMER0

Program Size: data=114.0 xdata=0 code=404
LINK/LOCATE RUN COMPLETE.  0 WARNING(S),  0 ERROR(S)
