C51 COMPILER V9.54   MAIN                                                                  09/23/2026 22:50:14 PAGE 1   


C51 COMPILER V9.54, COMPILATION OF MODULE MAIN
OBJECT MODULE PLACED IN .\Objects\main.obj
COMPILER INVOKED BY: D:\Keil_v5\C51\BIN\C51.EXE main.c OPTIMIZE(8,SPEED) BROWSE DEBUG OBJECTEXTEND PRINT(.\Listings\main
                    -.lst) OBJECT(.\Objects\main.obj)

line level    source

   1          #include <STC89C5xRC.H>
   2          #include "Delay.h"
   3          #include "Timer0.h"
   4          
   5          sbit Buzzer=P2^5;
   6          
   7          #define SPEED           500
   8          
   9          unsigned int FreqTable[]={
  10                  0,
  11                  63628,63731,63835,63928,64021,64103,64185,64260,64331,64400,64463,64528,
  12                  64580,64633,64684,64732,64777,64820,64860,64898,64934,64968,65000,65030,
  13                  65058,65085,65110,65134,65157,65178,65198,65217,65235,65252,65268,65283,
  14          };
  15          
  16          unsigned char Music[]={
  17                  13,4,
  18                  13,4,
  19                  20,4,
  20                  20,4,
  21                  22,4,
  22                  22,4,
  23                  20,4+4,
  24                  18,4,
  25                  18,4,
  26                  17,4,
  27                  17,4,
  28                  15,4,
  29                  15,4,
  30                  13,4+4,
  31                  0xFF
  32          };
  33          
  34          unsigned char FreqSelect,MusicSelect;
  35          
  36          void main()
  37          {
  38   1              Timer0Init();
  39   1              while(1){
  40   2                      if(Music[MusicSelect]!=0xFF)
  41   2                      {
  42   3                              FreqSelect=Music[MusicSelect];
  43   3                              MusicSelect++;
  44   3                              Delay(SPEED/4*Music[MusicSelect]);
  45   3                              MusicSelect++;
  46   3                              TR0=0;
  47   3                              Delay(5);
  48   3                              TR0=1;
  49   3                      }
  50   2                      else
  51   2                      {
  52   3                              TR0=0;
  53   3                      }
  54   2              }
C51 COMPILER V9.54   MAIN                                                                  09/23/2026 22:50:14 PAGE 2   

  55   1      }
  56          
  57          void Timer0_Routine() interrupt 1
  58          {
  59   1              if(FreqTable[FreqSelect])
  60   1              {
  61   2                      TL0 = FreqTable[FreqSelect]%256;
  62   2                      TH0 = FreqTable[FreqSelect]/256;
  63   2                      Buzzer=!Buzzer;
  64   2              }
  65   1      }


MODULE INFORMATION:   STATIC OVERLAYABLE
   CODE SIZE        =    104    ----
   CONSTANT SIZE    =   ----    ----
   XDATA SIZE       =   ----    ----
   PDATA SIZE       =   ----    ----
   DATA SIZE        =    105    ----
   IDATA SIZE       =   ----    ----
   BIT SIZE         =   ----    ----
END OF MODULE INFORMATION.


C51 COMPILATION COMPLETE.  0 WARNING(S),  0 ERROR(S)
