C51 COMPILER V9.54   MAIN                                                                  09/14/2026 22:03:04 PAGE 1   


C51 COMPILER V9.54, COMPILATION OF MODULE MAIN
OBJECT MODULE PLACED IN .\Objects\main.obj
COMPILER INVOKED BY: D:\Keil_v5\C51\BIN\C51.EXE main.c OPTIMIZE(8,SPEED) BROWSE DEBUG OBJECTEXTEND PRINT(.\Listings\main
                    -.lst) TABS(2) OBJECT(.\Objects\main.obj)

line level    source

   1          #include <STC89C5xRC.H>
   2          #include <INTRINS.H>
   3          
   4          void Delay500ms()   //@11.0592MHz
   5          {
   6   1        unsigned char i, j, k;
   7   1      
   8   1        _nop_();
   9   1        i = 4;
  10   1        j = 129;
  11   1        k = 119;
  12   1        do
  13   1        {
  14   2          do
  15   2          {
  16   3            while (--k);
  17   3          } while (--j);
  18   2        } while (--i);
  19   1      }
  20          
  21          void main()
  22          {
  23   1        while(1){
  24   2          P2=0xfe;
  25   2          Delay500ms();
  26   2          P2=0xfd;
  27   2          Delay500ms();
  28   2          P2=0xfb;
  29   2          Delay500ms();
  30   2          P2=0xf7;
  31   2          Delay500ms();
  32   2          P2=0xef;
  33   2          Delay500ms();
  34   2          P2=0xdf;
  35   2          Delay500ms();
  36   2          P2=0xbf;
  37   2          Delay500ms();
  38   2          P2=0x7f;
  39   2          Delay500ms();
  40   2        }
  41   1      }


MODULE INFORMATION:   STATIC OVERLAYABLE
   CODE SIZE        =     64    ----
   CONSTANT SIZE    =   ----    ----
   XDATA SIZE       =   ----    ----
   PDATA SIZE       =   ----    ----
   DATA SIZE        =   ----    ----
   IDATA SIZE       =   ----    ----
   BIT SIZE         =   ----    ----
END OF MODULE INFORMATION.


C51 COMPILATION COMPLETE.  0 WARNING(S),  0 ERROR(S)
