BL51 BANKED LINKER/LOCATER V6.22                                                        09/20/2026  20:52:27  PAGE 1


BL51 BANKED LINKER/LOCATER V6.22, INVOKED BY:
D:\KEIL_V5\C51\BIN\BL51.EXE .\Objects\Delay.obj, .\Objects\main.obj, .\Objects\UART.obj TO .\Objects\8-2 PRINT (.\Listin
>> gs\8-2.m51) RAMSIZE (256)


MEMORY MODEL: SMALL


INPUT MODULES INCLUDED:
  .\Objects\Delay.obj (DELAY)
  .\Objects\main.obj (MAIN)
  .\Objects\UART.obj (UART)
  D:\KEIL_V5\C51\LIB\C51S.LIB (?C_STARTUP)


LINK MAP OF MODULE:  .\Objects\8-2 (DELAY)


            TYPE    BASE      LENGTH    RELOCATION   SEGMENT NAME
            -----------------------------------------------------

            * * * * * * *   D A T A   M E M O R Y   * * * * * * *
            REG     0000H     0008H     ABSOLUTE     "REG BANK 0"
            DATA    0008H     0001H     UNIT         ?DT?MAIN
            IDATA   0009H     0001H     UNIT         ?STACK

            * * * * * * *   C O D E   M E M O R Y   * * * * * * *
            CODE    0000H     0003H     ABSOLUTE     
            CODE    0003H     001BH     UNIT         ?PR?UARTINIT?UART
            CODE    001EH     0005H     UNIT         ?PR?MAIN?MAIN
            CODE    0023H     0003H     ABSOLUTE     
            CODE    0026H     0047H     UNIT         ?PR?UART_ROUTINE?MAIN
            CODE    006DH     0016H     UNIT         ?PR?_DELAY?DELAY
            CODE    0083H     000CH     UNIT         ?C_C51STARTUP
            CODE    008FH     0008H     UNIT         ?PR?_UART_SENDBYTE?UART



OVERLAY MAP OF MODULE:   .\Objects\8-2 (DELAY)


SEGMENT
  +--> CALLED SEGMENT
---------------------
?PR?UART_ROUTINE?MAIN
  +--> ?PR?_UART_SENDBYTE?UART

*** NEW ROOT ***************************************************

?C_C51STARTUP
  +--> ?PR?MAIN?MAIN

?PR?MAIN?MAIN
  +--> ?PR?UARTINIT?UART



SYMBOL TABLE OF MODULE:  .\Objects\8-2 (DELAY)
BL51 BANKED LINKER/LOCATER V6.22                                                      09/20/2026  20:52:27  PAGE 2



  VALUE           TYPE          NAME
  ----------------------------------

  -------         MODULE        DELAY
  C:0000H         SYMBOL        _ICE_DUMMY_
  C:006DH         PUBLIC        _Delay
  -------         PROC          _DELAY
  D:0006H         SYMBOL        xms
  -------         DO            
  D:0005H         SYMBOL        i
  D:0004H         SYMBOL        j
  -------         ENDDO         
  C:006DH         LINE#         3
  C:006DH         LINE#         4
  C:006DH         LINE#         6
  C:0077H         LINE#         7
  C:0078H         LINE#         8
  C:007AH         LINE#         9
  C:007CH         LINE#         11
  C:007CH         LINE#         12
  C:007EH         LINE#         13
  C:0080H         LINE#         14
  C:0082H         LINE#         15
  -------         ENDPROC       _DELAY
  -------         ENDMOD        DELAY

  -------         MODULE        MAIN
  C:0000H         SYMBOL        _ICE_DUMMY_
  D:0080H         PUBLIC        P0
  D:0090H         PUBLIC        P1
  D:00A0H         PUBLIC        P2
  D:00B0H         PUBLIC        P3
  D:00E8H         PUBLIC        P4
  C:0026H         PUBLIC        UART_Routine
  D:00A8H         PUBLIC        IE
  D:00B8H         PUBLIC        IP
  B:0098H.0       PUBLIC        RI
  D:0008H         PUBLIC        Sec
  C:001EH         PUBLIC        main
  D:0099H         PUBLIC        SBUF
  D:0098H         PUBLIC        SCON
  D:0088H         PUBLIC        TCON
  D:00C8H         PUBLIC        T2CON
  D:00D0H         PUBLIC        PSW
  -------         PROC          MAIN
  C:001EH         LINE#         7
  C:001EH         LINE#         8
  C:001EH         LINE#         9
  C:0021H         LINE#         10
  C:0021H         LINE#         12
  -------         ENDPROC       MAIN
  -------         PROC          UART_ROUTINE
  C:0026H         LINE#         15
  C:0043H         LINE#         17
  C:0046H         LINE#         18
  C:0046H         LINE#         19
BL51 BANKED LINKER/LOCATER V6.22                                                      09/20/2026  20:52:27  PAGE 3


  C:004BH         LINE#         20
  C:0050H         LINE#         21
  C:0052H         LINE#         22
  C:0052H         LINE#         23
  -------         ENDPROC       UART_ROUTINE
  -------         ENDMOD        MAIN

  -------         MODULE        UART
  C:0000H         SYMBOL        _ICE_DUMMY_
  D:0080H         PUBLIC        P0
  D:0090H         PUBLIC        P1
  D:00A0H         PUBLIC        P2
  D:00B0H         PUBLIC        P3
  D:00E8H         PUBLIC        P4
  B:00A8H.7       PUBLIC        EA
  D:00A8H         PUBLIC        IE
  B:00A8H.4       PUBLIC        ES
  D:00B8H         PUBLIC        IP
  B:0098H.1       PUBLIC        TI
  D:0099H         PUBLIC        SBUF
  D:0087H         PUBLIC        PCON
  D:0098H         PUBLIC        SCON
  C:0003H         PUBLIC        UartInit
  D:0089H         PUBLIC        TMOD
  D:0088H         PUBLIC        TCON
  C:008FH         PUBLIC        _UART_SendByte
  B:00A8H.3       PUBLIC        ET1
  D:008DH         PUBLIC        TH1
  D:008BH         PUBLIC        TL1
  B:0088H.6       PUBLIC        TR1
  D:00C8H         PUBLIC        T2CON
  D:00D0H         PUBLIC        PSW
  -------         PROC          UARTINIT
  C:0003H         LINE#         3
  C:0003H         LINE#         4
  C:0003H         LINE#         5
  C:0006H         LINE#         6
  C:0009H         LINE#         7
  C:000CH         LINE#         8
  C:000FH         LINE#         9
  C:0012H         LINE#         10
  C:0015H         LINE#         11
  C:0017H         LINE#         12
  C:0019H         LINE#         13
  C:001BH         LINE#         14
  C:001DH         LINE#         15
  -------         ENDPROC       UARTINIT
  -------         PROC          _UART_SENDBYTE
  D:0007H         SYMBOL        Byte
  C:008FH         LINE#         17
  C:008FH         LINE#         18
  C:008FH         LINE#         19
  C:0091H         LINE#         20
  C:0094H         LINE#         21
  C:0096H         LINE#         22
  -------         ENDPROC       _UART_SENDBYTE
  -------         ENDMOD        UART
BL51 BANKED LINKER/LOCATER V6.22                                                      09/20/2026  20:52:27  PAGE 4



*** WARNING L16: UNCALLED SEGMENT, IGNORED FOR OVERLAY PROCESS
    SEGMENT: ?PR?_DELAY?DELAY

Program Size: data=10.0 xdata=0 code=151
LINK/LOCATE RUN COMPLETE.  1 WARNING(S),  0 ERROR(S)
