BL51 BANKED LINKER/LOCATER V6.22                                                        09/15/2026  23:34:21  PAGE 1


BL51 BANKED LINKER/LOCATER V6.22, INVOKED BY:
D:\KEIL_V5\C51\BIN\BL51.EXE .\Objects\main.obj TO .\Objects\3-4 PRINT (.\Listings\3-4.m51) RAMSIZE (256)


MEMORY MODEL: SMALL


INPUT MODULES INCLUDED:
  .\Objects\main.obj (MAIN)
  D:\KEIL_V5\C51\LIB\C51S.LIB (?C_STARTUP)


LINK MAP OF MODULE:  .\Objects\3-4 (MAIN)


            TYPE    BASE      LENGTH    RELOCATION   SEGMENT NAME
            -----------------------------------------------------

            * * * * * * *   D A T A   M E M O R Y   * * * * * * *
            REG     0000H     0008H     ABSOLUTE     "REG BANK 0"
            DATA    0008H     0001H     UNIT         ?DT?MAIN
            IDATA   0009H     0001H     UNIT         ?STACK

            * * * * * * *   C O D E   M E M O R Y   * * * * * * *
            CODE    0000H     0003H     ABSOLUTE     
            CODE    0003H     0054H     UNIT         ?PR?MAIN?MAIN
            CODE    0057H     0019H     UNIT         ?PR?_DELAY1MS?MAIN
            CODE    0070H     000CH     UNIT         ?C_C51STARTUP



OVERLAY MAP OF MODULE:   .\Objects\3-4 (MAIN)


SEGMENT
  +--> CALLED SEGMENT
---------------------
?C_C51STARTUP
  +--> ?PR?MAIN?MAIN

?PR?MAIN?MAIN
  +--> ?PR?_DELAY1MS?MAIN



SYMBOL TABLE OF MODULE:  .\Objects\3-4 (MAIN)

  VALUE           TYPE          NAME
  ----------------------------------

  -------         MODULE        MAIN
  C:0000H         SYMBOL        _ICE_DUMMY_
  D:0080H         PUBLIC        P0
  D:0090H         PUBLIC        P1
  D:00A0H         PUBLIC        P2
  D:00B0H         PUBLIC        P3
  D:00E8H         PUBLIC        P4
  C:005BH         PUBLIC        _Delay1ms
BL51 BANKED LINKER/LOCATER V6.22                                                      09/15/2026  23:34:21  PAGE 2


  D:0008H         PUBLIC        LEDNum
  D:00A8H         PUBLIC        IE
  D:00B8H         PUBLIC        IP
  C:0003H         PUBLIC        main
  B:00B0H.0       PUBLIC        P30
  D:0098H         PUBLIC        SCON
  B:00B0H.1       PUBLIC        P31
  D:0088H         PUBLIC        TCON
  D:00C8H         PUBLIC        T2CON
  D:00D0H         PUBLIC        PSW
  C:0057H         SYMBOL        L?0027
  -------         PROC          L?0026
  -------         ENDPROC       L?0026
  C:0057H         SYMBOL        L?0027
  -------         PROC          _DELAY1MS
  D:0006H         SYMBOL        xms
  -------         DO            
  D:0005H         SYMBOL        i
  D:0004H         SYMBOL        j
  -------         ENDDO         
  C:005BH         LINE#         4
  C:005BH         LINE#         5
  C:005BH         LINE#         7
  C:005FH         LINE#         8
  C:0064H         LINE#         9
  C:0065H         LINE#         10
  C:0067H         LINE#         11
  C:0069H         LINE#         13
  C:0069H         LINE#         14
  C:006BH         LINE#         15
  C:006DH         LINE#         16
  C:006FH         LINE#         17
  -------         ENDPROC       _DELAY1MS
  -------         PROC          MAIN
  C:0003H         LINE#         21
  C:0003H         LINE#         22
  C:0003H         LINE#         23
  C:0006H         LINE#         25
  C:0006H         LINE#         26
  C:0006H         LINE#         27
  C:0009H         LINE#         28
  C:000CH         LINE#         29
  C:000FH         LINE#         30
  C:0012H         LINE#         31
  C:0014H         LINE#         32
  C:001BH         LINE#         33
  C:001EH         LINE#         34
  C:001EH         LINE#         35
  C:002EH         LINE#         36
  C:002EH         LINE#         37
  C:0031H         LINE#         38
  C:0034H         LINE#         39
  C:0037H         LINE#         40
  C:003AH         LINE#         41
  C:003EH         LINE#         42
  C:0041H         LINE#         43
  C:0043H         LINE#         44
BL51 BANKED LINKER/LOCATER V6.22                                                      09/15/2026  23:34:21  PAGE 3


  C:0043H         LINE#         45
  C:0045H         LINE#         46
  C:0045H         LINE#         47
  C:0055H         LINE#         48
  C:0055H         LINE#         49
  C:0055H         LINE#         50
  -------         ENDPROC       MAIN
  -------         ENDMOD        MAIN

Program Size: data=10.0 xdata=0 code=124
LINK/LOCATE RUN COMPLETE.  0 WARNING(S),  0 ERROR(S)
