C51 COMPILER V9.54   MAIN                                                                  09/15/2026 23:34:21 PAGE 1   


C51 COMPILER V9.54, COMPILATION OF MODULE MAIN
OBJECT MODULE PLACED IN .\Objects\main.obj
COMPILER INVOKED BY: D:\Keil_v5\C51\BIN\C51.EXE main.c OPTIMIZE(8,SPEED) BROWSE DEBUG OBJECTEXTEND PRINT(.\Listings\main
                    -.lst) TABS(2) OBJECT(.\Objects\main.obj)

line level    source

   1          #include <STC89C5xRC.H>
   2          #include <INTRINS.H>
   3          
   4          void Delay1ms(unsigned int xms)   //@11.0592MHz
   5          {
   6   1        unsigned char i, j;
   7   1        while(xms){
   8   2          xms--;
   9   2          _nop_();
  10   2          i = 2;
  11   2          j = 199;
  12   2          do
  13   2          {
  14   3            while (--j);
  15   3          } while (--i);
  16   2        }
  17   1      }
  18          
  19          unsigned char LEDNum;
  20          
  21          void main()
  22          {
  23   1        P2=~0x01;
  24   1        
  25   1        while(1){
  26   2          {
  27   3            if(P30==0){
  28   4              Delay1ms(20);
  29   4              while(P30==0);
  30   4              Delay1ms(20);
  31   4              LEDNum++;
  32   4              if(LEDNum>=8){
  33   5                LEDNum=0;
  34   5              }
  35   4              P2=~(0x01<<LEDNum);
  36   4            }
  37   3            if(P31==0){
  38   4              Delay1ms(20);
  39   4              while(P31==0);
  40   4              Delay1ms(20);
  41   4              if(LEDNum==0){
  42   5                LEDNum=7;
  43   5              }
  44   4              else{
  45   5                LEDNum--;
  46   5              }
  47   4              P2=~(0x01<<LEDNum);
  48   4            }
  49   3          }
  50   2        }
  51   1      }


MODULE INFORMATION:   STATIC OVERLAYABLE
C51 COMPILER V9.54   MAIN                                                                  09/15/2026 23:34:21 PAGE 2   

   CODE SIZE        =    109    ----
   CONSTANT SIZE    =   ----    ----
   XDATA SIZE       =   ----    ----
   PDATA SIZE       =   ----    ----
   DATA SIZE        =      1    ----
   IDATA SIZE       =   ----    ----
   BIT SIZE         =   ----    ----
END OF MODULE INFORMATION.


C51 COMPILATION COMPLETE.  0 WARNING(S),  0 ERROR(S)
