C51 COMPILER V9.54   DS1302                                                                09/22/2026 19:33:22 PAGE 1   


C51 COMPILER V9.54, COMPILATION OF MODULE DS1302
OBJECT MODULE PLACED IN .\Objects\DS1302.obj
COMPILER INVOKED BY: D:\Keil_v5\C51\BIN\C51.EXE DS1302.c OPTIMIZE(8,SPEED) BROWSE DEBUG OBJECTEXTEND PRINT(.\Listings\DS
                    -1302.lst) OBJECT(.\Objects\DS1302.obj)

line level    source

   1          #include <STC89C5xRC.H>
   2          
   3          #define DS1302_SEC              0x80
   4          #define DS1302_MIN              0x82
   5          #define DS1302_HOUR             0x84
   6          #define DS1302_DATE             0x86
   7          #define DS1302_MON              0x88
   8          #define DS1302_DAY              0x8A
   9          #define DS1302_YEAR             0x8C
  10          #define DS1302_WP               0x8E
  11          
  12          sbit DS1302_SCLK=P3^6;
  13          sbit DS1302_IO=P3^4;
  14          sbit DS1302_CE=P3^5;
  15          
  16          unsigned char DS1302_Time[]={19,11,16,12,59,55,6};
  17          
  18          void DS1302_Init()
  19          {
  20   1              DS1302_CE=0;
  21   1              DS1302_SCLK=0;
  22   1      }
  23          
  24          void DS1302_WriteByte(unsigned char Command,Data)
  25          {
  26   1              unsigned char i;
  27   1              DS1302_CE=1;
  28   1              for(i=0;i<8;i++){
  29   2                      DS1302_IO=(Command&0x01<<i);
  30   2                      DS1302_SCLK=1;
  31   2                      DS1302_SCLK=0;
  32   2              }
  33   1              for(i=0;i<8;i++){
  34   2                      DS1302_IO=(Data&0x01<<i);
  35   2                      DS1302_SCLK=1;
  36   2                      DS1302_SCLK=0;
  37   2              }
  38   1              DS1302_CE=0;
  39   1      }
  40          
  41          unsigned char DS1302_ReadByte(unsigned char Command)
  42          {
  43   1              unsigned char i,Data=0x00;
  44   1              Command|=0x01;
  45   1              DS1302_CE=1;
  46   1              for(i=0;i<8;i++){
  47   2                      DS1302_IO=(Command&0x01<<i);
  48   2                      DS1302_SCLK=0;
  49   2                      DS1302_SCLK=1;
  50   2              }
  51   1              for(i=0;i<8;i++){
  52   2                      DS1302_SCLK=1;
  53   2                      DS1302_SCLK=0;
  54   2                      if(DS1302_IO){Data|=(0x01<<i);}
C51 COMPILER V9.54   DS1302                                                                09/22/2026 19:33:22 PAGE 2   

  55   2              }
  56   1              DS1302_CE=0;
  57   1              DS1302_IO=0;
  58   1              return Data;
  59   1      }
  60          
  61          void DS1302_SetTime()
  62          {
  63   1              DS1302_WriteByte(DS1302_WP,0x00);
  64   1              DS1302_WriteByte(DS1302_YEAR,DS1302_Time[0]/10*16+DS1302_Time[0]%10);
  65   1              DS1302_WriteByte(DS1302_MON,DS1302_Time[1]/10*16+DS1302_Time[1]%10);
  66   1              DS1302_WriteByte(DS1302_DATE,DS1302_Time[2]/10*16+DS1302_Time[2]%10);
  67   1              DS1302_WriteByte(DS1302_HOUR,DS1302_Time[3]/10*16+DS1302_Time[3]%10);
  68   1              DS1302_WriteByte(DS1302_MIN,DS1302_Time[4]/10*16+DS1302_Time[4]%10);
  69   1              DS1302_WriteByte(DS1302_SEC,DS1302_Time[5]/10*16+DS1302_Time[5]%10);
  70   1              DS1302_WriteByte(DS1302_DAY,DS1302_Time[6]/10*16+DS1302_Time[6]%10);
  71   1              DS1302_WriteByte(DS1302_WP,0x80);
  72   1      }
  73          
  74          void DS1302_ReadTime()
  75          {
  76   1              unsigned char Temp;
  77   1              Temp=DS1302_ReadByte(DS1302_YEAR);
  78   1              DS1302_Time[0]=Temp/16*10+Temp%16;
  79   1              Temp=DS1302_ReadByte(DS1302_MON);
  80   1              DS1302_Time[1]=Temp/16*10+Temp%16;
  81   1              Temp=DS1302_ReadByte(DS1302_DATE);
  82   1              DS1302_Time[2]=Temp/16*10+Temp%16;
  83   1              Temp=DS1302_ReadByte(DS1302_HOUR);
  84   1              DS1302_Time[3]=Temp/16*10+Temp%16;
  85   1              Temp=DS1302_ReadByte(DS1302_MIN);
  86   1              DS1302_Time[4]=Temp/16*10+Temp%16;
  87   1              Temp=DS1302_ReadByte(DS1302_SEC);
  88   1              DS1302_Time[5]=Temp/16*10+Temp%16;
  89   1              Temp=DS1302_ReadByte(DS1302_DAY);
  90   1              DS1302_Time[6]=Temp/16*10+Temp%16;
  91   1      }


MODULE INFORMATION:   STATIC OVERLAYABLE
   CODE SIZE        =    551    ----
   CONSTANT SIZE    =   ----    ----
   XDATA SIZE       =   ----    ----
   PDATA SIZE       =   ----    ----
   DATA SIZE        =      7       2
   IDATA SIZE       =   ----    ----
   BIT SIZE         =   ----    ----
END OF MODULE INFORMATION.


C51 COMPILATION COMPLETE.  0 WARNING(S),  0 ERROR(S)
