C51 COMPILER V9.54   MAIN                                                                  10/10/2026 14:50:25 PAGE 1   


C51 COMPILER V9.54, COMPILATION OF MODULE MAIN
OBJECT MODULE PLACED IN .\Objects\main.obj
COMPILER INVOKED BY: D:\Keil_v5\C51\BIN\C51.EXE main.c OPTIMIZE(8,SPEED) BROWSE DEBUG OBJECTEXTEND PRINT(.\Listings\main
                    -.lst) OBJECT(.\Objects\main.obj)

line level    source

   1          #include <STC89C5xRC.H>
   2          #include "Delay.h"
   3          #include "Key.h"
   4          #include "Nixie.h"
   5          #include "Timer0.h"
   6          
   7          sbit Motor=P1^0;
   8          
   9          unsigned char Counter,Compare,KeyNum,Speed;
  10          
  11          void main()
  12          {
  13   1              Timer0_Init();
  14   1              while(1){
  15   2                      KeyNum=Key();
  16   2                      if(KeyNum==1){
  17   3                              Speed++;
  18   3                              Speed%=4;
  19   3                              if(Speed==0){Compare=0;}
  20   3                              if(Speed==1){Compare=50;}
  21   3                              if(Speed==2){Compare=75;}
  22   3                              if(Speed==3){Compare=100;}
  23   3                      }
  24   2                      Nixie(1,Speed);
  25   2              }
  26   1      }
  27          
  28          void Timer0_Routine() interrupt 1
  29          {
  30   1              TL0 = 0xA4;
  31   1              TH0 = 0xFF;
  32   1              Counter++;
  33   1              Counter%=100;
  34   1              if(Counter<Compare){
  35   2                      Motor=1;
  36   2              }
  37   1              else{
  38   2                      Motor=0;
  39   2              }
  40   1      }


MODULE INFORMATION:   STATIC OVERLAYABLE
   CODE SIZE        =    106    ----
   CONSTANT SIZE    =   ----    ----
   XDATA SIZE       =   ----    ----
   PDATA SIZE       =   ----    ----
   DATA SIZE        =      4    ----
   IDATA SIZE       =   ----    ----
   BIT SIZE         =   ----    ----
END OF MODULE INFORMATION.


C51 COMPILATION COMPLETE.  0 WARNING(S),  0 ERROR(S)
