C51 COMPILER V9.54   AT24C02                                                               09/24/2026 21:02:35 PAGE 1   


C51 COMPILER V9.54, COMPILATION OF MODULE AT24C02
OBJECT MODULE PLACED IN .\Objects\AT24C02.obj
COMPILER INVOKED BY: D:\Keil_v5\C51\BIN\C51.EXE AT24C02.c OPTIMIZE(8,SPEED) BROWSE DEBUG OBJECTEXTEND PRINT(.\Listings\A
                    -T24C02.lst) OBJECT(.\Objects\AT24C02.obj)

line level    source

   1          #include <STC89C5xRC.H>
   2          #include "I2C.h"
   3          
   4          #define AT24C02_ADDRESS         0xA0
   5          
   6          void AT24C02_WriteByte(unsigned char WordAddress,Data)
   7          {
   8   1              I2C_Start();
   9   1              I2C_SendByte(AT24C02_ADDRESS);
  10   1              I2C_ReceiveAck();
  11   1              I2C_SendByte(WordAddress);
  12   1              I2C_ReceiveAck();
  13   1              I2C_SendByte(Data);
  14   1              I2C_ReceiveAck();
  15   1              I2C_Stop();
  16   1      }
  17          
  18          unsigned char AT24C02_ReadByte(unsigned char WordAddress)
  19          {
  20   1              unsigned char Data;
  21   1              I2C_Start();
  22   1              I2C_SendByte(AT24C02_ADDRESS);
  23   1              I2C_ReceiveAck();
  24   1              I2C_SendByte(WordAddress);
  25   1              I2C_ReceiveAck();
  26   1              I2C_Start();
  27   1              I2C_SendByte(AT24C02_ADDRESS|0x01);
  28   1              I2C_ReceiveAck();
  29   1              Data=I2C_ReceiveByte();
  30   1              I2C_SendAck(1);
  31   1              I2C_Stop();
  32   1              return Data;
  33   1      }


MODULE INFORMATION:   STATIC OVERLAYABLE
   CODE SIZE        =     84    ----
   CONSTANT SIZE    =   ----    ----
   XDATA SIZE       =   ----    ----
   PDATA SIZE       =   ----    ----
   DATA SIZE        =   ----       5
   IDATA SIZE       =   ----    ----
   BIT SIZE         =   ----    ----
END OF MODULE INFORMATION.


C51 COMPILATION COMPLETE.  0 WARNING(S),  0 ERROR(S)
