C51 COMPILER V9.54   MAIN                                                                  09/24/2026 21:20:45 PAGE 1   


C51 COMPILER V9.54, COMPILATION OF MODULE MAIN
OBJECT MODULE PLACED IN .\Objects\main.obj
COMPILER INVOKED BY: D:\Keil_v5\C51\BIN\C51.EXE main.c OPTIMIZE(8,SPEED) BROWSE DEBUG OBJECTEXTEND PRINT(.\Listings\main
                    -.lst) OBJECT(.\Objects\main.obj)

line level    source

   1          #include <STC89C5xRC.H>
   2          #include "Delay.h"
   3          #include "Key.h"
   4          #include "LCD1602.h"
   5          #include "AT24C02.h"
   6          
   7          //unsigned char Data;
   8          unsigned char KeyNum;
   9          unsigned int Num;
  10          
  11          void main()
  12          {
  13   1              LCD_Init();
  14   1              LCD_ShowNum(1,1,Num,5);
  15   1              while(1){
  16   2                      KeyNum=Key();
  17   2                      if(KeyNum==1)
  18   2                      {
  19   3                              Num++;
  20   3                              LCD_ShowNum(1,1,Num,5);
  21   3                      }
  22   2                      if(KeyNum==2)
  23   2                      {
  24   3                              Num--;
  25   3                              LCD_ShowNum(1,1,Num,5);
  26   3                      }
  27   2                      if(KeyNum==3)
  28   2                      {
  29   3                              AT24C02_WriteByte(0,Num%256);
  30   3                              Delay(5);
  31   3                              AT24C02_WriteByte(1,Num/256);
  32   3                              Delay(5);
  33   3                              LCD_ShowString(2,1,"Write Ok");
  34   3                              Delay(1000);
  35   3                              LCD_ShowString(2,1,"        ");
  36   3                      }
  37   2                      if(KeyNum==4)
  38   2                      {
  39   3                              Num=AT24C02_ReadByte(0);
  40   3                              Num|=AT24C02_ReadByte(1)<<8;
  41   3                              LCD_ShowNum(1,1,Num,5);
  42   3                              LCD_ShowString(2,1,"Read Ok");
  43   3                              Delay(1000);
  44   3                              LCD_ShowString(2,1,"       ");
  45   3                      }       
  46   2              }
  47   1      }


MODULE INFORMATION:   STATIC OVERLAYABLE
   CODE SIZE        =    223    ----
   CONSTANT SIZE    =     34    ----
   XDATA SIZE       =   ----    ----
   PDATA SIZE       =   ----    ----
C51 COMPILER V9.54   MAIN                                                                  09/24/2026 21:20:45 PAGE 2   

   DATA SIZE        =      3    ----
   IDATA SIZE       =   ----    ----
   BIT SIZE         =   ----    ----
END OF MODULE INFORMATION.


C51 COMPILATION COMPLETE.  0 WARNING(S),  0 ERROR(S)
