BL51 BANKED LINKER/LOCATER V6.22                                                        09/20/2026  20:24:39  PAGE 1


BL51 BANKED LINKER/LOCATER V6.22, INVOKED BY:
D:\KEIL_V5\C51\BIN\BL51.EXE .\Objects\main.obj, .\Objects\Delay.obj, .\Objects\UART.obj TO .\Objects\8-1 PRINT (.\Listin
>> gs\8-1.m51) RAMSIZE (256)


MEMORY MODEL: SMALL


INPUT MODULES INCLUDED:
  .\Objects\main.obj (MAIN)
  .\Objects\Delay.obj (DELAY)
  .\Objects\UART.obj (UART)
  D:\KEIL_V5\C51\LIB\C51S.LIB (?C_STARTUP)


LINK MAP OF MODULE:  .\Objects\8-1 (MAIN)


            TYPE    BASE      LENGTH    RELOCATION   SEGMENT NAME
            -----------------------------------------------------

            * * * * * * *   D A T A   M E M O R Y   * * * * * * *
            REG     0000H     0008H     ABSOLUTE     "REG BANK 0"
            DATA    0008H     0001H     UNIT         ?DT?MAIN
            IDATA   0009H     0001H     UNIT         ?STACK

            * * * * * * *   C O D E   M E M O R Y   * * * * * * *
            CODE    0000H     0003H     ABSOLUTE     
            CODE    0003H     0017H     UNIT         ?PR?UARTINIT?UART
            CODE    001AH     0016H     UNIT         ?PR?_DELAY?DELAY
            CODE    0030H     0013H     UNIT         ?PR?MAIN?MAIN
            CODE    0043H     000CH     UNIT         ?C_C51STARTUP
            CODE    004FH     0008H     UNIT         ?PR?_UART_SENDBYTE?UART



OVERLAY MAP OF MODULE:   .\Objects\8-1 (MAIN)


SEGMENT
  +--> CALLED SEGMENT
---------------------
?C_C51STARTUP
  +--> ?PR?MAIN?MAIN

?PR?MAIN?MAIN
  +--> ?PR?UARTINIT?UART
  +--> ?PR?_UART_SENDBYTE?UART
  +--> ?PR?_DELAY?DELAY



SYMBOL TABLE OF MODULE:  .\Objects\8-1 (MAIN)

  VALUE           TYPE          NAME
  ----------------------------------

  -------         MODULE        MAIN
BL51 BANKED LINKER/LOCATER V6.22                                                      09/20/2026  20:24:39  PAGE 2


  C:0000H         SYMBOL        _ICE_DUMMY_
  D:0080H         PUBLIC        P0
  D:0090H         PUBLIC        P1
  D:00A0H         PUBLIC        P2
  D:00B0H         PUBLIC        P3
  D:00E8H         PUBLIC        P4
  D:00A8H         PUBLIC        IE
  D:00B8H         PUBLIC        IP
  D:0008H         PUBLIC        Sec
  C:0030H         PUBLIC        main
  D:0098H         PUBLIC        SCON
  D:0088H         PUBLIC        TCON
  D:00C8H         PUBLIC        T2CON
  D:00D0H         PUBLIC        PSW
  -------         PROC          MAIN
  C:0030H         LINE#         6
  C:0030H         LINE#         7
  C:0030H         LINE#         8
  C:0033H         LINE#         10
  C:0033H         LINE#         11
  C:0038H         LINE#         12
  C:003AH         LINE#         13
  C:0041H         LINE#         14
  -------         ENDPROC       MAIN
  -------         ENDMOD        MAIN

  -------         MODULE        DELAY
  C:0000H         SYMBOL        _ICE_DUMMY_
  C:001AH         PUBLIC        _Delay
  -------         PROC          _DELAY
  D:0006H         SYMBOL        xms
  -------         DO            
  D:0005H         SYMBOL        i
  D:0004H         SYMBOL        j
  -------         ENDDO         
  C:001AH         LINE#         3
  C:001AH         LINE#         4
  C:001AH         LINE#         6
  C:0024H         LINE#         7
  C:0025H         LINE#         8
  C:0027H         LINE#         9
  C:0029H         LINE#         11
  C:0029H         LINE#         12
  C:002BH         LINE#         13
  C:002DH         LINE#         14
  C:002FH         LINE#         15
  -------         ENDPROC       _DELAY
  -------         ENDMOD        DELAY

  -------         MODULE        UART
  C:0000H         SYMBOL        _ICE_DUMMY_
  D:0080H         PUBLIC        P0
  D:0090H         PUBLIC        P1
  D:00A0H         PUBLIC        P2
  D:00B0H         PUBLIC        P3
  D:00E8H         PUBLIC        P4
  D:00A8H         PUBLIC        IE
BL51 BANKED LINKER/LOCATER V6.22                                                      09/20/2026  20:24:39  PAGE 3


  D:00B8H         PUBLIC        IP
  B:0098H.1       PUBLIC        TI
  D:0099H         PUBLIC        SBUF
  D:0087H         PUBLIC        PCON
  D:0098H         PUBLIC        SCON
  C:0003H         PUBLIC        UartInit
  D:0089H         PUBLIC        TMOD
  D:0088H         PUBLIC        TCON
  C:004FH         PUBLIC        _UART_SendByte
  B:00A8H.3       PUBLIC        ET1
  D:008DH         PUBLIC        TH1
  D:008BH         PUBLIC        TL1
  B:0088H.6       PUBLIC        TR1
  D:00C8H         PUBLIC        T2CON
  D:00D0H         PUBLIC        PSW
  -------         PROC          UARTINIT
  C:0003H         LINE#         3
  C:0003H         LINE#         4
  C:0003H         LINE#         5
  C:0006H         LINE#         6
  C:0009H         LINE#         7
  C:000CH         LINE#         8
  C:000FH         LINE#         9
  C:0012H         LINE#         10
  C:0015H         LINE#         11
  C:0017H         LINE#         12
  C:0019H         LINE#         13
  -------         ENDPROC       UARTINIT
  -------         PROC          _UART_SENDBYTE
  D:0007H         SYMBOL        Byte
  C:004FH         LINE#         15
  C:004FH         LINE#         16
  C:004FH         LINE#         17
  C:0051H         LINE#         18
  C:0054H         LINE#         19
  C:0056H         LINE#         20
  -------         ENDPROC       _UART_SENDBYTE
  -------         ENDMOD        UART

Program Size: data=10.0 xdata=0 code=87
LINK/LOCATE RUN COMPLETE.  0 WARNING(S),  0 ERROR(S)
