C51 COMPILER V9.54   MAIN                                                                  10/10/2026 13:47:00 PAGE 1   


C51 COMPILER V9.54, COMPILATION OF MODULE MAIN
OBJECT MODULE PLACED IN .\Objects\main.obj
COMPILER INVOKED BY: D:\Keil_v5\C51\BIN\C51.EXE main.c OPTIMIZE(8,SPEED) BROWSE DEBUG OBJECTEXTEND PRINT(.\Listings\main
                    -.lst) OBJECT(.\Objects\main.obj)

line level    source

   1          #include <STC89C5xRC.H>
   2          
   3          sbit LED=P2^0;
   4          
   5          void Delay(unsigned int t)
   6          {
   7   1              
   8   1              while(t--);
   9   1      }
  10          
  11          void main()
  12          {
  13   1              unsigned char Time,i;
  14   1              while(1){
  15   2                      for(Time=0;Time<100;Time++){
  16   3                              for(i=0;i<20;i++){
  17   4                                      LED=0;
  18   4                                      Delay(Time);
  19   4                                      LED=1;
  20   4                                      Delay(100-Time);
  21   4                              }
  22   3                      }
  23   2                      for(Time=100;Time>0;Time--){
  24   3                              for(i=0;i<20;i++){
  25   4                                      LED=0;
  26   4                                      Delay(Time);
  27   4                                      LED=1;
  28   4                                      Delay(100-Time);
  29   4                              }
  30   3                      }
  31   2              }
  32   1      }


MODULE INFORMATION:   STATIC OVERLAYABLE
   CODE SIZE        =     68    ----
   CONSTANT SIZE    =   ----    ----
   XDATA SIZE       =   ----    ----
   PDATA SIZE       =   ----    ----
   DATA SIZE        =   ----    ----
   IDATA SIZE       =   ----    ----
   BIT SIZE         =   ----    ----
END OF MODULE INFORMATION.


C51 COMPILATION COMPLETE.  0 WARNING(S),  0 ERROR(S)
