C51 COMPILER V9.54   LCD1602                                                               10/09/2026 22:09:32 PAGE 1   


C51 COMPILER V9.54, COMPILATION OF MODULE LCD1602
OBJECT MODULE PLACED IN .\Objects\LCD1602.obj
COMPILER INVOKED BY: D:\Keil_v5\C51\BIN\C51.EXE LCD1602.c OPTIMIZE(8,SPEED) BROWSE DEBUG OBJECTEXTEND PRINT(.\Listings\L
                    -CD1602.lst) OBJECT(.\Objects\LCD1602.obj)

line level    source

   1          #include <STC89C5xRC.H>
   2          
   3          sbit LCD_RS=P2^6;
   4          sbit LCD_RW=P2^5;
   5          sbit LCD_E=P2^7;
   6          #define LCD_DataPort        P0
   7          
   8          void LCD_Delay()
   9          {
  10   1              unsigned char i, j;
  11   1              i = 2;
  12   1              j = 199;
  13   1              do
  14   1              {
  15   2                      while (--j);
  16   2              } while (--i);
  17   1      }
  18          
  19          void LCD_WriteCommand(unsigned char Command)
  20          {
  21   1          LCD_RS=0;
  22   1          LCD_RW=0;
  23   1          LCD_DataPort=Command;
  24   1          LCD_E=1;
  25   1          LCD_Delay();
  26   1          LCD_E=0;
  27   1          LCD_Delay();
  28   1      
  29   1      }
  30          
  31          void LCD_WriteData(unsigned char Data)
  32          {
  33   1          LCD_RS=1;
  34   1          LCD_RW=0;
  35   1          LCD_DataPort=Data;
  36   1          LCD_E=1;
  37   1          LCD_Delay();
  38   1          LCD_E=0;
  39   1          LCD_Delay();
  40   1      
  41   1      }
  42          
  43          void LCD_Init()
  44          {
  45   1          LCD_WriteCommand(0x38);
  46   1          LCD_WriteCommand(0x0C);
  47   1          LCD_WriteCommand(0x06);
  48   1          LCD_WriteCommand(0x01);
  49   1      }
  50          
  51          void LCD_SetCursor(unsigned char Line,unsigned char Column)
  52          {
  53   1          if(Line==1){
  54   2              LCD_WriteCommand(0x80|(Column-1));
C51 COMPILER V9.54   LCD1602                                                               10/09/2026 22:09:32 PAGE 2   

  55   2          }
  56   1          else{
  57   2              LCD_WriteCommand(0x80|(Column-1)+0x40);
  58   2          }
  59   1      }
  60          
  61          void LCD_ShowChar(unsigned char Line,unsigned char Column,unsigned char Char)
  62          {
  63   1          LCD_SetCursor(Line,Column);
  64   1          LCD_WriteData(Char);
  65   1      }
  66          
  67          void LCD_ShowString(unsigned char Line,unsigned char Column,unsigned char String[])
  68          {
  69   1          unsigned char i;
  70   1          LCD_SetCursor(Line,Column);
  71   1          for(i=0;String[i]!='\0';i++){
  72   2              LCD_WriteData(String[i]);
  73   2          }
  74   1      }
  75          
  76          int LCD_Pow(int X,int Y)
  77          {
  78   1          unsigned char i;
  79   1          int Result=1;
  80   1          for(i=0;i<Y;i++){
  81   2              Result*=X;
  82   2          }
  83   1          return Result;
  84   1      }
  85          
  86          void LCD_ShowNum(unsigned char Line,unsigned char Column,unsigned int Number,unsigned char Length)
  87          {
  88   1          unsigned char i;
  89   1          LCD_SetCursor(Line,Column);
  90   1          for(i=Length;i>0;i--){
  91   2              LCD_WriteData('0'+Number/LCD_Pow(10,i-1)%10); 
  92   2          }
  93   1      }
  94          
  95          void LCD_ShowSignNum(unsigned char Line,unsigned char Column,int Number,unsigned char Length)
  96          {
  97   1          unsigned char i;
  98   1          unsigned int Number1;
  99   1          LCD_SetCursor(Line,Column);
 100   1          if(Number>=0){
 101   2              LCD_WriteData('+');
 102   2              Number1=Number;
 103   2          }
 104   1          else{
 105   2              LCD_WriteData('-');
 106   2              Number1=-Number;
 107   2          }
 108   1          for(i=Length;i>0;i--){
 109   2              LCD_WriteData('0'+Number1/LCD_Pow(10,i-1)%10); 
 110   2          }
 111   1      }
 112          
 113          void LCD_ShowHexNum(unsigned char Line,unsigned char Column,unsigned int Number,unsigned char Length)
 114          {
 115   1          unsigned char i;
 116   1          unsigned char SingleNumber;
C51 COMPILER V9.54   LCD1602                                                               10/09/2026 22:09:32 PAGE 3   

 117   1          LCD_SetCursor(Line,Column);
 118   1          for(i=Length;i>0;i--){
 119   2              SingleNumber=Number/LCD_Pow(16,i-1)%16;
 120   2              if(SingleNumber<10){
 121   3                  LCD_WriteData('0'+SingleNumber);
 122   3              }
 123   2              else{
 124   3                  LCD_WriteData('A'+SingleNumber-10);
 125   3              }
 126   2          }
 127   1      }
 128          
 129          void LCD_ShowBinNum(unsigned char Line,unsigned char Column,unsigned int Number,unsigned char Length)
 130          {
 131   1          unsigned char i;
 132   1          LCD_SetCursor(Line,Column);
 133   1          for(i=Length;i>0;i--){
 134   2              LCD_WriteData('0'+Number/LCD_Pow(2,i-1)%2); 
 135   2          }
 136   1      }


MODULE INFORMATION:   STATIC OVERLAYABLE
   CODE SIZE        =    387    ----
   CONSTANT SIZE    =   ----    ----
   XDATA SIZE       =   ----    ----
   PDATA SIZE       =   ----    ----
   DATA SIZE        =   ----      29
   IDATA SIZE       =   ----    ----
   BIT SIZE         =   ----    ----
END OF MODULE INFORMATION.


C51 COMPILATION COMPLETE.  0 WARNING(S),  0 ERROR(S)
