BL51 BANKED LINKER/LOCATER V6.22                                                        09/22/2026  12:21:10  PAGE 1


BL51 BANKED LINKER/LOCATER V6.22, INVOKED BY:
D:\KEIL_V5\C51\BIN\BL51.EXE .\Objects\main.obj, .\Objects\Delay.obj, .\Objects\MatrixLED.obj TO .\Objects\9-2 PRINT (.\L
>> istings\9-2.m51) RAMSIZE (256)


MEMORY MODEL: SMALL


INPUT MODULES INCLUDED:
  .\Objects\main.obj (MAIN)
  .\Objects\Delay.obj (DELAY)
  .\Objects\MatrixLED.obj (MATRIXLED)
  D:\KEIL_V5\C51\LIB\C51S.LIB (?C_STARTUP)
  D:\KEIL_V5\C51\LIB\C51S.LIB (?C_INIT)


LINK MAP OF MODULE:  .\Objects\9-2 (MAIN)


            TYPE    BASE      LENGTH    RELOCATION   SEGMENT NAME
            -----------------------------------------------------

            * * * * * * *   D A T A   M E M O R Y   * * * * * * *
            REG     0000H     0008H     ABSOLUTE     "REG BANK 0"
            DATA    0008H     0030H     UNIT         ?DT?MAIN
            DATA    0038H     0003H     UNIT         _DATA_GROUP_
            IDATA   003BH     0001H     UNIT         ?STACK

            * * * * * * *   C O D E   M E M O R Y   * * * * * * *
            CODE    0000H     0003H     ABSOLUTE     
            CODE    0003H     008CH     UNIT         ?C_C51STARTUP
            CODE    008FH     003FH     UNIT         ?PR?MAIN?MAIN
            CODE    00CEH     0034H     UNIT         ?C_INITSEG
            CODE    0102H     002DH     UNIT         ?PR?__74HC595_WRITEBYTE?MATRIXLED
            CODE    012FH     0022H     UNIT         ?PR?_MATRIXLED_SHOWCOLUMN?MATRIXLED
            CODE    0151H     0016H     UNIT         ?PR?_DELAY?DELAY
            CODE    0167H     0005H     UNIT         ?PR?MATRIXLED_INIT?MATRIXLED



OVERLAY MAP OF MODULE:   .\Objects\9-2 (MAIN)


SEGMENT                                       DATA_GROUP 
  +--> CALLED SEGMENT                       START    LENGTH
-----------------------------------------------------------
?C_C51STARTUP                               -----    -----
  +--> ?PR?MAIN?MAIN
  +--> ?C_INITSEG

?PR?MAIN?MAIN                               0038H    0003H
  +--> ?PR?MATRIXLED_INIT?MATRIXLED
  +--> ?PR?_MATRIXLED_SHOWCOLUMN?MATRIXLED

?PR?_MATRIXLED_SHOWCOLUMN?MATRIXLED         -----    -----
  +--> ?PR?__74HC595_WRITEBYTE?MATRIXLED
  +--> ?PR?_DELAY?DELAY

BL51 BANKED LINKER/LOCATER V6.22                                                      09/22/2026  12:21:10  PAGE 2




SYMBOL TABLE OF MODULE:  .\Objects\9-2 (MAIN)

  VALUE           TYPE          NAME
  ----------------------------------

  -------         MODULE        MAIN
  C:0000H         SYMBOL        _ICE_DUMMY_
  D:0080H         PUBLIC        P0
  D:0090H         PUBLIC        P1
  D:00A0H         PUBLIC        P2
  D:00B0H         PUBLIC        P3
  D:00E8H         PUBLIC        P4
  D:00A8H         PUBLIC        IE
  D:00B8H         PUBLIC        IP
  D:0008H         PUBLIC        Animation
  C:008FH         PUBLIC        main
  D:0098H         PUBLIC        SCON
  D:0088H         PUBLIC        TCON
  D:00C8H         PUBLIC        T2CON
  D:00D0H         PUBLIC        PSW
  -------         PROC          MAIN
  -------         DO            
  D:0038H         SYMBOL        i
  D:0039H         SYMBOL        Offset
  D:003AH         SYMBOL        Count
  -------         ENDDO         
  C:008FH         LINE#         14
  C:008FH         LINE#         15
  C:008FH         LINE#         16
  C:0095H         LINE#         17
  C:0098H         LINE#         18
  C:0098H         LINE#         19
  C:009BH         LINE#         20
  C:00ABH         LINE#         21
  C:00B4H         LINE#         22
  C:00B6H         LINE#         23
  C:00BDH         LINE#         24
  C:00C0H         LINE#         25
  C:00C2H         LINE#         26
  C:00C9H         LINE#         27
  C:00CCH         LINE#         28
  C:00CCH         LINE#         29
  C:00CCH         LINE#         30
  -------         ENDPROC       MAIN
  -------         ENDMOD        MAIN

  -------         MODULE        DELAY
  C:0000H         SYMBOL        _ICE_DUMMY_
  C:0151H         PUBLIC        _Delay
  -------         PROC          _DELAY
  D:0006H         SYMBOL        xms
  -------         DO            
  D:0005H         SYMBOL        i
  D:0004H         SYMBOL        j
  -------         ENDDO         
BL51 BANKED LINKER/LOCATER V6.22                                                      09/22/2026  12:21:10  PAGE 3


  C:0151H         LINE#         3
  C:0151H         LINE#         4
  C:0151H         LINE#         6
  C:015BH         LINE#         7
  C:015CH         LINE#         8
  C:015EH         LINE#         9
  C:0160H         LINE#         11
  C:0160H         LINE#         12
  C:0162H         LINE#         13
  C:0164H         LINE#         14
  C:0166H         LINE#         15
  -------         ENDPROC       _DELAY
  -------         ENDMOD        DELAY

  -------         MODULE        MATRIXLED
  C:0000H         SYMBOL        _ICE_DUMMY_
  D:0080H         PUBLIC        P0
  C:0102H         PUBLIC        __74HC595_WriteByte
  D:0090H         PUBLIC        P1
  D:00A0H         PUBLIC        P2
  D:00B0H         PUBLIC        P3
  D:00E8H         PUBLIC        P4
  D:00A8H         PUBLIC        IE
  D:00B8H         PUBLIC        IP
  D:0098H         PUBLIC        SCON
  D:0088H         PUBLIC        TCON
  C:012FH         PUBLIC        _MatrixLED_ShowColumn
  C:0167H         PUBLIC        MatrixLED_Init
  B:00B0H.5       PUBLIC        RCK
  B:00B0H.6       PUBLIC        SCK
  D:00C8H         PUBLIC        T2CON
  B:00B0H.4       PUBLIC        SER
  D:00D0H         PUBLIC        PSW
  -------         PROC          __74HC595_WRITEBYTE
  D:0005H         SYMBOL        Byte
  -------         DO            
  D:0003H         SYMBOL        i
  -------         ENDDO         
  C:0102H         LINE#         10
  C:0104H         LINE#         11
  C:0104H         LINE#         13
  C:0106H         LINE#         14
  C:0122H         LINE#         15
  C:0124H         LINE#         16
  C:0126H         LINE#         17
  C:012AH         LINE#         18
  C:012CH         LINE#         19
  C:012EH         LINE#         20
  -------         ENDPROC       __74HC595_WRITEBYTE
  -------         PROC          MATRIXLED_INIT
  C:0167H         LINE#         22
  C:0167H         LINE#         23
  C:0167H         LINE#         24
  C:0169H         LINE#         25
  C:016BH         LINE#         26
  -------         ENDPROC       MATRIXLED_INIT
  -------         PROC          _MATRIXLED_SHOWCOLUMN
BL51 BANKED LINKER/LOCATER V6.22                                                      09/22/2026  12:21:10  PAGE 4


  D:0002H         SYMBOL        Column
  D:0004H         SYMBOL        Data
  C:012FH         LINE#         28
  C:0131H         LINE#         29
  C:0131H         LINE#         30
  C:0136H         LINE#         31
  C:0146H         LINE#         32
  C:014DH         LINE#         33
  C:0150H         LINE#         34
  -------         ENDPROC       _MATRIXLED_SHOWCOLUMN
  -------         ENDMOD        MATRIXLED

Program Size: data=60.0 xdata=0 code=364
LINK/LOCATE RUN COMPLETE.  0 WARNING(S),  0 ERROR(S)
