C51 COMPILER V9.54   MAIN                                                                  09/22/2026 12:21:10 PAGE 1   


C51 COMPILER V9.54, COMPILATION OF MODULE MAIN
OBJECT MODULE PLACED IN .\Objects\main.obj
COMPILER INVOKED BY: D:\Keil_v5\C51\BIN\C51.EXE main.c OPTIMIZE(8,SPEED) BROWSE DEBUG OBJECTEXTEND PRINT(.\Listings\main
                    -.lst) OBJECT(.\Objects\main.obj)

line level    source

   1          #include <STC89C5xRC.H>
   2          #include "Delay.h"
   3          #include "MatrixLED.h"
   4          
   5          unsigned char Animation[]={
   6                  0x00,0x00,0x00,0x00,0x00,0x00,0x00,0x00,
   7                  0xFF,0x08,0x08,0x08,0xFF,0x00,0x0E,0x15,
   8                  0x15,0x15,0x08,0x00,0x7E,0x01,0x02,0x00,
   9                  0x7E,0x01,0x02,0x00,0x0E,0x11,0x11,0x0E,
  10                  0x00,0x7D,0x00,0x00,0x00,0x00,0x00,0x00,
  11                  0x00,0x00,0x00,0x00,0x00,0x00,0x00,0x00,
  12          };
  13          
  14          void main()
  15          {
  16   1              unsigned char i,Offset=3,Count=0;
  17   1              MatrixLED_Init();
  18   1              while(1){
  19   2                      for(i=0;i<8;i++){
  20   3                              MatrixLED_ShowColumn(i,Animation[i+Offset]);
  21   3                      }
  22   2                      Count++;
  23   2                      if(Count>10){
  24   3                              Count=0;
  25   3                              Offset++;
  26   3                              if(Offset>40){
  27   4                                      Offset=0;
  28   4                              }
  29   3                      }
  30   2              }
  31   1      }


MODULE INFORMATION:   STATIC OVERLAYABLE
   CODE SIZE        =     63    ----
   CONSTANT SIZE    =   ----    ----
   XDATA SIZE       =   ----    ----
   PDATA SIZE       =   ----    ----
   DATA SIZE        =     48       3
   IDATA SIZE       =   ----    ----
   BIT SIZE         =   ----    ----
END OF MODULE INFORMATION.


C51 COMPILATION COMPLETE.  0 WARNING(S),  0 ERROR(S)
