C51 COMPILER V9.54   MATRIXLED                                                             09/21/2026 23:22:22 PAGE 1   


C51 COMPILER V9.54, COMPILATION OF MODULE MATRIXLED
OBJECT MODULE PLACED IN .\Objects\MatrixLED.obj
COMPILER INVOKED BY: D:\Keil_v5\C51\BIN\C51.EXE MatrixLED.c OPTIMIZE(8,SPEED) BROWSE DEBUG OBJECTEXTEND PRINT(.\Listings
                    -\MatrixLED.lst) OBJECT(.\Objects\MatrixLED.obj)

line level    source

   1          #include <STC89C5xRC.H>
   2          #include "Delay.h"
   3          
   4          sbit RCK=P3^5;
   5          sbit SCK=P3^6;
   6          sbit SER=P3^4;
   7          
   8          #define MATRIX_LED_PORT         P0
   9          
  10          void _74HC595_WriteByte(unsigned char Byte)
  11          {
  12   1              unsigned char i;
  13   1              for(i=0;i<8;i++){
  14   2                      SER=Byte&(0x80>>i);
  15   2                      SCK=1;
  16   2                      SCK=0;
  17   2              }
  18   1              RCK=1;
  19   1              RCK=0;
  20   1      }
  21          
  22          void MatrixLED_Init()
  23          {
  24   1              SCK=0;
  25   1              RCK=0;
  26   1      }
  27          
  28          void MatrixLED_ShowColumn(unsigned char Column,Data)
  29          {
  30   1              _74HC595_WriteByte(Data);
  31   1              MATRIX_LED_PORT=~(0x80>>Column);
  32   1              Delay(1);
  33   1              MATRIX_LED_PORT=0xff;
  34   1      }


MODULE INFORMATION:   STATIC OVERLAYABLE
   CODE SIZE        =     84    ----
   CONSTANT SIZE    =   ----    ----
   XDATA SIZE       =   ----    ----
   PDATA SIZE       =   ----    ----
   DATA SIZE        =   ----    ----
   IDATA SIZE       =   ----    ----
   BIT SIZE         =   ----    ----
END OF MODULE INFORMATION.


C51 COMPILATION COMPLETE.  0 WARNING(S),  0 ERROR(S)
