BL51 BANKED LINKER/LOCATER V6.22                                                        09/19/2026  17:05:40  PAGE 1


BL51 BANKED LINKER/LOCATER V6.22, INVOKED BY:
D:\KEIL_V5\C51\BIN\BL51.EXE .\Objects\main.obj, .\Objects\Delay.obj, .\Objects\LCD1602.obj, .\Objects\Timer0.obj TO .\Ob
>> jects\7-2 PRINT (.\Listings\7-2.m51) RAMSIZE (256) DISABLEWARNING (16)


MEMORY MODEL: SMALL


INPUT MODULES INCLUDED:
  .\Objects\main.obj (MAIN)
  .\Objects\Delay.obj (DELAY)
  .\Objects\LCD1602.obj (LCD1602)
  .\Objects\Timer0.obj (TIMER0)
  D:\KEIL_V5\C51\LIB\C51S.LIB (?C_STARTUP)
  D:\KEIL_V5\C51\LIB\C51S.LIB (?C?CLDOPTR)
  D:\KEIL_V5\C51\LIB\C51S.LIB (?C?IMUL)
  D:\KEIL_V5\C51\LIB\C51S.LIB (?C?UIDIV)


LINK MAP OF MODULE:  .\Objects\7-2 (MAIN)


            TYPE    BASE      LENGTH    RELOCATION   SEGMENT NAME
            -----------------------------------------------------

            * * * * * * *   D A T A   M E M O R Y   * * * * * * *
            REG     0000H     0008H     ABSOLUTE     "REG BANK 0"
            DATA    0008H     0009H     UNIT         _DATA_GROUP_
            DATA    0011H     0007H     UNIT         ?DT?_LCD_SHOWSIGNEDNUM?LCD1602
            DATA    0018H     0005H     UNIT         ?DT?MAIN
            DATA    001DH     0005H     UNIT         ?DT?_LCD_SHOWHEXNUM?LCD1602
            DATA    0022H     0005H     UNIT         ?DT?_LCD_SHOWBINNUM?LCD1602
            IDATA   0027H     0001H     UNIT         ?STACK

            * * * * * * *   C O D E   M E M O R Y   * * * * * * *
            CODE    0000H     0003H     ABSOLUTE     
                    0003H     0008H                  *** GAP ***
            CODE    000BH     0003H     ABSOLUTE     
            CODE    000EH     0094H     UNIT         ?C?LIB_CODE
            CODE    00A2H     004FH     UNIT         ?PR?MAIN?MAIN
            CODE    00F1H     0049H     UNIT         ?PR?TIMER0_ROUTINE?MAIN
            CODE    013AH     003AH     UNIT         ?PR?_LCD_SHOWSIGNEDNUM?LCD1602
            CODE    0174H     0039H     UNIT         ?PR?_LCD_SHOWHEXNUM?LCD1602
            CODE    01ADH     0038H     UNIT         ?PR?_LCD_SHOWBINNUM?LCD1602
            CODE    01E5H     0033H     UNIT         ?PR?_LCD_POW?LCD1602
            CODE    0218H     0023H     UNIT         ?PR?_LCD_SHOWSTRING?LCD1602
            CODE    023BH     001EH     UNIT         ?PR?_LCD_WRITEDATA?LCD1602
            CODE    0259H     001DH     UNIT         ?PR?_LCD_SHOWNUM?LCD1602
            CODE    0276H     0017H     UNIT         ?PR?TIMER0INIT?TIMER0
            CODE    028DH     0016H     UNIT         ?PR?_DELAY?DELAY
            CODE    02A3H     0016H     UNIT         ?PR?_LCD_SETCURSOR?LCD1602
            CODE    02B9H     0014H     UNIT         ?PR?LCD_INIT?LCD1602
            CODE    02CDH     000FH     UNIT         ?PR?LCD_DELAY?LCD1602
            CODE    02DCH     000EH     UNIT         ?CO?MAIN
            CODE    02EAH     000CH     UNIT         ?C_C51STARTUP
            CODE    02F6H     000AH     UNIT         ?PR?_LCD_WRITECOMMAND?LCD1602
            CODE    0300H     000AH     UNIT         ?PR?_LCD_SHOWCHAR?LCD1602

BL51 BANKED LINKER/LOCATER V6.22                                                      09/19/2026  17:05:40  PAGE 2




OVERLAY MAP OF MODULE:   .\Objects\7-2 (MAIN)


SEGMENT                                  DATA_GROUP 
  +--> CALLED SEGMENT                  START    LENGTH
------------------------------------------------------
?C_C51STARTUP                          -----    -----
  +--> ?PR?MAIN?MAIN

?PR?MAIN?MAIN                          -----    -----
  +--> ?PR?LCD_INIT?LCD1602
  +--> ?PR?TIMER0INIT?TIMER0
  +--> ?CO?MAIN
  +--> ?PR?_LCD_SHOWSTRING?LCD1602
  +--> ?PR?_LCD_SHOWNUM?LCD1602

?PR?LCD_INIT?LCD1602                   -----    -----
  +--> ?PR?_LCD_WRITECOMMAND?LCD1602

?PR?_LCD_WRITECOMMAND?LCD1602          -----    -----
  +--> ?PR?LCD_DELAY?LCD1602

?PR?_LCD_SHOWSTRING?LCD1602            0008H    0003H
  +--> ?PR?_LCD_SETCURSOR?LCD1602
  +--> ?PR?_LCD_WRITEDATA?LCD1602

?PR?_LCD_SETCURSOR?LCD1602             -----    -----
  +--> ?PR?_LCD_WRITECOMMAND?LCD1602

?PR?_LCD_WRITEDATA?LCD1602             -----    -----
  +--> ?PR?LCD_DELAY?LCD1602

?PR?_LCD_SHOWNUM?LCD1602               0008H    0005H
  +--> ?PR?_LCD_SETCURSOR?LCD1602
  +--> ?PR?_LCD_POW?LCD1602
  +--> ?PR?_LCD_WRITEDATA?LCD1602

?PR?_LCD_POW?LCD1602                   000DH    0004H



SYMBOL TABLE OF MODULE:  .\Objects\7-2 (MAIN)

  VALUE           TYPE          NAME
  ----------------------------------

  -------         MODULE        MAIN
  C:0000H         SYMBOL        _ICE_DUMMY_
  C:00F1H         PUBLIC        Timer0_Routine
  D:0080H         PUBLIC        P0
  D:0090H         PUBLIC        P1
  D:00A0H         PUBLIC        P2
  D:00B0H         PUBLIC        P3
  D:00E8H         PUBLIC        P4
  D:00A8H         PUBLIC        IE
BL51 BANKED LINKER/LOCATER V6.22                                                      09/19/2026  17:05:40  PAGE 3


  D:00B8H         PUBLIC        IP
  D:001AH         PUBLIC        Sec
  D:001BH         PUBLIC        Hour
  D:001CH         PUBLIC        Min
  C:00A2H         PUBLIC        main
  D:0098H         PUBLIC        SCON
  D:0088H         PUBLIC        TCON
  D:008CH         PUBLIC        TH0
  D:008AH         PUBLIC        TL0
  D:00C8H         PUBLIC        T2CON
  D:00D0H         PUBLIC        PSW
  -------         PROC          MAIN
  C:00A2H         LINE#         8
  C:00A2H         LINE#         9
  C:00A2H         LINE#         10
  C:00A5H         LINE#         11
  C:00A8H         LINE#         12
  C:00B5H         LINE#         13
  C:00C2H         LINE#         14
  C:00C2H         LINE#         15
  C:00D1H         LINE#         16
  C:00E0H         LINE#         17
  C:00EFH         LINE#         18
  -------         ENDPROC       MAIN
  -------         PROC          TIMER0_ROUTINE
  -------         DO            
  D:0018H         SYMBOL        T0Count
  -------         ENDDO         
  C:00F1H         LINE#         21
  C:00F5H         LINE#         24
  C:00F8H         LINE#         25
  C:00FBH         LINE#         26
  C:0103H         LINE#         27
  C:010CH         LINE#         28
  C:0112H         LINE#         29
  C:0114H         LINE#         30
  C:011FH         LINE#         31
  C:012BH         LINE#         32
  C:0135H         LINE#         33
  C:0135H         LINE#         34
  -------         ENDPROC       TIMER0_ROUTINE
  -------         ENDMOD        MAIN

  -------         MODULE        DELAY
  C:0000H         SYMBOL        _ICE_DUMMY_
  C:028DH         PUBLIC        _Delay
  -------         PROC          _DELAY
  D:0006H         SYMBOL        xms
  -------         DO            
  D:0005H         SYMBOL        i
  D:0004H         SYMBOL        j
  -------         ENDDO         
  C:028DH         LINE#         3
  C:028DH         LINE#         4
  C:028DH         LINE#         6
  C:0297H         LINE#         7
  C:0298H         LINE#         8
BL51 BANKED LINKER/LOCATER V6.22                                                      09/19/2026  17:05:40  PAGE 4


  C:029AH         LINE#         9
  C:029CH         LINE#         11
  C:029CH         LINE#         12
  C:029EH         LINE#         13
  C:02A0H         LINE#         14
  C:02A2H         LINE#         15
  -------         ENDPROC       _DELAY
  -------         ENDMOD        DELAY

  -------         MODULE        LCD1602
  C:0000H         SYMBOL        _ICE_DUMMY_
  D:0080H         PUBLIC        P0
  D:0090H         PUBLIC        P1
  D:00A0H         PUBLIC        P2
  D:00B0H         PUBLIC        P3
  D:00E8H         PUBLIC        P4
  C:02F6H         PUBLIC        _LCD_WriteCommand
  C:0259H         PUBLIC        _LCD_ShowNum
  D:00A8H         PUBLIC        IE
  D:00B8H         PUBLIC        IP
  C:01ADH         PUBLIC        _LCD_ShowBinNum
  C:02D3H         PUBLIC        LCD_Delay
  C:0174H         PUBLIC        _LCD_ShowHexNum
  D:0098H         PUBLIC        SCON
  D:0088H         PUBLIC        TCON
  C:024FH         PUBLIC        _LCD_WriteData
  B:00A0H.7       PUBLIC        LCD_EN
  C:02B9H         PUBLIC        LCD_Init
  C:0218H         PUBLIC        _LCD_ShowString
  C:0300H         PUBLIC        _LCD_ShowChar
  B:00A0H.6       PUBLIC        LCD_RS
  B:00A0H.5       PUBLIC        LCD_RW
  C:02A3H         PUBLIC        _LCD_SetCursor
  D:00C8H         PUBLIC        T2CON
  C:013AH         PUBLIC        _LCD_ShowSignedNum
  C:01F1H         PUBLIC        _LCD_Pow
  D:00D0H         PUBLIC        PSW
  -------         PROC          L?0048
  -------         ENDPROC       L?0048
  -------         PROC          LCD_DELAY
  -------         DO            
  D:0007H         SYMBOL        i
  D:0006H         SYMBOL        j
  -------         ENDDO         
  C:02D3H         LINE#         15
  C:02D3H         LINE#         16
  C:02D3H         LINE#         19
  C:02D5H         LINE#         20
  C:02D7H         LINE#         22
  C:02D7H         LINE#         23
  C:02D9H         LINE#         24
  C:02DBH         LINE#         25
  -------         ENDPROC       LCD_DELAY
  -------         PROC          _LCD_WRITECOMMAND
  D:0007H         SYMBOL        Command
  C:02F6H         LINE#         32
  C:02F6H         LINE#         33
BL51 BANKED LINKER/LOCATER V6.22                                                      09/19/2026  17:05:40  PAGE 5


  C:02F6H         LINE#         34
  C:02F8H         LINE#         35
  C:02F8H         LINE#         36
  C:02F8H         LINE#         37
  C:02F8H         LINE#         38
  C:02FBH         LINE#         39
  C:02FDH         LINE#         40
  -------         ENDPROC       _LCD_WRITECOMMAND
  -------         PROC          L?0047
  -------         ENDPROC       L?0047
  -------         PROC          _LCD_WRITEDATA
  D:0007H         SYMBOL        Data
  C:024FH         LINE#         48
  C:024FH         LINE#         49
  C:024FH         LINE#         50
  C:0251H         LINE#         51
  C:0251H         LINE#         52
  C:0251H         LINE#         53
  C:0251H         LINE#         54
  C:0254H         LINE#         55
  C:0256H         LINE#         56
  -------         ENDPROC       _LCD_WRITEDATA
  -------         PROC          _LCD_SETCURSOR
  D:0006H         SYMBOL        Line
  D:0005H         SYMBOL        Column
  C:02A3H         LINE#         65
  C:02A5H         LINE#         66
  C:02A5H         LINE#         67
  C:02A8H         LINE#         68
  C:02A8H         LINE#         69
  C:02AAH         LINE#         70
  C:02ACH         LINE#         71
  C:02AFH         LINE#         72
  C:02AFH         LINE#         73
  C:02B8H         LINE#         74
  C:02B8H         LINE#         75
  -------         ENDPROC       _LCD_SETCURSOR
  -------         PROC          LCD_INIT
  C:02B9H         LINE#         82
  C:02B9H         LINE#         83
  C:02B9H         LINE#         84
  C:02BEH         LINE#         85
  C:02C3H         LINE#         86
  C:02C8H         LINE#         87
  -------         ENDPROC       LCD_INIT
  -------         PROC          _LCD_SHOWCHAR
  D:0006H         SYMBOL        Line
  D:0005H         SYMBOL        Column
  D:0004H         SYMBOL        Char
  C:0300H         LINE#         97
  C:0302H         LINE#         98
  C:0302H         LINE#         99
  C:0305H         LINE#         100
  -------         ENDPROC       _LCD_SHOWCHAR
  -------         PROC          _LCD_SHOWSTRING
  D:0007H         SYMBOL        Line
  D:0005H         SYMBOL        Column
BL51 BANKED LINKER/LOCATER V6.22                                                      09/19/2026  17:05:40  PAGE 6


  D:0008H         SYMBOL        String
  -------         DO            
  D:0005H         SYMBOL        i
  -------         ENDDO         
  C:0218H         LINE#         110
  C:021EH         LINE#         111
  C:021EH         LINE#         113
  C:0221H         LINE#         114
  C:0234H         LINE#         115
  C:0234H         LINE#         116
  C:0237H         LINE#         117
  C:023AH         LINE#         118
  -------         ENDPROC       _LCD_SHOWSTRING
  C:01E7H         SYMBOL        L?0046
  -------         PROC          L?0045
  -------         ENDPROC       L?0045
  C:01E7H         SYMBOL        L?0046
  -------         PROC          _LCD_POW
  D:000DH         SYMBOL        X
  D:000FH         SYMBOL        Y
  -------         DO            
  D:0003H         SYMBOL        i
  D:0006H         SYMBOL        Result
  -------         ENDDO         
  C:01F1H         LINE#         123
  C:01F9H         LINE#         124
  C:01F9H         LINE#         126
  C:01FDH         LINE#         127
  C:020DH         LINE#         128
  C:020DH         LINE#         129
  C:0214H         LINE#         130
  C:0217H         LINE#         131
  C:0217H         LINE#         132
  -------         ENDPROC       _LCD_POW
  -------         PROC          _LCD_SHOWNUM
  D:0007H         SYMBOL        Line
  D:0005H         SYMBOL        Column
  D:000AH         SYMBOL        Number
  D:000CH         SYMBOL        Length
  -------         DO            
  D:0002H         SYMBOL        i
  -------         ENDDO         
  C:0259H         LINE#         142
  C:025DH         LINE#         143
  C:025DH         LINE#         145
  C:0260H         LINE#         146
  C:0268H         LINE#         147
  C:0268H         LINE#         148
  C:0272H         LINE#         149
  C:0275H         LINE#         150
  -------         ENDPROC       _LCD_SHOWNUM
  -------         PROC          _LCD_SHOWSIGNEDNUM
  D:0007H         SYMBOL        Line
  D:0005H         SYMBOL        Column
  D:0002H         SYMBOL        Number
  D:0015H         SYMBOL        Length
  -------         DO            
BL51 BANKED LINKER/LOCATER V6.22                                                      09/19/2026  17:05:40  PAGE 7


  D:0002H         SYMBOL        i
  D:0016H         SYMBOL        Number1
  -------         ENDDO         
  C:013AH         LINE#         160
  C:013AH         LINE#         161
  C:013AH         LINE#         164
  C:013DH         LINE#         165
  C:0145H         LINE#         166
  C:0145H         LINE#         167
  C:014AH         LINE#         168
  C:014EH         LINE#         169
  C:0150H         LINE#         171
  C:0150H         LINE#         172
  C:0155H         LINE#         173
  C:015EH         LINE#         174
  C:015EH         LINE#         175
  C:0166H         LINE#         176
  C:0166H         LINE#         177
  C:0170H         LINE#         178
  C:0173H         LINE#         179
  -------         ENDPROC       _LCD_SHOWSIGNEDNUM
  -------         PROC          _LCD_SHOWHEXNUM
  D:0007H         SYMBOL        Line
  D:0005H         SYMBOL        Column
  D:001FH         SYMBOL        Number
  D:0021H         SYMBOL        Length
  -------         DO            
  D:0002H         SYMBOL        i
  D:0006H         SYMBOL        SingleNumber
  -------         ENDDO         
  C:0174H         LINE#         189
  C:0178H         LINE#         190
  C:0178H         LINE#         192
  C:017BH         LINE#         193
  C:0183H         LINE#         194
  C:0183H         LINE#         195
  C:0199H         LINE#         196
  C:019FH         LINE#         197
  C:019FH         LINE#         198
  C:01A1H         LINE#         199
  C:01A3H         LINE#         201
  C:01A3H         LINE#         202
  C:01A9H         LINE#         203
  C:01A9H         LINE#         204
  C:01ACH         LINE#         205
  -------         ENDPROC       _LCD_SHOWHEXNUM
  -------         PROC          _LCD_SHOWBINNUM
  D:0007H         SYMBOL        Line
  D:0005H         SYMBOL        Column
  D:0024H         SYMBOL        Number
  D:0026H         SYMBOL        Length
  -------         DO            
  D:0002H         SYMBOL        i
  -------         ENDDO         
  C:01ADH         LINE#         215
  C:01B1H         LINE#         216
  C:01B1H         LINE#         218
BL51 BANKED LINKER/LOCATER V6.22                                                      09/19/2026  17:05:40  PAGE 8


  C:01B4H         LINE#         219
  C:01BCH         LINE#         220
  C:01BCH         LINE#         221
  C:01E1H         LINE#         222
  C:01E4H         LINE#         223
  -------         ENDPROC       _LCD_SHOWBINNUM
  -------         ENDMOD        LCD1602

  -------         MODULE        TIMER0
  C:0000H         SYMBOL        _ICE_DUMMY_
  D:0080H         PUBLIC        P0
  D:0090H         PUBLIC        P1
  D:00A0H         PUBLIC        P2
  D:00B0H         PUBLIC        P3
  D:00E8H         PUBLIC        P4
  B:00A8H.7       PUBLIC        EA
  D:00A8H         PUBLIC        IE
  D:00B8H         PUBLIC        IP
  D:0098H         PUBLIC        SCON
  D:0089H         PUBLIC        TMOD
  D:0088H         PUBLIC        TCON
  B:00A8H.1       PUBLIC        ET0
  B:0088H.5       PUBLIC        TF0
  C:0276H         PUBLIC        Timer0Init
  D:008CH         PUBLIC        TH0
  D:008AH         PUBLIC        TL0
  B:00B8H.1       PUBLIC        PT0
  B:0088H.4       PUBLIC        TR0
  D:00C8H         PUBLIC        T2CON
  D:00D0H         PUBLIC        PSW
  -------         PROC          TIMER0INIT
  C:0276H         LINE#         3
  C:0276H         LINE#         4
  C:0276H         LINE#         5
  C:0279H         LINE#         6
  C:027CH         LINE#         7
  C:027FH         LINE#         8
  C:0282H         LINE#         9
  C:0284H         LINE#         10
  C:0286H         LINE#         11
  C:0288H         LINE#         12
  C:028AH         LINE#         13
  C:028CH         LINE#         14
  -------         ENDPROC       TIMER0INIT
  -------         ENDMOD        TIMER0

  -------         MODULE        ?C?CLDOPTR
  C:000EH         PUBLIC        ?C?CLDOPTR
  -------         ENDMOD        ?C?CLDOPTR

  -------         MODULE        ?C?IMUL
  C:003BH         PUBLIC        ?C?IMUL
  -------         ENDMOD        ?C?IMUL

  -------         MODULE        ?C?UIDIV
  C:004DH         PUBLIC        ?C?UIDIV
  -------         ENDMOD        ?C?UIDIV
BL51 BANKED LINKER/LOCATER V6.22                                                      09/19/2026  17:05:40  PAGE 9



Program Size: data=40.0 xdata=0 code=770
LINK/LOCATE RUN COMPLETE.  0 WARNING(S),  0 ERROR(S)
