C51 COMPILER V9.54   MAIN                                                                  09/19/2026 17:05:40 PAGE 1   


C51 COMPILER V9.54, COMPILATION OF MODULE MAIN
OBJECT MODULE PLACED IN .\Objects\main.obj
COMPILER INVOKED BY: D:\Keil_v5\C51\BIN\C51.EXE main.c OPTIMIZE(8,SPEED) BROWSE DEBUG OBJECTEXTEND PRINT(.\Listings\main
                    -.lst) OBJECT(.\Objects\main.obj)

line level    source

   1          #include <STC89C5xRC.H>
   2          #include "Delay.h"
   3          #include "LCD1602.h"
   4          #include "Timer0.h"
   5          
   6          unsigned char Sec,Min,Hour;
   7          
   8          void main()
   9          {
  10   1              LCD_Init();
  11   1              Timer0Init();
  12   1              LCD_ShowString(1,1,"Clock:");
  13   1              LCD_ShowString(2,1,"  :  :");
  14   1              while(1){
  15   2                      LCD_ShowNum(2,1,Hour,2);
  16   2                      LCD_ShowNum(2,4,Min,2);
  17   2                      LCD_ShowNum(2,7,Sec,2);
  18   2              }
  19   1      }
  20          
  21          void Timer0_Routine() interrupt 1
  22          {
  23   1              static unsigned int T0Count;
  24   1              TL0 = 0x66;
  25   1              TH0 = 0xFC;
  26   1              T0Count++;
  27   1              if(T0Count>=1000){
  28   2                      T0Count=0;
  29   2                      Sec++;
  30   2                      if(Sec>=60){Sec=0;Min++;}
  31   2                      if(Min>=60){Min=0;Hour++;}
  32   2                      if(Hour>=24)Hour=0;
  33   2              }
  34   1      }


MODULE INFORMATION:   STATIC OVERLAYABLE
   CODE SIZE        =    152    ----
   CONSTANT SIZE    =     14    ----
   XDATA SIZE       =   ----    ----
   PDATA SIZE       =   ----    ----
   DATA SIZE        =      5    ----
   IDATA SIZE       =   ----    ----
   BIT SIZE         =   ----    ----
END OF MODULE INFORMATION.


C51 COMPILATION COMPLETE.  0 WARNING(S),  0 ERROR(S)
