C51 COMPILER V9.54   MAIN                                                                  10/08/2026 13:29:18 PAGE 1   


C51 COMPILER V9.54, COMPILATION OF MODULE MAIN
OBJECT MODULE PLACED IN .\Objects\main.obj
COMPILER INVOKED BY: D:\Keil_v5\C51\BIN\C51.EXE main.c OPTIMIZE(8,SPEED) BROWSE DEBUG OBJECTEXTEND PRINT(.\Listings\main
                    -.lst) OBJECT(.\Objects\main.obj)

line level    source

   1          #include <STC89C5xRC.H>
   2          #include "LCD1602.h"
   3          #include "DS18B20.h"
   4          #include "Delay.h"
   5          
   6          float T;
   7          
   8          void main()
   9          {
  10   1              DS18B20_ConvertT();
  11   1              Delay(1000);
  12   1              LCD_Init();
  13   1              LCD_ShowString(1,1,"Temperature:");
  14   1              while(1){
  15   2                      DS18B20_ConvertT();
  16   2                      T=DS18B20_ReadT();
  17   2                      if(T<0){
  18   3                              LCD_ShowChar(2,1,'-');
  19   3                              T=-T;
  20   3                      }
  21   2                      else{
  22   3                              LCD_ShowChar(2,1,'+');
  23   3                      };
  24   2                      LCD_ShowNum(2,2,T,3);
  25   2                      LCD_ShowChar(2,5,'.');
  26   2                      LCD_ShowNum(2,6,(unsigned long)(T*10000)%10000,4);
  27   2              }
  28   1      }


MODULE INFORMATION:   STATIC OVERLAYABLE
   CODE SIZE        =    176    ----
   CONSTANT SIZE    =     13    ----
   XDATA SIZE       =   ----    ----
   PDATA SIZE       =   ----    ----
   DATA SIZE        =      4    ----
   IDATA SIZE       =   ----    ----
   BIT SIZE         =   ----    ----
END OF MODULE INFORMATION.


C51 COMPILATION COMPLETE.  0 WARNING(S),  0 ERROR(S)
