C51 COMPILER V9.54   ONEWIRE                                                               10/08/2026 13:23:32 PAGE 1   


C51 COMPILER V9.54, COMPILATION OF MODULE ONEWIRE
OBJECT MODULE PLACED IN .\Objects\OneWire.obj
COMPILER INVOKED BY: D:\Keil_v5\C51\BIN\C51.EXE OneWire.c OPTIMIZE(8,SPEED) BROWSE DEBUG OBJECTEXTEND PRINT(.\Listings\O
                    -neWire.lst) OBJECT(.\Objects\OneWire.obj)

line level    source

   1          #include <STC89C5xRC.H>
   2          
   3          sbit OneWire_DQ=P3^7;
   4          
   5          unsigned char OneWire_Init()
   6          {
   7   1              unsigned char i;
   8   1              unsigned char AckBit;
   9   1              OneWire_DQ=1;
  10   1              OneWire_DQ=0;
  11   1              i = 227;while (--i);
  12   1              OneWire_DQ=1;
  13   1              i = 29;while (--i);
  14   1              AckBit=OneWire_DQ;
  15   1              i = 227;while (--i);
  16   1              return OneWire_DQ;
  17   1      }
  18          
  19          void OneWire_SendBit(unsigned char Bit)
  20          {
  21   1              unsigned char i;
  22   1              OneWire_DQ=0;
  23   1              i = 3;while (--i);
  24   1              OneWire_DQ=Bit;
  25   1              i = 22;while (--i);
  26   1              OneWire_DQ=1;
  27   1      }
  28          
  29          unsigned char OneWire_ReciveBit()
  30          {
  31   1              unsigned char i;
  32   1              unsigned char Bit;
  33   1              OneWire_DQ=0;
  34   1              i = 2;while (--i);
  35   1              OneWire_DQ=1;
  36   1              i = 2;while (--i);
  37   1              Bit=OneWire_DQ;
  38   1              i = 20;while (--i);
  39   1              return Bit;
  40   1      }
  41          
  42          void OneWire_SendByte(unsigned char Byte)
  43          {
  44   1              unsigned char i;
  45   1              for(i=0;i<8;i++){
  46   2                      OneWire_SendBit(Byte&(0x01<<i));
  47   2              }
  48   1      }
  49          
  50          unsigned char OneWire_ReciveByte()
  51          {
  52   1              unsigned char i;
  53   1              unsigned char Byte=0x00;
  54   1              for(i=0;i<8;i++){
C51 COMPILER V9.54   ONEWIRE                                                               10/08/2026 13:23:32 PAGE 2   

  55   2                      if(OneWire_ReciveBit()){Byte|=(0x01<<i);}
  56   2              }
  57   1              return Byte;
  58   1      }


MODULE INFORMATION:   STATIC OVERLAYABLE
   CODE SIZE        =    126    ----
   CONSTANT SIZE    =   ----    ----
   XDATA SIZE       =   ----    ----
   PDATA SIZE       =   ----    ----
   DATA SIZE        =   ----       1
   IDATA SIZE       =   ----    ----
   BIT SIZE         =   ----    ----
END OF MODULE INFORMATION.


C51 COMPILATION COMPLETE.  0 WARNING(S),  0 ERROR(S)
